<html>
<body>
<pre>
<h1>µVision Build Log</h1>
<h2>Tool Versions:</h2>
IDE-Version: µVision V5.25.2.0
Copyright (C) 2018 ARM Ltd and ARM Germany GmbH. All rights reserved.
License Information: Tristan Knox, Student, LIC=----
 
Tool Versions:
Toolchain:       MDK-Lite  Version: 5.25.2.0
Toolchain Path:  C:\Keil\ARM\ARMCC\Bin
C Compiler:      Armcc.exe V5.06 update 6 (build 750)
Assembler:       Armasm.exe V5.06 update 6 (build 750)
Linker/Locator:  ArmLink.exe V5.06 update 6 (build 750)
Library Manager: ArmAr.exe V5.06 update 6 (build 750)
Hex Converter:   FromElf.exe V5.06 update 6 (build 750)
CPU DLL:         SARMCM3.DLL V5.25.2.0
Dialog DLL:      DCM.DLL V1.17.1.0
Target DLL:      STLink\ST-LINKIII-KEIL_SWO.dll V3.0.1.0
Dialog DLL:      TCM.DLL V1.35.1.0
 
<h2>Project:</h2>
C:\Users\ThinkPad41\Documents\School\Swen563\ServoRTOS\Project3_Starter\MDK-ARM\Project3_Starter.uvprojx
Project File Date:  11/11/2019

<h2>Output:</h2>
*** Using Compiler 'V5.06 update 6 (build 750)', folder: 'C:\Keil\ARM\ARMCC\Bin'
Build target 'Project3_Starter'
compiling freertos.c...
compiling led_task.c...
compiling main.c...
../Src/main.c(157): warning:  #177-D: variable "servo1_queue"  was declared but never referenced
  	QueueHandle_t servo1_queue;
../Src/main.c(158): warning:  #177-D: variable "servo2_queue"  was declared but never referenced
  	QueueHandle_t servo2_queue;
../Src/main.c(163): warning:  #177-D: variable "recipe1"  was declared but never referenced
  	unsigned char recipe1[] = { LOOP + 2,MOV+ 5,MOV+0, END_LOOP,WAIT+ 5, LOOP + 5,MOV+5, WAIT+2,MOV+3,END_LOOP, RECIPE_END } ;
../Src/main.c(164): warning:  #177-D: variable "recipe2"  was declared but never referenced
  	unsigned char recipe2[] = { MOV | 5,WAIT+31,WAIT+31,WAIT+31,MOV+0, RECIPE_END, MOV + 5 } ;
../Src/main.c(166): warning:  #177-D: variable "recipe_loop_error"  was declared but never referenced
  	unsigned char recipe_loop_error[] = { LOOP + 2,MOV+ 5,MOV+0, LOOP+2,MOV+3,END_LOOP, END_LOOP, RECIPE_END } ;
../Src/main.c(167): warning:  #177-D: variable "recipe_error"  was declared but never referenced
  	unsigned char recipe_error[] = {MOV+0,MOV+5,5,MOV+0,RECIPE_END};
../Src/main.c: 6 warnings, 0 errors
compiling croutine.c...
compiling event_groups.c...
compiling list.c...
compiling queue.c...
compiling stream_buffer.c...
compiling tasks.c...
compiling timers.c...
compiling cmsis_os.c...
compiling heap_4.c...
compiling port.c...
compiling Servo_Task.c...
compiling stm32l4xx_it.c...
linking...
Program Size: Code=20356 RO-data=552 RW-data=108 ZI-data=67180  
FromELF: creating hex file...
"Project3_Starter\Project3_Starter.axf" - 0 Error(s), 6 Warning(s).

<h2>Software Packages used:</h2>

Package Vendor: ARM
                http://www.keil.com/pack/ARM.CMSIS.5.3.0.pack
                ARM.CMSIS.5.3.0
                CMSIS (Cortex Microcontroller Software Interface Standard)
   * Component: CORE Version: 5.1.1

Package Vendor: Keil
                http://www.keil.com/pack/Keil.STM32L4xx_DFP.2.2.0.pack
                Keil.STM32L4xx_DFP.2.2.0
                STMicroelectronics STM32L4 Series Device Support, Drivers and Examples

<h2>Collection of Component include folders:</h2>
  .\RTE\_Project3_Starter
  C:\Keil\ARM\PACK\ARM\CMSIS\5.3.0\CMSIS\Include
  C:\Keil\ARM\PACK\Keil\STM32L4xx_DFP\2.2.0\Drivers\CMSIS\Device\ST\STM32L4xx\Include

<h2>Collection of Component Files used:</h2>

   * Component: ARM::CMSIS:CORE:5.1.1
Build Time Elapsed:  00:00:23
</pre>
</body>
</html>
