Component: ARM Compiler 5.06 update 6 (build 750) Tool: armlink [4d35ed]

==============================================================================

Section Cross References

    startup_stm32l476xx.o(RESET) refers to startup_stm32l476xx.o(STACK) for __initial_sp
    startup_stm32l476xx.o(RESET) refers to startup_stm32l476xx.o(.text) for Reset_Handler
    startup_stm32l476xx.o(RESET) refers to stm32l4xx_it.o(i.NMI_Handler) for NMI_Handler
    startup_stm32l476xx.o(RESET) refers to stm32l4xx_it.o(i.HardFault_Handler) for HardFault_Handler
    startup_stm32l476xx.o(RESET) refers to stm32l4xx_it.o(i.MemManage_Handler) for MemManage_Handler
    startup_stm32l476xx.o(RESET) refers to stm32l4xx_it.o(i.BusFault_Handler) for BusFault_Handler
    startup_stm32l476xx.o(RESET) refers to stm32l4xx_it.o(i.UsageFault_Handler) for UsageFault_Handler
    startup_stm32l476xx.o(RESET) refers to port.o(.emb_text) for SVC_Handler
    startup_stm32l476xx.o(RESET) refers to stm32l4xx_it.o(i.DebugMon_Handler) for DebugMon_Handler
    startup_stm32l476xx.o(RESET) refers to port.o(i.SysTick_Handler) for SysTick_Handler
    startup_stm32l476xx.o(RESET) refers to stm32l4xx_it.o(i.TIM1_UP_TIM16_IRQHandler) for TIM1_UP_TIM16_IRQHandler
    startup_stm32l476xx.o(.text) refers to system_stm32l4xx.o(i.SystemInit) for SystemInit
    startup_stm32l476xx.o(.text) refers to entry.o(.ARM.Collect$$$$00000000) for __main
    led_task.o(i.led_task) refers to led_task.o(i.led_toggle) for led_toggle
    led_task.o(i.led_task) refers to stm32l4xx_hal_rng.o(i.HAL_RNG_GenerateRandomNumber) for HAL_RNG_GenerateRandomNumber
    led_task.o(i.led_task) refers to usart.o(i.USART_Printf) for USART_Printf
    led_task.o(i.led_task) refers to tasks.o(i.vTaskDelay) for vTaskDelay
    led_task.o(i.led_task) refers to rng.o(.bss) for hrng
    led_task.o(i.led_task_init) refers to strncpy.o(.text) for strncpy
    led_task.o(i.led_task_init) refers to tasks.o(i.xTaskCreate) for xTaskCreate
    led_task.o(i.led_task_init) refers to led_task.o(.bss) for led_parpams
    led_task.o(i.led_task_init) refers to led_task.o(i.led_task) for led_task
    led_task.o(i.led_toggle) refers to stm32l4xx_hal_gpio.o(i.HAL_GPIO_TogglePin) for HAL_GPIO_TogglePin
    main.o(i.HAL_TIM_PeriodElapsedCallback) refers to stm32l4xx_hal.o(i.HAL_IncTick) for HAL_IncTick
    main.o(i.SystemClock_Config) refers to memseta.o(.text) for __aeabi_memclr4
    main.o(i.SystemClock_Config) refers to stm32l4xx_hal_rcc.o(i.HAL_RCC_OscConfig) for HAL_RCC_OscConfig
    main.o(i.SystemClock_Config) refers to main.o(i.Error_Handler) for Error_Handler
    main.o(i.SystemClock_Config) refers to stm32l4xx_hal_rcc.o(i.HAL_RCC_ClockConfig) for HAL_RCC_ClockConfig
    main.o(i.SystemClock_Config) refers to stm32l4xx_hal_rcc_ex.o(i.HAL_RCCEx_PeriphCLKConfig) for HAL_RCCEx_PeriphCLKConfig
    main.o(i.SystemClock_Config) refers to stm32l4xx_hal_pwr_ex.o(i.HAL_PWREx_ControlVoltageScaling) for HAL_PWREx_ControlVoltageScaling
    main.o(i.main) refers to stm32l4xx_hal.o(i.HAL_Init) for HAL_Init
    main.o(i.main) refers to main.o(i.SystemClock_Config) for SystemClock_Config
    main.o(i.main) refers to gpio.o(i.MX_GPIO_Init) for MX_GPIO_Init
    main.o(i.main) refers to rng.o(i.MX_RNG_Init) for MX_RNG_Init
    main.o(i.main) refers to usart.o(i.MX_USART2_UART_Init) for MX_USART2_UART_Init
    main.o(i.main) refers to customer_creation_manager.o(i.init_customer_creation_manager) for init_customer_creation_manager
    main.o(i.main) refers to bank.o(i.init_bank) for init_bank
    main.o(i.main) refers to memseta.o(.text) for __aeabi_memclr4
    main.o(i.main) refers to printfa.o(i.__0snprintf) for __2snprintf
    main.o(i.main) refers to bank_teller.o(i.bank_teller_init) for bank_teller_init
    main.o(i.main) refers to usart.o(i.USART_Printf) for USART_Printf
    main.o(i.main) refers to freertos.o(i.MX_FREERTOS_Init) for MX_FREERTOS_Init
    main.o(i.main) refers to cmsis_os.o(i.osKernelStart) for osKernelStart
    main.o(i.main) refers to bank.o(.data) for TELLERS_IN_BANK
    gpio.o(i.MX_GPIO_Init) refers to memseta.o(.text) for __aeabi_memclr4
    gpio.o(i.MX_GPIO_Init) refers to stm32l4xx_hal_gpio.o(i.HAL_GPIO_WritePin) for HAL_GPIO_WritePin
    gpio.o(i.MX_GPIO_Init) refers to stm32l4xx_hal_gpio.o(i.HAL_GPIO_Init) for HAL_GPIO_Init
    freertos.o(i.MX_FREERTOS_Init) refers to memcpya.o(.text) for __aeabi_memcpy4
    freertos.o(i.MX_FREERTOS_Init) refers to cmsis_os.o(i.osThreadCreate) for osThreadCreate
    freertos.o(i.MX_FREERTOS_Init) refers to freertos.o(.constdata) for .constdata
    freertos.o(i.MX_FREERTOS_Init) refers to freertos.o(.data) for defaultTaskHandle
    freertos.o(i.StartDefaultTask) refers to cmsis_os.o(i.osDelay) for osDelay
    freertos.o(.constdata) refers to freertos.o(.conststring) for .conststring
    freertos.o(.constdata) refers to freertos.o(i.StartDefaultTask) for StartDefaultTask
    rng.o(i.MX_RNG_Init) refers to stm32l4xx_hal_rng.o(i.HAL_RNG_Init) for HAL_RNG_Init
[...]
    ..\Src\gpio.c                            0x00000000   Number         0  gpio.o ABSOLUTE
    ..\Src\led_task.c                        0x00000000   Number         0  led_task.o ABSOLUTE
    ..\Src\main.c                            0x00000000   Number         0  main.o ABSOLUTE
    ..\Src\rng.c                             0x00000000   Number         0  rng.o ABSOLUTE
    ..\Src\stm32l4xx_hal_msp.c               0x00000000   Number         0  stm32l4xx_hal_msp.o ABSOLUTE
    ..\Src\stm32l4xx_hal_timebase_tim.c      0x00000000   Number         0  stm32l4xx_hal_timebase_tim.o ABSOLUTE
    ..\Src\stm32l4xx_it.c                    0x00000000   Number         0  stm32l4xx_it.o ABSOLUTE
    ..\Src\system_stm32l4xx.c                0x00000000   Number         0  system_stm32l4xx.o ABSOLUTE
    ..\Src\usart.c                           0x00000000   Number         0  usart.o ABSOLUTE
    ..\\Src\\Bank.c                          0x00000000   Number         0  bank.o ABSOLUTE
    ..\\Src\\bank_teller.c                   0x00000000   Number         0  bank_teller.o ABSOLUTE
    ..\\Src\\customer_creation_manager.c     0x00000000   Number         0  customer_creation_manager.o ABSOLUTE
    ..\\Src\\led_task.c                      0x00000000   Number         0  led_task.o ABSOLUTE
    cdrcmple.s                               0x00000000   Number         0  cdrcmple.o ABSOLUTE
    dc.s                                     0x00000000   Number         0  dc.o ABSOLUTE
    handlers.s                               0x00000000   Number         0  handlers.o ABSOLUTE
    init.s                                   0x00000000   Number         0  init.o ABSOLUTE
    startup_stm32l476xx.s                    0x00000000   Number         0  startup_stm32l476xx.o ABSOLUTE
    RESET                                    0x08000000   Section      392  startup_stm32l476xx.o(RESET)
    .ARM.Collect$$$$00000000                 0x08000188   Section        0  entry.o(.ARM.Collect$$$$00000000)
    .ARM.Collect$$$$00000001                 0x08000188   Section        4  entry2.o(.ARM.Collect$$$$00000001)
    .ARM.Collect$$$$00000004                 0x0800018c   Section        4  entry5.o(.ARM.Collect$$$$00000004)
    .ARM.Collect$$$$00000008                 0x08000190   Section        0  entry7b.o(.ARM.Collect$$$$00000008)
    .ARM.Collect$$$$0000000A                 0x08000190   Section        0  entry8b.o(.ARM.Collect$$$$0000000A)
    .ARM.Collect$$$$0000000B                 0x08000190   Section        8  entry9a.o(.ARM.Collect$$$$0000000B)
    .ARM.Collect$$$$0000000D                 0x08000198   Section        0  entry10a.o(.ARM.Collect$$$$0000000D)
    .ARM.Collect$$$$0000000F                 0x08000198   Section        0  entry11a.o(.ARM.Collect$$$$0000000F)
    .ARM.Collect$$$$00002712                 0x08000198   Section        4  entry2.o(.ARM.Collect$$$$00002712)
    __lit__00000000                          0x08000198   Data           4  entry2.o(.ARM.Collect$$$$00002712)
    .emb_text                                0x0800019c   Section      190  port.o(.emb_text)
    $v0                                      0x0800019c   Number         0  port.o(.emb_text)
    .text                                    0x0800027c   Section       36  startup_stm32l476xx.o(.text)
    $v0                                      0x0800027c   Number         0  startup_stm32l476xx.o(.text)
    .text                                    0x080002a0   Section        0  uldiv.o(.text)
    .text                                    0x08000308   Section        0  memcpya.o(.text)
    .text                                    0x0800032c   Section        0  memseta.o(.text)
    .text                                    0x08000350   Section        0  strncpy.o(.text)
    .text                                    0x08000368   Section        0  strlen.o(.text)
    .text                                    0x08000376   Section        0  f2d.o(.text)
    .text                                    0x0800039c   Section        0  uidiv.o(.text)
    .text                                    0x080003c8   Section        0  llshl.o(.text)
    .text                                    0x080003e6   Section        0  llushr.o(.text)
    .text                                    0x08000406   Section        0  dadd.o(.text)
    .text                                    0x08000406   Section        0  iusefp.o(.text)
    .text                                    0x08000564   Section        0  dmul.o(.text)
    .text                                    0x0800064e   Section        0  ddiv.o(.text)
    .text                                    0x0800072c   Section        0  dfixul.o(.text)
    .text                                    0x0800075c   Section       48  cdrcmple.o(.text)
    .text                                    0x0800078c   Section       36  init.o(.text)
    .text                                    0x080007b0   Section        0  llsshr.o(.text)
    .text                                    0x080007d4   Section        0  depilogue.o(.text)
    i.BusFault_Handler                       0x0800088e   Section        0  stm32l4xx_it.o(i.BusFault_Handler)
    i.DebugMon_Handler                       0x08000892   Section        0  stm32l4xx_it.o(i.DebugMon_Handler)
    i.Error_Handler                          0x08000894   Section        0  main.o(i.Error_Handler)
    i.HAL_GPIO_Init                          0x08000898   Section        0  stm32l4xx_hal_gpio.o(i.HAL_GPIO_Init)
    i.HAL_GPIO_WritePin                      0x08000a9c   Section        0  stm32l4xx_hal_gpio.o(i.HAL_GPIO_WritePin)
    i.HAL_GetTick                            0x08000aa8   Section        0  stm32l4xx_hal.o(i.HAL_GetTick)
    i.HAL_IncTick                            0x08000ab4   Section        0  stm32l4xx_hal.o(i.HAL_IncTick)
    i.HAL_Init                               0x08000ac4   Section        0  stm32l4xx_hal.o(i.HAL_Init)
    i.HAL_InitTick                           0x08000ae4   Section        0  stm32l4xx_hal_timebase_tim.o(i.HAL_InitTick)
    i.HAL_MspInit                            0x08000b6c   Section        0  stm32l4xx_hal_msp.o(i.HAL_MspInit)
    i.HAL_NVIC_EnableIRQ                     0x08000bb4   Section        0  stm32l4xx_hal_cortex.o(i.HAL_NVIC_EnableIRQ)
    i.HAL_NVIC_SetPriority                   0x08000bce   Section        0  stm32l4xx_hal_cortex.o(i.HAL_NVIC_SetPriority)
    i.HAL_NVIC_SetPriorityGrouping           0x08000c50   Section        0  stm32l4xx_hal_cortex.o(i.HAL_NVIC_SetPriorityGrouping)
    i.HAL_PWREx_ControlVoltageScaling        0x08000c78   Section        0  stm32l4xx_hal_pwr_ex.o(i.HAL_PWREx_ControlVoltageScaling)
    i.HAL_PWREx_GetVoltageRange              0x08000d04   Section        0  stm32l4xx_hal_pwr_ex.o(i.HAL_PWREx_GetVoltageRange)
    i.HAL_RCCEx_PeriphCLKConfig              0x08000d14   Section        0  stm32l4xx_hal_rcc_ex.o(i.HAL_RCCEx_PeriphCLKConfig)
    i.HAL_RCC_ClockConfig                    0x080011e8   Section        0  stm32l4xx_hal_rcc.o(i.HAL_RCC_ClockConfig)
    i.HAL_RCC_GetClockConfig                 0x08001360   Section        0  stm32l4xx_hal_rcc.o(i.HAL_RCC_GetClockConfig)
    i.HAL_RCC_GetHCLKFreq                    0x080013a4   Section        0  stm32l4xx_hal_rcc.o(i.HAL_RCC_GetHCLKFreq)
    i.HAL_RCC_GetPCLK1Freq                   0x080013b0   Section        0  stm32l4xx_hal_rcc.o(i.HAL_RCC_GetPCLK1Freq)
    i.HAL_RCC_GetPCLK2Freq                   0x080013d4   Section        0  stm32l4xx_hal_rcc.o(i.HAL_RCC_GetPCLK2Freq)
    i.HAL_RCC_GetSysClockFreq                0x080013f8   Section        0  stm32l4xx_hal_rcc.o(i.HAL_RCC_GetSysClockFreq)
    i.HAL_RCC_OscConfig                      0x08001514   Section        0  stm32l4xx_hal_rcc.o(i.HAL_RCC_OscConfig)
    i.HAL_RNG_GenerateRandomNumber           0x08001b20   Section        0  stm32l4xx_hal_rng.o(i.HAL_RNG_GenerateRandomNumber)
    i.HAL_RNG_Init                           0x08001b96   Section        0  stm32l4xx_hal_rng.o(i.HAL_RNG_Init)
    i.HAL_RNG_MspInit                        0x08001bcc   Section        0  rng.o(i.HAL_RNG_MspInit)
    i.HAL_TIMEx_Break2Callback               0x08001bfc   Section        0  stm32l4xx_hal_tim_ex.o(i.HAL_TIMEx_Break2Callback)
    i.HAL_TIMEx_BreakCallback                0x08001bfe   Section        0  stm32l4xx_hal_tim_ex.o(i.HAL_TIMEx_BreakCallback)
    i.HAL_TIMEx_CommutationCallback          0x08001c00   Section        0  stm32l4xx_hal_tim_ex.o(i.HAL_TIMEx_CommutationCallback)
    i.HAL_TIM_Base_Init                      0x08001c02   Section        0  stm32l4xx_hal_tim.o(i.HAL_TIM_Base_Init)
    i.HAL_TIM_Base_MspInit                   0x08001c36   Section        0  stm32l4xx_hal_tim.o(i.HAL_TIM_Base_MspInit)
    i.HAL_TIM_Base_Start_IT                  0x08001c38   Section        0  stm32l4xx_hal_tim.o(i.HAL_TIM_Base_Start_IT)
    i.HAL_TIM_IC_CaptureCallback             0x08001c7c   Section        0  stm32l4xx_hal_tim.o(i.HAL_TIM_IC_CaptureCallback)
    i.HAL_TIM_IRQHandler                     0x08001c7e   Section        0  stm32l4xx_hal_tim.o(i.HAL_TIM_IRQHandler)
    i.HAL_TIM_OC_DelayElapsedCallback        0x08001e36   Section        0  stm32l4xx_hal_tim.o(i.HAL_TIM_OC_DelayElapsedCallback)
    i.HAL_TIM_PWM_PulseFinishedCallback      0x08001e38   Section        0  stm32l4xx_hal_tim.o(i.HAL_TIM_PWM_PulseFinishedCallback)
    i.HAL_TIM_PeriodElapsedCallback          0x08001e3c   Section        0  main.o(i.HAL_TIM_PeriodElapsedCallback)
    i.HAL_TIM_TriggerCallback                0x08001e54   Section        0  stm32l4xx_hal_tim.o(i.HAL_TIM_TriggerCallback)
    i.HAL_UART_Init                          0x08001e56   Section        0  stm32l4xx_hal_uart.o(i.HAL_UART_Init)
    i.HAL_UART_MspInit                       0x08001ed0   Section        0  usart.o(i.HAL_UART_MspInit)
    i.HAL_UART_Transmit                      0x08001f48   Section        0  stm32l4xx_hal_uart.o(i.HAL_UART_Transmit)
    i.HardFault_Handler                      0x08002010   Section        0  stm32l4xx_it.o(i.HardFault_Handler)
    i.MX_FREERTOS_Init                       0x08002014   Section        0  freertos.o(i.MX_FREERTOS_Init)
    i.MX_GPIO_Init                           0x0800203c   Section        0  gpio.o(i.MX_GPIO_Init)
    i.MX_RNG_Init                            0x080020f0   Section        0  rng.o(i.MX_RNG_Init)
    i.MX_USART2_UART_Init                    0x08002110   Section        0  usart.o(i.MX_USART2_UART_Init)
    i.MemManage_Handler                      0x08002150   Section        0  stm32l4xx_it.o(i.MemManage_Handler)
    i.NMI_Handler                            0x08002154   Section        0  stm32l4xx_it.o(i.NMI_Handler)
    i.NVIC_GetPriorityGrouping               0x08002158   Section        0  stm32l4xx_hal_cortex.o(i.NVIC_GetPriorityGrouping)
    NVIC_GetPriorityGrouping                 0x08002159   Thumb Code    10  stm32l4xx_hal_cortex.o(i.NVIC_GetPriorityGrouping)
    i.NVIC_SetPriority                       0x08002168   Section        0  stm32l4xx_hal_cortex.o(i.NVIC_SetPriority)
    NVIC_SetPriority                         0x08002169   Thumb Code    32  stm32l4xx_hal_cortex.o(i.NVIC_SetPriority)
    i.RCCEx_PLLSAI1_Config                   0x08002190   Section        0  stm32l4xx_hal_rcc_ex.o(i.RCCEx_PLLSAI1_Config)
    RCCEx_PLLSAI1_Config                     0x08002191   Thumb Code   378  stm32l4xx_hal_rcc_ex.o(i.RCCEx_PLLSAI1_Config)
    i.RCCEx_PLLSAI2_Config                   0x0800231c   Section        0  stm32l4xx_hal_rcc_ex.o(i.RCCEx_PLLSAI2_Config)
    RCCEx_PLLSAI2_Config                     0x0800231d   Thumb Code   342  stm32l4xx_hal_rcc_ex.o(i.RCCEx_PLLSAI2_Config)
    i.RCC_SetFlashLatencyFromMSIRange        0x08002480   Section        0  stm32l4xx_hal_rcc.o(i.RCC_SetFlashLatencyFromMSIRange)
    RCC_SetFlashLatencyFromMSIRange          0x08002481   Thumb Code   148  stm32l4xx_hal_rcc.o(i.RCC_SetFlashLatencyFromMSIRange)
    i.StartDefaultTask                       0x0800251c   Section        0  freertos.o(i.StartDefaultTask)
    i.SysTick_Handler                        0x08002528   Section        0  port.o(i.SysTick_Handler)
    i.SystemClock_Config                     0x0800255c   Section        0  main.o(i.SystemClock_Config)
    i.SystemInit                             0x08002614   Section        0  system_stm32l4xx.o(i.SystemInit)
    i.TIM1_UP_TIM16_IRQHandler               0x08002664   Section        0  stm32l4xx_it.o(i.TIM1_UP_TIM16_IRQHandler)
    i.TIM_Base_SetConfig                     0x08002674   Section        0  stm32l4xx_hal_tim.o(i.TIM_Base_SetConfig)
    i.UART_AdvFeatureConfig                  0x08002740   Section        0  stm32l4xx_hal_uart.o(i.UART_AdvFeatureConfig)
    i.UART_CheckIdleState                    0x08002838   Section        0  stm32l4xx_hal_uart.o(i.UART_CheckIdleState)
    i.UART_SetConfig                         0x080028ac   Section        0  stm32l4xx_hal_uart.o(i.UART_SetConfig)
    i.UART_WaitOnFlagUntilTimeout            0x08002d3e   Section        0  stm32l4xx_hal_uart.o(i.UART_WaitOnFlagUntilTimeout)
    i.USART_Printf                           0x08002dac   Section        0  usart.o(i.USART_Printf)
    i.UsageFault_Handler                     0x08002de8   Section        0  stm32l4xx_it.o(i.UsageFault_Handler)
    i.__0snprintf                            0x08002dec   Section        0  printfa.o(i.__0snprintf)
    i.__0vsnprintf                           0x08002e1c   Section        0  printfa.o(i.__0vsnprintf)
    i.__scatterload_copy                     0x08002e48   Section       14  handlers.o(i.__scatterload_copy)
    i.__scatterload_null                     0x08002e56   Section        2  handlers.o(i.__scatterload_null)
    i.__scatterload_zeroinit                 0x08002e58   Section       14  handlers.o(i.__scatterload_zeroinit)
    i._fp_digits                             0x08002e68   Section        0  printfa.o(i._fp_digits)
    _fp_digits                               0x08002e69   Thumb Code   366  printfa.o(i._fp_digits)
    i._printf_core                           0x08002ff4   Section        0  printfa.o(i._printf_core)
    _printf_core                             0x08002ff5   Thumb Code  1744  printfa.o(i._printf_core)
    i._printf_post_padding                   0x080036d6   Section        0  printfa.o(i._printf_post_padding)
    _printf_post_padding                     0x080036d7   Thumb Code    36  printfa.o(i._printf_post_padding)
    i._printf_pre_padding                    0x080036fa   Section        0  printfa.o(i._printf_pre_padding)
    _printf_pre_padding                      0x080036fb   Thumb Code    46  printfa.o(i._printf_pre_padding)
    i._snputc                                0x08003728   Section        0  printfa.o(i._snputc)
    _snputc                                  0x08003729   Thumb Code    22  printfa.o(i._snputc)
    i.avg_cust_wait_time                     0x08003740   Section        0  bank.o(i.avg_cust_wait_time)
    i.avg_teller_wait                        0x0800379c   Section        0  bank.o(i.avg_teller_wait)
    i.avg_time_with_teller                   0x080037e8   Section        0  bank.o(i.avg_time_with_teller)
    i.bank_run_task                          0x08003834   Section        0  bank.o(i.bank_run_task)
    i.bank_teller_init                       0x08003a94   Section        0  bank_teller.o(i.bank_teller_init)
    i.bank_teller_task                       0x08003ae8   Section        0  bank_teller.o(i.bank_teller_task)
    i.close_bank                             0x08003bf8   Section        0  bank.o(i.close_bank)
    i.create_customer                        0x08003c04   Section        0  customer_creation_manager.o(i.create_customer)
    i.display_stats                          0x08003c5c   Section        0  bank.o(i.display_stats)
    i.get_wait_time                          0x08003e74   Section        0  customer_creation_manager.o(i.get_wait_time)
    i.init_bank                              0x08003e98   Section        0  bank.o(i.init_bank)
    i.init_bank_stats                        0x08003fe8   Section        0  bank.o(i.init_bank_stats)
    i.init_customer_creation_manager         0x0800400c   Section        0  customer_creation_manager.o(i.init_customer_creation_manager)
    i.main                                   0x08004078   Section        0  main.o(i.main)
    i.makeFreeRtosPriority                   0x08004120   Section        0  cmsis_os.o(i.makeFreeRtosPriority)
    makeFreeRtosPriority                     0x08004121   Thumb Code    14  cmsis_os.o(i.makeFreeRtosPriority)
    i.max_cust_wiat_time                     0x08004130   Section        0  bank.o(i.max_cust_wiat_time)
    i.max_teller_wait_time                   0x08004164   Section        0  bank.o(i.max_teller_wait_time)
    i.max_transaction_time                   0x08004198   Section        0  bank.o(i.max_transaction_time)
    i.osDelay                                0x080041cc   Section        0  cmsis_os.o(i.osDelay)
    i.osKernelStart                          0x080041e4   Section        0  cmsis_os.o(i.osKernelStart)
    i.osThreadCreate                         0x080041ee   Section        0  cmsis_os.o(i.osThreadCreate)
    i.prvAddCurrentTaskToDelayedList         0x08004220   Section        0  tasks.o(i.prvAddCurrentTaskToDelayedList)
    prvAddCurrentTaskToDelayedList           0x08004221   Thumb Code   124  tasks.o(i.prvAddCurrentTaskToDelayedList)
    i.prvAddNewTaskToReadyList               0x080042b8   Section        0  tasks.o(i.prvAddNewTaskToReadyList)
    prvAddNewTaskToReadyList                 0x080042b9   Thumb Code   150  tasks.o(i.prvAddNewTaskToReadyList)
    i.prvCheckTasksWaitingTermination        0x0800436c   Section        0  tasks.o(i.prvCheckTasksWaitingTermination)
    prvCheckTasksWaitingTermination          0x0800436d   Thumb Code    60  tasks.o(i.prvCheckTasksWaitingTermination)
    i.prvCopyDataFromQueue                   0x080043b4   Section        0  queue.o(i.prvCopyDataFromQueue)
    prvCopyDataFromQueue                     0x080043b5   Thumb Code    42  queue.o(i.prvCopyDataFromQueue)
    i.prvCopyDataToQueue                     0x080043de   Section        0  queue.o(i.prvCopyDataToQueue)
    prvCopyDataToQueue                       0x080043df   Thumb Code   124  queue.o(i.prvCopyDataToQueue)
    i.prvDeleteTCB                           0x0800445a   Section        0  tasks.o(i.prvDeleteTCB)
    prvDeleteTCB                             0x0800445b   Thumb Code    18  tasks.o(i.prvDeleteTCB)
    i.prvHeapInit                            0x0800446c   Section        0  heap_4.o(i.prvHeapInit)
    prvHeapInit                              0x0800446d   Thumb Code    98  heap_4.o(i.prvHeapInit)
    i.prvIdleTask                            0x080044e8   Section        0  tasks.o(i.prvIdleTask)
    prvIdleTask                              0x080044e9   Thumb Code    32  tasks.o(i.prvIdleTask)
    i.prvInitialiseNewQueue                  0x08004510   Section        0  queue.o(i.prvInitialiseNewQueue)
    prvInitialiseNewQueue                    0x08004511   Thumb Code    38  queue.o(i.prvInitialiseNewQueue)
    i.prvInitialiseNewTask                   0x08004536   Section        0  tasks.o(i.prvInitialiseNewTask)
    prvInitialiseNewTask                     0x08004537   Thumb Code   170  tasks.o(i.prvInitialiseNewTask)
    i.prvInitialiseTaskLists                 0x080045e8   Section        0  tasks.o(i.prvInitialiseTaskLists)
    prvInitialiseTaskLists                   0x080045e9   Thumb Code    70  tasks.o(i.prvInitialiseTaskLists)
    i.prvInsertBlockIntoFreeList             0x08004650   Section        0  heap_4.o(i.prvInsertBlockIntoFreeList)
    prvInsertBlockIntoFreeList               0x08004651   Thumb Code    96  heap_4.o(i.prvInsertBlockIntoFreeList)
    i.prvIsQueueEmpty                        0x080046b8   Section        0  queue.o(i.prvIsQueueEmpty)
    prvIsQueueEmpty                          0x080046b9   Thumb Code    26  queue.o(i.prvIsQueueEmpty)
    i.prvIsQueueFull                         0x080046d2   Section        0  queue.o(i.prvIsQueueFull)
    prvIsQueueFull                           0x080046d3   Thumb Code    30  queue.o(i.prvIsQueueFull)
    i.prvResetNextTaskUnblockTime            0x080046f0   Section        0  tasks.o(i.prvResetNextTaskUnblockTime)
    prvResetNextTaskUnblockTime              0x080046f1   Thumb Code    42  tasks.o(i.prvResetNextTaskUnblockTime)
    i.prvTaskExitError                       0x08004724   Section        0  port.o(i.prvTaskExitError)
    prvTaskExitError                         0x08004725   Thumb Code    60  port.o(i.prvTaskExitError)
    i.prvUnlockQueue                         0x08004764   Section        0  queue.o(i.prvUnlockQueue)
    prvUnlockQueue                           0x08004765   Thumb Code   126  queue.o(i.prvUnlockQueue)
    i.pvPortMalloc                           0x080047e4   Section        0  heap_4.o(i.pvPortMalloc)
    i.pxPortInitialiseStack                  0x08004920   Section        0  port.o(i.pxPortInitialiseStack)
    i.run_task                               0x0800494c   Section        0  customer_creation_manager.o(i.run_task)
    i.set_customer_stats                     0x08004a60   Section        0  bank_teller.o(i.set_customer_stats)
    i.set_teller_transaction_stats           0x08004a7e   Section        0  bank_teller.o(i.set_teller_transaction_stats)
    i.set_time_waited                        0x08004a8e   Section        0  bank_teller.o(i.set_time_waited)
    i.start_waiting                          0x08004ab4   Section        0  bank_teller.o(i.start_waiting)
    i.teller_state_init                      0x08004ac4   Section        0  bank_teller.o(i.teller_state_init)
    i.uxListRemove                           0x08004b00   Section        0  list.o(i.uxListRemove)
    i.uxQueueMessagesWaiting                 0x08004b28   Section        0  queue.o(i.uxQueueMessagesWaiting)
    i.vListInitialise                        0x08004b52   Section        0  list.o(i.vListInitialise)
    i.vListInitialiseItem                    0x08004b6c   Section        0  list.o(i.vListInitialiseItem)
    i.vListInsert                            0x08004b72   Section        0  list.o(i.vListInsert)
    i.vListInsertEnd                         0x08004ba6   Section        0  list.o(i.vListInsertEnd)
    i.vPortEnterCritical                     0x08004bc0   Section        0  port.o(i.vPortEnterCritical)
    i.vPortExitCritical                      0x08004c14   Section        0  port.o(i.vPortExitCritical)
    i.vPortFree                              0x08004c50   Section        0  heap_4.o(i.vPortFree)
    i.vPortSetupTimerInterrupt               0x08004ce4   Section        0  port.o(i.vPortSetupTimerInterrupt)
    i.vTaskDelay                             0x08004d0c   Section        0  tasks.o(i.vTaskDelay)
    i.vTaskDelete                            0x08004d68   Section        0  tasks.o(i.vTaskDelete)
    i.vTaskInternalSetTimeOutState           0x08004e5c   Section        0  tasks.o(i.vTaskInternalSetTimeOutState)
    i.vTaskMissedYield                       0x08004e74   Section        0  tasks.o(i.vTaskMissedYield)
    i.vTaskPlaceOnEventList                  0x08004e80   Section        0  tasks.o(i.vTaskPlaceOnEventList)
    i.vTaskStartScheduler                    0x08004eb8   Section        0  tasks.o(i.vTaskStartScheduler)
    i.vTaskSuspendAll                        0x08004f40   Section        0  tasks.o(i.vTaskSuspendAll)
    i.vTaskSwitchContext                     0x08004f50   Section        0  tasks.o(i.vTaskSwitchContext)
    i.xPortStartScheduler                    0x08004fdc   Section        0  port.o(i.xPortStartScheduler)
    i.xQueueGenericCreate                    0x08005144   Section        0  queue.o(i.xQueueGenericCreate)
    i.xQueueGenericReset                     0x0800519c   Section        0  queue.o(i.xQueueGenericReset)
    i.xQueueGenericSend                      0x08005234   Section        0  queue.o(i.xQueueGenericSend)
    i.xQueueReceive                          0x080053dc   Section        0  queue.o(i.xQueueReceive)
    i.xTaskCheckForTimeOut                   0x08005544   Section        0  tasks.o(i.xTaskCheckForTimeOut)
    i.xTaskCreate                            0x080055d0   Section        0  tasks.o(i.xTaskCreate)
    i.xTaskGetSchedulerState                 0x08005638   Section        0  tasks.o(i.xTaskGetSchedulerState)
    i.xTaskGetTickCount                      0x08005658   Section        0  tasks.o(i.xTaskGetTickCount)
    i.xTaskIncrementTick                     0x08005664   Section        0  tasks.o(i.xTaskIncrementTick)
    i.xTaskPriorityDisinherit                0x080057ac   Section        0  tasks.o(i.xTaskPriorityDisinherit)
    i.xTaskRemoveFromEventList               0x08005874   Section        0  tasks.o(i.xTaskRemoveFromEventList)
    i.xTaskResumeAll                         0x0800590c   Section        0  tasks.o(i.xTaskResumeAll)
    .constdata                               0x08005a10   Section       20  freertos.o(.constdata)
    .constdata                               0x08005a24   Section       72  system_stm32l4xx.o(.constdata)
    .conststring                             0x08005a6c   Section       12  freertos.o(.conststring)
    .conststring                             0x08005a78   Section      277  bank.o(.conststring)
    .data                                    0x20000000   Section        4  freertos.o(.data)
    .data                                    0x20000004   Section        4  customer_creation_manager.o(.data)
    .data                                    0x20000008   Section       36  bank.o(.data)
    .data                                    0x2000002c   Section        4  stm32l4xx_hal.o(.data)
    .data                                    0x20000030   Section        4  system_stm32l4xx.o(.data)
    .data                                    0x20000034   Section       60  tasks.o(.data)
    pxDelayedTaskList                        0x20000038   Data           4  tasks.o(.data)
    pxOverflowDelayedTaskList                0x2000003c   Data           4  tasks.o(.data)
    uxDeletedTasksWaitingCleanUp             0x20000040   Data           4  tasks.o(.data)
    uxCurrentNumberOfTasks                   0x20000044   Data           4  tasks.o(.data)
    xTickCount                               0x20000048   Data           4  tasks.o(.data)
    uxTopReadyPriority                       0x2000004c   Data           4  tasks.o(.data)
    xSchedulerRunning                        0x20000050   Data           4  tasks.o(.data)
    uxPendedTicks                            0x20000054   Data           4  tasks.o(.data)
    xYieldPending                            0x20000058   Data           4  tasks.o(.data)
    xNumOfOverflows                          0x2000005c   Data           4  tasks.o(.data)
    uxTaskNumber                             0x20000060   Data           4  tasks.o(.data)
    xNextTaskUnblockTime                     0x20000064   Data           4  tasks.o(.data)
    xIdleTaskHandle                          0x20000068   Data           4  tasks.o(.data)
    uxSchedulerSuspended                     0x2000006c   Data           4  tasks.o(.data)
    .data                                    0x20000070   Section       24  heap_4.o(.data)
    xStart                                   0x20000070   Data           8  heap_4.o(.data)
    pxEnd                                    0x20000078   Data           4  heap_4.o(.data)
    xFreeBytesRemaining                      0x2000007c   Data           4  heap_4.o(.data)
    xMinimumEverFreeBytesRemaining           0x20000080   Data           4  heap_4.o(.data)
    xBlockAllocatedBit                       0x20000084   Data           4  heap_4.o(.data)
    .data                                    0x20000088   Section       12  port.o(.data)
    uxCriticalNesting                        0x20000088   Data           4  port.o(.data)
    ucMaxSysCallPriority                     0x2000008c   Data           1  port.o(.data)
    ulMaxPRIGROUPValue                       0x20000090   Data           4  port.o(.data)
    .bss                                     0x20000094   Section       16  rng.o(.bss)
    .bss                                     0x200000a4   Section      120  usart.o(.bss)
    .bss                                     0x2000011c   Section       64  stm32l4xx_hal_timebase_tim.o(.bss)
    .bss                                     0x2000015c   Section       16  customer_creation_manager.o(.bss)
    .bss                                     0x2000016c   Section      204  bank_teller.o(.bss)
    .bss                                     0x20000238   Section      144  bank.o(.bss)
    .bss                                     0x200002c8   Section      240  tasks.o(.bss)
    pxReadyTasksLists                        0x200002c8   Data         140  tasks.o(.bss)
    xDelayedTaskList1                        0x20000354   Data          20  tasks.o(.bss)
    xDelayedTaskList2                        0x20000368   Data          20  tasks.o(.bss)
    xPendingReadyList                        0x2000037c   Data          20  tasks.o(.bss)
    xTasksWaitingTermination                 0x20000390   Data          20  tasks.o(.bss)
    xSuspendedTaskList                       0x200003a4   Data          20  tasks.o(.bss)
    .bss                                     0x200003b8   Section    32768  heap_4.o(.bss)
    ucHeap                                   0x200003b8   Data       32768  heap_4.o(.bss)
    STACK                                    0x200083b8   Section     1024  startup_stm32l476xx.o(STACK)

    Global Symbols

    Symbol Name                              Value     Ov Type        Size  Object(Section)

    BuildAttributes$$THM_ISAv4$E$P$D$K$B$S$7EM$VFPi3$EXTD16$VFPS$VFMA$PE$A:L22UL41UL21$X:L11$S22US41US21$IEEE1$IW$USESV6$~STKCKD$USESV7$~SHL$OSPACE$ROPI$EBA8$MICROLIB$REQ8$PRES8$EABIv2 0x00000000   Number         0  anon$$obj.o ABSOLUTE
    __ARM_use_no_argv                        0x00000000   Number         0  main.o ABSOLUTE
    _printf_a                                0x00000000   Number         0  stubs.o ABSOLUTE
    _printf_c                                0x00000000   Number         0  stubs.o ABSOLUTE
    _printf_charcount                        0x00000000   Number         0  stubs.o ABSOLUTE
    _printf_d                                0x00000000   Number         0  stubs.o ABSOLUTE
    _printf_e                                0x00000000   Number         0  stubs.o ABSOLUTE
    _printf_f                                0x00000000   Number         0  stubs.o ABSOLUTE
    _printf_flags                            0x00000000   Number         0  stubs.o ABSOLUTE
    _printf_fp_dec                           0x00000000   Number         0  stubs.o ABSOLUTE
    _printf_fp_hex                           0x00000000   Number         0  stubs.o ABSOLUTE
    _printf_g                                0x00000000   Number         0  stubs.o ABSOLUTE
    _printf_i                                0x00000000   Number         0  stubs.o ABSOLUTE
    _printf_int_dec                          0x00000000   Number         0  stubs.o ABSOLUTE
    _printf_l                                0x00000000   Number         0  stubs.o ABSOLUTE
    _printf_lc                               0x00000000   Number         0  stubs.o ABSOLUTE
    _printf_ll                               0x00000000   Number         0  stubs.o ABSOLUTE
    _printf_lld                              0x00000000   Number         0  stubs.o ABSOLUTE
    _printf_lli                              0x00000000   Number         0  stubs.o ABSOLUTE
    _printf_llo                              0x00000000   Number         0  stubs.o ABSOLUTE
    _printf_llu                              0x00000000   Number         0  stubs.o ABSOLUTE
    _printf_llx                              0x00000000   Number         0  stubs.o ABSOLUTE
    _printf_longlong_dec                     0x00000000   Number         0  stubs.o ABSOLUTE
    _printf_longlong_hex                     0x00000000   Number         0  stubs.o ABSOLUTE
    _printf_longlong_oct                     0x00000000   Number         0  stubs.o ABSOLUTE
    _printf_ls                               0x00000000   Number         0  stubs.o ABSOLUTE
    _printf_mbtowc                           0x00000000   Number         0  stubs.o ABSOLUTE
    _printf_n                                0x00000000   Number         0  stubs.o ABSOLUTE
    _printf_o                                0x00000000   Number         0  stubs.o ABSOLUTE
    _printf_p                                0x00000000   Number         0  stubs.o ABSOLUTE
    _printf_percent                          0x00000000   Number         0  stubs.o ABSOLUTE
    _printf_pre_padding                      0x00000000   Number         0  stubs.o ABSOLUTE
    _printf_return_value                     0x00000000   Number         0  stubs.o ABSOLUTE
    _printf_s                                0x00000000   Number         0  stubs.o ABSOLUTE
    _printf_sizespec                         0x00000000   Number         0  stubs.o ABSOLUTE
    _printf_str                              0x00000000   Number         0  stubs.o ABSOLUTE
    _printf_truncate_signed                  0x00000000   Number         0  stubs.o ABSOLUTE
    _printf_truncate_unsigned                0x00000000   Number         0  stubs.o ABSOLUTE
    _printf_u                                0x00000000   Number         0  stubs.o ABSOLUTE
    _printf_wc                               0x00000000   Number         0  stubs.o ABSOLUTE
    _printf_wctomb                           0x00000000   Number         0  stubs.o ABSOLUTE
    _printf_widthprec                        0x00000000   Number         0  stubs.o ABSOLUTE
    _printf_x                                0x00000000   Number         0  stubs.o ABSOLUTE
    __cpp_initialize__aeabi_                  - Undefined Weak Reference
    __cxa_finalize                            - Undefined Weak Reference
    __decompress                              - Undefined Weak Reference
    _clock_init                               - Undefined Weak Reference
    _microlib_exit                            - Undefined Weak Reference
    __Vectors_Size                           0x00000188   Number         0  startup_stm32l476xx.o ABSOLUTE
    __Vectors                                0x08000000   Data           4  startup_stm32l476xx.o(RESET)
    __Vectors_End                            0x08000188   Data           0  startup_stm32l476xx.o(RESET)
    __main                                   0x08000189   Thumb Code     0  entry.o(.ARM.Collect$$$$00000000)
    _main_stk                                0x08000189   Thumb Code     0  entry2.o(.ARM.Collect$$$$00000001)
    _main_scatterload                        0x0800018d   Thumb Code     0  entry5.o(.ARM.Collect$$$$00000004)
    __main_after_scatterload                 0x08000191   Thumb Code     0  entry5.o(.ARM.Collect$$$$00000004)
    _main_clock                              0x08000191   Thumb Code     0  entry7b.o(.ARM.Collect$$$$00000008)
    _main_cpp_init                           0x08000191   Thumb Code     0  entry8b.o(.ARM.Collect$$$$0000000A)
    _main_init                               0x08000191   Thumb Code     0  entry9a.o(.ARM.Collect$$$$0000000B)
    __rt_final_cpp                           0x08000199   Thumb Code     0  entry10a.o(.ARM.Collect$$$$0000000D)
    __rt_final_exit                          0x08000199   Thumb Code     0  entry11a.o(.ARM.Collect$$$$0000000F)
    SVC_Handler                              0x0800019d   Thumb Code    28  port.o(.emb_text)
    __asm___6_port_c_39a90d8d__prvStartFirstTask 0x080001bd   Thumb Code    36  port.o(.emb_text)
    __asm___6_port_c_39a90d8d__prvEnableVFP  0x080001e5   Thumb Code    16  port.o(.emb_text)
    PendSV_Handler                           0x080001f9   Thumb Code    88  port.o(.emb_text)
    vPortGetIPSR                             0x08000255   Thumb Code     6  port.o(.emb_text)
    Reset_Handler                            0x0800027d   Thumb Code     8  startup_stm32l476xx.o(.text)
    ADC1_2_IRQHandler                        0x08000297   Thumb Code     0  startup_stm32l476xx.o(.text)
    ADC3_IRQHandler                          0x08000297   Thumb Code     0  startup_stm32l476xx.o(.text)
    CAN1_RX0_IRQHandler                      0x08000297   Thumb Code     0  startup_stm32l476xx.o(.text)
    CAN1_RX1_IRQHandler                      0x08000297   Thumb Code     0  startup_stm32l476xx.o(.text)
    CAN1_SCE_IRQHandler                      0x08000297   Thumb Code     0  startup_stm32l476xx.o(.text)
    CAN1_TX_IRQHandler                       0x08000297   Thumb Code     0  startup_stm32l476xx.o(.text)
    COMP_IRQHandler                          0x08000297   Thumb Code     0  startup_stm32l476xx.o(.text)
    DFSDM1_FLT0_IRQHandler                   0x08000297   Thumb Code     0  startup_stm32l476xx.o(.text)
    DFSDM1_FLT1_IRQHandler                   0x08000297   Thumb Code     0  startup_stm32l476xx.o(.text)
    DFSDM1_FLT2_IRQHandler                   0x08000297   Thumb Code     0  startup_stm32l476xx.o(.text)
    DFSDM1_FLT3_IRQHandler                   0x08000297   Thumb Code     0  startup_stm32l476xx.o(.text)
    DMA1_Channel1_IRQHandler                 0x08000297   Thumb Code     0  startup_stm32l476xx.o(.text)
    DMA1_Channel2_IRQHandler                 0x08000297   Thumb Code     0  startup_stm32l476xx.o(.text)
    DMA1_Channel3_IRQHandler                 0x08000297   Thumb Code     0  startup_stm32l476xx.o(.text)
    DMA1_Channel4_IRQHandler                 0x08000297   Thumb Code     0  startup_stm32l476xx.o(.text)
    DMA1_Channel5_IRQHandler                 0x08000297   Thumb Code     0  startup_stm32l476xx.o(.text)
    DMA1_Channel6_IRQHandler                 0x08000297   Thumb Code     0  startup_stm32l476xx.o(.text)
    DMA1_Channel7_IRQHandler                 0x08000297   Thumb Code     0  startup_stm32l476xx.o(.text)
    DMA2_Channel1_IRQHandler                 0x08000297   Thumb Code     0  startup_stm32l476xx.o(.text)
    DMA2_Channel2_IRQHandler                 0x08000297   Thumb Code     0  startup_stm32l476xx.o(.text)
    DMA2_Channel3_IRQHandler                 0x08000297   Thumb Code     0  startup_stm32l476xx.o(.text)
    DMA2_Channel4_IRQHandler                 0x08000297   Thumb Code     0  startup_stm32l476xx.o(.text)
    DMA2_Channel5_IRQHandler                 0x08000297   Thumb Code     0  startup_stm32l476xx.o(.text)
    DMA2_Channel6_IRQHandler                 0x08000297   Thumb Code     0  startup_stm32l476xx.o(.text)
    DMA2_Channel7_IRQHandler                 0x08000297   Thumb Code     0  startup_stm32l476xx.o(.text)
    EXTI0_IRQHandler                         0x08000297   Thumb Code     0  startup_stm32l476xx.o(.text)
    EXTI15_10_IRQHandler                     0x08000297   Thumb Code     0  startup_stm32l476xx.o(.text)
    EXTI1_IRQHandler                         0x08000297   Thumb Code     0  startup_stm32l476xx.o(.text)
    EXTI2_IRQHandler                         0x08000297   Thumb Code     0  startup_stm32l476xx.o(.text)
    EXTI3_IRQHandler                         0x08000297   Thumb Code     0  startup_stm32l476xx.o(.text)
    EXTI4_IRQHandler                         0x08000297   Thumb Code     0  startup_stm32l476xx.o(.text)
    EXTI9_5_IRQHandler                       0x08000297   Thumb Code     0  startup_stm32l476xx.o(.text)
    FLASH_IRQHandler                         0x08000297   Thumb Code     0  startup_stm32l476xx.o(.text)
    FMC_IRQHandler                           0x08000297   Thumb Code     0  startup_stm32l476xx.o(.text)
    FPU_IRQHandler                           0x08000297   Thumb Code     0  startup_stm32l476xx.o(.text)
    I2C1_ER_IRQHandler                       0x08000297   Thumb Code     0  startup_stm32l476xx.o(.text)
    I2C1_EV_IRQHandler                       0x08000297   Thumb Code     0  startup_stm32l476xx.o(.text)
    I2C2_ER_IRQHandler                       0x08000297   Thumb Code     0  startup_stm32l476xx.o(.text)
    I2C2_EV_IRQHandler                       0x08000297   Thumb Code     0  startup_stm32l476xx.o(.text)
    I2C3_ER_IRQHandler                       0x08000297   Thumb Code     0  startup_stm32l476xx.o(.text)
    I2C3_EV_IRQHandler                       0x08000297   Thumb Code     0  startup_stm32l476xx.o(.text)
    LCD_IRQHandler                           0x08000297   Thumb Code     0  startup_stm32l476xx.o(.text)
    LPTIM1_IRQHandler                        0x08000297   Thumb Code     0  startup_stm32l476xx.o(.text)
    LPTIM2_IRQHandler                        0x08000297   Thumb Code     0  startup_stm32l476xx.o(.text)
    LPUART1_IRQHandler                       0x08000297   Thumb Code     0  startup_stm32l476xx.o(.text)
    OTG_FS_IRQHandler                        0x08000297   Thumb Code     0  startup_stm32l476xx.o(.text)
    PVD_PVM_IRQHandler                       0x08000297   Thumb Code     0  startup_stm32l476xx.o(.text)
    QUADSPI_IRQHandler                       0x08000297   Thumb Code     0  startup_stm32l476xx.o(.text)
    RCC_IRQHandler                           0x08000297   Thumb Code     0  startup_stm32l476xx.o(.text)
    RNG_IRQHandler                           0x08000297   Thumb Code     0  startup_stm32l476xx.o(.text)
    RTC_Alarm_IRQHandler                     0x08000297   Thumb Code     0  startup_stm32l476xx.o(.text)
    RTC_WKUP_IRQHandler                      0x08000297   Thumb Code     0  startup_stm32l476xx.o(.text)
    SAI1_IRQHandler                          0x08000297   Thumb Code     0  startup_stm32l476xx.o(.text)
    SAI2_IRQHandler                          0x08000297   Thumb Code     0  startup_stm32l476xx.o(.text)
    SDMMC1_IRQHandler                        0x08000297   Thumb Code     0  startup_stm32l476xx.o(.text)
    SPI1_IRQHandler                          0x08000297   Thumb Code     0  startup_stm32l476xx.o(.text)
    SPI2_IRQHandler                          0x08000297   Thumb Code     0  startup_stm32l476xx.o(.text)
    SPI3_IRQHandler                          0x08000297   Thumb Code     0  startup_stm32l476xx.o(.text)
    SWPMI1_IRQHandler                        0x08000297   Thumb Code     0  startup_stm32l476xx.o(.text)
    TAMP_STAMP_IRQHandler                    0x08000297   Thumb Code     0  startup_stm32l476xx.o(.text)
    TIM1_BRK_TIM15_IRQHandler                0x08000297   Thumb Code     0  startup_stm32l476xx.o(.text)
    TIM1_CC_IRQHandler                       0x08000297   Thumb Code     0  startup_stm32l476xx.o(.text)
    TIM1_TRG_COM_TIM17_IRQHandler            0x08000297   Thumb Code     0  startup_stm32l476xx.o(.text)
    TIM2_IRQHandler                          0x08000297   Thumb Code     0  startup_stm32l476xx.o(.text)
    TIM3_IRQHandler                          0x08000297   Thumb Code     0  startup_stm32l476xx.o(.text)
    TIM4_IRQHandler                          0x08000297   Thumb Code     0  startup_stm32l476xx.o(.text)
    TIM5_IRQHandler                          0x08000297   Thumb Code     0  startup_stm32l476xx.o(.text)
    TIM6_DAC_IRQHandler                      0x08000297   Thumb Code     0  startup_stm32l476xx.o(.text)
    TIM7_IRQHandler                          0x08000297   Thumb Code     0  startup_stm32l476xx.o(.text)
    TIM8_BRK_IRQHandler                      0x08000297   Thumb Code     0  startup_stm32l476xx.o(.text)
    TIM8_CC_IRQHandler                       0x08000297   Thumb Code     0  startup_stm32l476xx.o(.text)
    TIM8_TRG_COM_IRQHandler                  0x08000297   Thumb Code     0  startup_stm32l476xx.o(.text)
    TIM8_UP_IRQHandler                       0x08000297   Thumb Code     0  startup_stm32l476xx.o(.text)
    TSC_IRQHandler                           0x08000297   Thumb Code     0  startup_stm32l476xx.o(.text)
    UART4_IRQHandler                         0x08000297   Thumb Code     0  startup_stm32l476xx.o(.text)
    UART5_IRQHandler                         0x08000297   Thumb Code     0  startup_stm32l476xx.o(.text)
    USART1_IRQHandler                        0x08000297   Thumb Code     0  startup_stm32l476xx.o(.text)
    USART2_IRQHandler                        0x08000297   Thumb Code     0  startup_stm32l476xx.o(.text)
    USART3_IRQHandler                        0x08000297   Thumb Code     0  startup_stm32l476xx.o(.text)
    WWDG_IRQHandler                          0x08000297   Thumb Code     0  startup_stm32l476xx.o(.text)
    __aeabi_uldivmod                         0x080002a1   Thumb Code    98  uldiv.o(.text)
    __aeabi_memcpy                           0x08000309   Thumb Code    36  memcpya.o(.text)
    __aeabi_memcpy4                          0x08000309   Thumb Code     0  memcpya.o(.text)
    __aeabi_memcpy8                          0x08000309   Thumb Code     0  memcpya.o(.text)
    __aeabi_memset                           0x0800032d   Thumb Code    14  memseta.o(.text)
    __aeabi_memset4                          0x0800032d   Thumb Code     0  memseta.o(.text)
    __aeabi_memset8                          0x0800032d   Thumb Code     0  memseta.o(.text)
    __aeabi_memclr                           0x0800033b   Thumb Code     4  memseta.o(.text)
    __aeabi_memclr4                          0x0800033b   Thumb Code     0  memseta.o(.text)
    __aeabi_memclr8                          0x0800033b   Thumb Code     0  memseta.o(.text)
    memset                                   0x0800033f   Thumb Code    18  memseta.o(.text)
    strncpy                                  0x08000351   Thumb Code    24  strncpy.o(.text)
    strlen                                   0x08000369   Thumb Code    14  strlen.o(.text)
    __aeabi_f2d                              0x08000377   Thumb Code    38  f2d.o(.text)
    __aeabi_uidiv                            0x0800039d   Thumb Code     0  uidiv.o(.text)
    __aeabi_uidivmod                         0x0800039d   Thumb Code    44  uidiv.o(.text)
    __aeabi_llsl                             0x080003c9   Thumb Code    30  llshl.o(.text)
    _ll_shift_l                              0x080003c9   Thumb Code     0  llshl.o(.text)
    __aeabi_llsr                             0x080003e7   Thumb Code    32  llushr.o(.text)
    _ll_ushift_r                             0x080003e7   Thumb Code     0  llushr.o(.text)
    __I$use$fp                               0x08000407   Thumb Code     0  iusefp.o(.text)
    __aeabi_dadd                             0x08000407   Thumb Code   322  dadd.o(.text)
    __aeabi_dsub                             0x08000549   Thumb Code     6  dadd.o(.text)
    __aeabi_drsub                            0x0800054f   Thumb Code     6  dadd.o(.text)
    __aeabi_dmul                             0x08000565   Thumb Code   228  dmul.o(.text)
    __aeabi_ddiv                             0x0800064f   Thumb Code   222  ddiv.o(.text)
    __aeabi_d2ulz                            0x0800072d   Thumb Code    48  dfixul.o(.text)
    __aeabi_cdrcmple                         0x0800075d   Thumb Code    48  cdrcmple.o(.text)
    __scatterload                            0x0800078d   Thumb Code    28  init.o(.text)
    __scatterload_rt2                        0x0800078d   Thumb Code     0  init.o(.text)
    __aeabi_lasr                             0x080007b1   Thumb Code    36  llsshr.o(.text)
    _ll_sshift_r                             0x080007b1   Thumb Code     0  llsshr.o(.text)
    _double_round                            0x080007d5   Thumb Code    30  depilogue.o(.text)
    _double_epilogue                         0x080007f3   Thumb Code   156  depilogue.o(.text)
    BusFault_Handler                         0x0800088f   Thumb Code     4  stm32l4xx_it.o(i.BusFault_Handler)
    DebugMon_Handler                         0x08000893   Thumb Code     2  stm32l4xx_it.o(i.DebugMon_Handler)
    Error_Handler                            0x08000895   Thumb Code     2  main.o(i.Error_Handler)
    HAL_GPIO_Init                            0x08000899   Thumb Code   480  stm32l4xx_hal_gpio.o(i.HAL_GPIO_Init)
    HAL_GPIO_WritePin                        0x08000a9d   Thumb Code    10  stm32l4xx_hal_gpio.o(i.HAL_GPIO_WritePin)
    HAL_GetTick                              0x08000aa9   Thumb Code     6  stm32l4xx_hal.o(i.HAL_GetTick)
    HAL_IncTick                              0x08000ab5   Thumb Code    12  stm32l4xx_hal.o(i.HAL_IncTick)
    HAL_Init                                 0x08000ac5   Thumb Code    30  stm32l4xx_hal.o(i.HAL_Init)
    HAL_InitTick                             0x08000ae5   Thumb Code   118  stm32l4xx_hal_timebase_tim.o(i.HAL_InitTick)
    HAL_MspInit                              0x08000b6d   Thumb Code    68  stm32l4xx_hal_msp.o(i.HAL_MspInit)
    HAL_NVIC_EnableIRQ                       0x08000bb5   Thumb Code    26  stm32l4xx_hal_cortex.o(i.HAL_NVIC_EnableIRQ)
    HAL_NVIC_SetPriority                     0x08000bcf   Thumb Code   124  stm32l4xx_hal_cortex.o(i.HAL_NVIC_SetPriority)
    HAL_NVIC_SetPriorityGrouping             0x08000c51   Thumb Code    32  stm32l4xx_hal_cortex.o(i.HAL_NVIC_SetPriorityGrouping)
    HAL_PWREx_ControlVoltageScaling          0x08000c79   Thumb Code   128  stm32l4xx_hal_pwr_ex.o(i.HAL_PWREx_ControlVoltageScaling)
    HAL_PWREx_GetVoltageRange                0x08000d05   Thumb Code    10  stm32l4xx_hal_pwr_ex.o(i.HAL_PWREx_GetVoltageRange)
    HAL_RCCEx_PeriphCLKConfig                0x08000d15   Thumb Code  1230  stm32l4xx_hal_rcc_ex.o(i.HAL_RCCEx_PeriphCLKConfig)
    HAL_RCC_ClockConfig                      0x080011e9   Thumb Code   358  stm32l4xx_hal_rcc.o(i.HAL_RCC_ClockConfig)
    HAL_RCC_GetClockConfig                   0x08001361   Thumb Code    58  stm32l4xx_hal_rcc.o(i.HAL_RCC_GetClockConfig)
    HAL_RCC_GetHCLKFreq                      0x080013a5   Thumb Code     6  stm32l4xx_hal_rcc.o(i.HAL_RCC_GetHCLKFreq)
    HAL_RCC_GetPCLK1Freq                     0x080013b1   Thumb Code    26  stm32l4xx_hal_rcc.o(i.HAL_RCC_GetPCLK1Freq)
    HAL_RCC_GetPCLK2Freq                     0x080013d5   Thumb Code    26  stm32l4xx_hal_rcc.o(i.HAL_RCC_GetPCLK2Freq)
    HAL_RCC_GetSysClockFreq                  0x080013f9   Thumb Code   266  stm32l4xx_hal_rcc.o(i.HAL_RCC_GetSysClockFreq)
    HAL_RCC_OscConfig                        0x08001515   Thumb Code  1536  stm32l4xx_hal_rcc.o(i.HAL_RCC_OscConfig)
    HAL_RNG_GenerateRandomNumber             0x08001b21   Thumb Code   118  stm32l4xx_hal_rng.o(i.HAL_RNG_GenerateRandomNumber)
    HAL_RNG_Init                             0x08001b97   Thumb Code    52  stm32l4xx_hal_rng.o(i.HAL_RNG_Init)
    HAL_RNG_MspInit                          0x08001bcd   Thumb Code    40  rng.o(i.HAL_RNG_MspInit)
    HAL_TIMEx_Break2Callback                 0x08001bfd   Thumb Code     2  stm32l4xx_hal_tim_ex.o(i.HAL_TIMEx_Break2Callback)
    HAL_TIMEx_BreakCallback                  0x08001bff   Thumb Code     2  stm32l4xx_hal_tim_ex.o(i.HAL_TIMEx_BreakCallback)
    HAL_TIMEx_CommutationCallback            0x08001c01   Thumb Code     2  stm32l4xx_hal_tim_ex.o(i.HAL_TIMEx_CommutationCallback)
    HAL_TIM_Base_Init                        0x08001c03   Thumb Code    52  stm32l4xx_hal_tim.o(i.HAL_TIM_Base_Init)
    HAL_TIM_Base_MspInit                     0x08001c37   Thumb Code     2  stm32l4xx_hal_tim.o(i.HAL_TIM_Base_MspInit)
    HAL_TIM_Base_Start_IT                    0x08001c39   Thumb Code    62  stm32l4xx_hal_tim.o(i.HAL_TIM_Base_Start_IT)
    HAL_TIM_IC_CaptureCallback               0x08001c7d   Thumb Code     2  stm32l4xx_hal_tim.o(i.HAL_TIM_IC_CaptureCallback)
    HAL_TIM_IRQHandler                       0x08001c7f   Thumb Code   440  stm32l4xx_hal_tim.o(i.HAL_TIM_IRQHandler)
    HAL_TIM_OC_DelayElapsedCallback          0x08001e37   Thumb Code     2  stm32l4xx_hal_tim.o(i.HAL_TIM_OC_DelayElapsedCallback)
    HAL_TIM_PWM_PulseFinishedCallback        0x08001e39   Thumb Code     2  stm32l4xx_hal_tim.o(i.HAL_TIM_PWM_PulseFinishedCallback)
    HAL_TIM_PeriodElapsedCallback            0x08001e3d   Thumb Code    18  main.o(i.HAL_TIM_PeriodElapsedCallback)
    HAL_TIM_TriggerCallback                  0x08001e55   Thumb Code     2  stm32l4xx_hal_tim.o(i.HAL_TIM_TriggerCallback)
    HAL_UART_Init                            0x08001e57   Thumb Code   120  stm32l4xx_hal_uart.o(i.HAL_UART_Init)
    HAL_UART_MspInit                         0x08001ed1   Thumb Code   108  usart.o(i.HAL_UART_MspInit)
    HAL_UART_Transmit                        0x08001f49   Thumb Code   200  stm32l4xx_hal_uart.o(i.HAL_UART_Transmit)
    HardFault_Handler                        0x08002011   Thumb Code     4  stm32l4xx_it.o(i.HardFault_Handler)
    MX_FREERTOS_Init                         0x08002015   Thumb Code    30  freertos.o(i.MX_FREERTOS_Init)
    MX_GPIO_Init                             0x0800203d   Thumb Code   168  gpio.o(i.MX_GPIO_Init)
    MX_RNG_Init                              0x080020f1   Thumb Code    22  rng.o(i.MX_RNG_Init)
    MX_USART2_UART_Init                      0x08002111   Thumb Code    56  usart.o(i.MX_USART2_UART_Init)
    MemManage_Handler                        0x08002151   Thumb Code     4  stm32l4xx_it.o(i.MemManage_Handler)
    NMI_Handler                              0x08002155   Thumb Code     2  stm32l4xx_it.o(i.NMI_Handler)
    StartDefaultTask                         0x0800251d   Thumb Code    10  freertos.o(i.StartDefaultTask)
    SysTick_Handler                          0x08002529   Thumb Code    46  port.o(i.SysTick_Handler)
    SystemClock_Config                       0x0800255d   Thumb Code   180  main.o(i.SystemClock_Config)
    SystemInit                               0x08002615   Thumb Code    68  system_stm32l4xx.o(i.SystemInit)
    TIM1_UP_TIM16_IRQHandler                 0x08002665   Thumb Code    10  stm32l4xx_it.o(i.TIM1_UP_TIM16_IRQHandler)
    TIM_Base_SetConfig                       0x08002675   Thumb Code   170  stm32l4xx_hal_tim.o(i.TIM_Base_SetConfig)
    UART_AdvFeatureConfig                    0x08002741   Thumb Code   248  stm32l4xx_hal_uart.o(i.UART_AdvFeatureConfig)
    UART_CheckIdleState                      0x08002839   Thumb Code   116  stm32l4xx_hal_uart.o(i.UART_CheckIdleState)
    UART_SetConfig                           0x080028ad   Thumb Code  1158  stm32l4xx_hal_uart.o(i.UART_SetConfig)
    UART_WaitOnFlagUntilTimeout              0x08002d3f   Thumb Code   108  stm32l4xx_hal_uart.o(i.UART_WaitOnFlagUntilTimeout)
    USART_Printf                             0x08002dad   Thumb Code    54  usart.o(i.USART_Printf)
    UsageFault_Handler                       0x08002de9   Thumb Code     4  stm32l4xx_it.o(i.UsageFault_Handler)
    __0snprintf                              0x08002ded   Thumb Code    44  printfa.o(i.__0snprintf)
    __1snprintf                              0x08002ded   Thumb Code     0  printfa.o(i.__0snprintf)
    __2snprintf                              0x08002ded   Thumb Code     0  printfa.o(i.__0snprintf)
    __c89snprintf                            0x08002ded   Thumb Code     0  printfa.o(i.__0snprintf)
    snprintf                                 0x08002ded   Thumb Code     0  printfa.o(i.__0snprintf)
    __0vsnprintf                             0x08002e1d   Thumb Code    40  printfa.o(i.__0vsnprintf)
    __1vsnprintf                             0x08002e1d   Thumb Code     0  printfa.o(i.__0vsnprintf)
    __2vsnprintf                             0x08002e1d   Thumb Code     0  printfa.o(i.__0vsnprintf)
    __c89vsnprintf                           0x08002e1d   Thumb Code     0  printfa.o(i.__0vsnprintf)
    vsnprintf                                0x08002e1d   Thumb Code     0  printfa.o(i.__0vsnprintf)
    __scatterload_copy                       0x08002e49   Thumb Code    14  handlers.o(i.__scatterload_copy)
    __scatterload_null                       0x08002e57   Thumb Code     2  handlers.o(i.__scatterload_null)
    __scatterload_zeroinit                   0x08002e59   Thumb Code    14  handlers.o(i.__scatterload_zeroinit)
    avg_cust_wait_time                       0x08003741   Thumb Code    78  bank.o(i.avg_cust_wait_time)
    avg_teller_wait                          0x0800379d   Thumb Code    66  bank.o(i.avg_teller_wait)
    avg_time_with_teller                     0x080037e9   Thumb Code    66  bank.o(i.avg_time_with_teller)
    bank_run_task                            0x08003835   Thumb Code   460  bank.o(i.bank_run_task)
    bank_teller_init                         0x08003a95   Thumb Code    76  bank_teller.o(i.bank_teller_init)
    bank_teller_task                         0x08003ae9   Thumb Code   210  bank_teller.o(i.bank_teller_task)
    close_bank                               0x08003bf9   Thumb Code     8  bank.o(i.close_bank)
    create_customer                          0x08003c05   Thumb Code    76  customer_creation_manager.o(i.create_customer)
    display_stats                            0x08003c5d   Thumb Code   192  bank.o(i.display_stats)
    get_wait_time                            0x08003e75   Thumb Code    32  customer_creation_manager.o(i.get_wait_time)
    init_bank                                0x08003e99   Thumb Code   294  bank.o(i.init_bank)
    init_bank_stats                          0x08003fe9   Thumb Code    34  bank.o(i.init_bank_stats)
    init_customer_creation_manager           0x0800400d   Thumb Code    74  customer_creation_manager.o(i.init_customer_creation_manager)
    main                                     0x08004079   Thumb Code   112  main.o(i.main)
    max_cust_wiat_time                       0x08004131   Thumb Code    46  bank.o(i.max_cust_wiat_time)
    max_teller_wait_time                     0x08004165   Thumb Code    46  bank.o(i.max_teller_wait_time)
    max_transaction_time                     0x08004199   Thumb Code    46  bank.o(i.max_transaction_time)
    osDelay                                  0x080041cd   Thumb Code    24  cmsis_os.o(i.osDelay)
    osKernelStart                            0x080041e5   Thumb Code    10  cmsis_os.o(i.osKernelStart)
    osThreadCreate                           0x080041ef   Thumb Code    48  cmsis_os.o(i.osThreadCreate)
    pvPortMalloc                             0x080047e5   Thumb Code   296  heap_4.o(i.pvPortMalloc)
    pxPortInitialiseStack                    0x08004921   Thumb Code    38  port.o(i.pxPortInitialiseStack)
    run_task                                 0x0800494d   Thumb Code   164  customer_creation_manager.o(i.run_task)
    set_customer_stats                       0x08004a61   Thumb Code    30  bank_teller.o(i.set_customer_stats)
    set_teller_transaction_stats             0x08004a7f   Thumb Code    16  bank_teller.o(i.set_teller_transaction_stats)
    set_time_waited                          0x08004a8f   Thumb Code    38  bank_teller.o(i.set_time_waited)
    start_waiting                            0x08004ab5   Thumb Code    16  bank_teller.o(i.start_waiting)
    teller_state_init                        0x08004ac5   Thumb Code    56  bank_teller.o(i.teller_state_init)
    uxListRemove                             0x08004b01   Thumb Code    40  list.o(i.uxListRemove)
    uxQueueMessagesWaiting                   0x08004b29   Thumb Code    42  queue.o(i.uxQueueMessagesWaiting)
    vListInitialise                          0x08004b53   Thumb Code    26  list.o(i.vListInitialise)
    vListInitialiseItem                      0x08004b6d   Thumb Code     6  list.o(i.vListInitialiseItem)
    vListInsert                              0x08004b73   Thumb Code    52  list.o(i.vListInsert)
    vListInsertEnd                           0x08004ba7   Thumb Code    24  list.o(i.vListInsertEnd)
    vPortEnterCritical                       0x08004bc1   Thumb Code    76  port.o(i.vPortEnterCritical)
    vPortExitCritical                        0x08004c15   Thumb Code    56  port.o(i.vPortExitCritical)
    vPortFree                                0x08004c51   Thumb Code   140  heap_4.o(i.vPortFree)
    vPortSetupTimerInterrupt                 0x08004ce5   Thumb Code    36  port.o(i.vPortSetupTimerInterrupt)
    vTaskDelay                               0x08004d0d   Thumb Code    82  tasks.o(i.vTaskDelay)
    vTaskDelete                              0x08004d69   Thumb Code   202  tasks.o(i.vTaskDelete)
    vTaskInternalSetTimeOutState             0x08004e5d   Thumb Code    14  tasks.o(i.vTaskInternalSetTimeOutState)
    vTaskMissedYield                         0x08004e75   Thumb Code     8  tasks.o(i.vTaskMissedYield)
    vTaskPlaceOnEventList                    0x08004e81   Thumb Code    52  tasks.o(i.vTaskPlaceOnEventList)
    vTaskStartScheduler                      0x08004eb9   Thumb Code   108  tasks.o(i.vTaskStartScheduler)
    vTaskSuspendAll                          0x08004f41   Thumb Code    12  tasks.o(i.vTaskSuspendAll)
    vTaskSwitchContext                       0x08004f51   Thumb Code   118  tasks.o(i.vTaskSwitchContext)
    xPortStartScheduler                      0x08004fdd   Thumb Code   330  port.o(i.xPortStartScheduler)
    xQueueGenericCreate                      0x08005145   Thumb Code    88  queue.o(i.xQueueGenericCreate)
    xQueueGenericReset                       0x0800519d   Thumb Code   146  queue.o(i.xQueueGenericReset)
    xQueueGenericSend                        0x08005235   Thumb Code   420  queue.o(i.xQueueGenericSend)
    xQueueReceive                            0x080053dd   Thumb Code   356  queue.o(i.xQueueReceive)
    xTaskCheckForTimeOut                     0x08005545   Thumb Code   132  tasks.o(i.xTaskCheckForTimeOut)
    xTaskCreate                              0x080055d1   Thumb Code    96  tasks.o(i.xTaskCreate)
    xTaskGetSchedulerState                   0x08005639   Thumb Code    24  tasks.o(i.xTaskGetSchedulerState)
    xTaskGetTickCount                        0x08005659   Thumb Code     6  tasks.o(i.xTaskGetTickCount)
    xTaskIncrementTick                       0x08005665   Thumb Code   282  tasks.o(i.xTaskIncrementTick)
    xTaskPriorityDisinherit                  0x080057ad   Thumb Code   188  tasks.o(i.xTaskPriorityDisinherit)
    xTaskRemoveFromEventList                 0x08005875   Thumb Code   128  tasks.o(i.xTaskRemoveFromEventList)
    xTaskResumeAll                           0x0800590d   Thumb Code   224  tasks.o(i.xTaskResumeAll)
    AHBPrescTable                            0x08005a24   Data          16  system_stm32l4xx.o(.constdata)
    APBPrescTable                            0x08005a34   Data           8  system_stm32l4xx.o(.constdata)
    MSIRangeTable                            0x08005a3c   Data          48  system_stm32l4xx.o(.constdata)
    Region$$Table$$Base                      0x08005b90   Number         0  anon$$obj.o(Region$$Table)
    Region$$Table$$Limit                     0x08005bb0   Number         0  anon$$obj.o(Region$$Table)
    defaultTaskHandle                        0x20000000   Data           4  freertos.o(.data)
    customer_id                              0x20000004   Data           4  customer_creation_manager.o(.data)
    TELLERS_IN_BANK                          0x20000008   Data           4  bank.o(.data)
    CUSTOMER_IN_BANK                         0x2000000c   Data           4  bank.o(.data)
    bank_params                              0x20000010   Data           8  bank.o(.data)
    bank_open                                0x20000018   Data           4  bank.o(.data)
    customer_queue                           0x2000001c   Data           4  bank.o(.data)
    uart_output_queue                        0x20000020   Data           4  bank.o(.data)
    teller_leaving_bank_queue                0x20000024   Data           4  bank.o(.data)
    bank_timer                               0x20000028   Data           4  bank.o(.data)
    uwTick                                   0x2000002c   Data           4  stm32l4xx_hal.o(.data)
    SystemCoreClock                          0x20000030   Data           4  system_stm32l4xx.o(.data)
    pxCurrentTCB                             0x20000034   Data           4  tasks.o(.data)
    hrng                                     0x20000094   Data          16  rng.o(.bss)
    huart2                                   0x200000a4   Data         120  usart.o(.bss)
    htim1                                    0x2000011c   Data          64  stm32l4xx_hal_timebase_tim.o(.bss)
    task_params                              0x2000015c   Data          16  customer_creation_manager.o(.bss)
    bank_teller_params                       0x2000016c   Data         204  bank_teller.o(.bss)
    bank_stats                               0x20000238   Data         144  bank.o(.bss)
    __initial_sp                             0x200087b8   Data           0  startup_stm32l476xx.o(STACK)



==============================================================================

Memory Map of the image

  Image Entry point : 0x08000189

  Load Region LR_IROM1 (Base: 0x08000000, Size: 0x00005c44, Max: 0x00100000, ABSOLUTE)

    Execution Region ER_IROM1 (Exec base: 0x08000000, Load base: 0x08000000, Size: 0x00005bb0, Max: 0x00100000, ABSOLUTE)

    Exec Addr    Load Addr    Size         Type   Attr      Idx    E Section Name        Object

    0x08000000   0x08000000   0x00000188   Data   RO            3    RESET               startup_stm32l476xx.o
    0x08000188   0x08000188   0x00000000   Code   RO         5413  * .ARM.Collect$$$$00000000  mc_w.l(entry.o)
    0x08000188   0x08000188   0x00000004   Code   RO         5693    .ARM.Collect$$$$00000001  mc_w.l(entry2.o)
    0x0800018c   0x0800018c   0x00000004   Code   RO         5696    .ARM.Collect$$$$00000004  mc_w.l(entry5.o)
    0x08000190   0x08000190   0x00000000   Code   RO         5698    .ARM.Collect$$$$00000008  mc_w.l(entry7b.o)
    0x08000190   0x08000190   0x00000000   Code   RO         5700    .ARM.Collect$$$$0000000A  mc_w.l(entry8b.o)
    0x08000190   0x08000190   0x00000008   Code   RO         5701    .ARM.Collect$$$$0000000B  mc_w.l(entry9a.o)
    0x08000198   0x08000198   0x00000000   Code   RO         5703    .ARM.Collect$$$$0000000D  mc_w.l(entry10a.o)
    0x08000198   0x08000198   0x00000000   Code   RO         5705    .ARM.Collect$$$$0000000F  mc_w.l(entry11a.o)
    0x08000198   0x08000198   0x00000004   Code   RO         5694    .ARM.Collect$$$$00002712  mc_w.l(entry2.o)
    0x0800019c   0x0800019c   0x000000de   Code   RO         5336    .emb_text           port.o
    0x0800027a   0x0800027a   0x00000002   PAD
    0x0800027c   0x0800027c   0x00000024   Code   RO            4    .text               startup_stm32l476xx.o
    0x080002a0   0x080002a0   0x00000068   Code   RO         5416    .text               mc_w.l(uldiv.o)
    0x08000308   0x08000308   0x00000024   Code   RO         5418    .text               mc_w.l(memcpya.o)
    0x0800032c   0x0800032c   0x00000024   Code   RO         5422    .text               mc_w.l(memseta.o)
    0x08000350   0x08000350   0x00000018   Code   RO         5424    .text               mc_w.l(strncpy.o)
    0x08000368   0x08000368   0x0000000e   Code   RO         5426    .text               mc_w.l(strlen.o)
    0x08000376   0x08000376   0x00000026   Code   RO         5691    .text               mf_w.l(f2d.o)
    0x0800039c   0x0800039c   0x0000002c   Code   RO         5710    .text               mc_w.l(uidiv.o)
    0x080003c8   0x080003c8   0x0000001e   Code   RO         5712    .text               mc_w.l(llshl.o)
    0x080003e6   0x080003e6   0x00000020   Code   RO         5714    .text               mc_w.l(llushr.o)
    0x08000406   0x08000406   0x00000000   Code   RO         5716    .text               mc_w.l(iusefp.o)
    0x08000406   0x08000406   0x0000015e   Code   RO         5717    .text               mf_w.l(dadd.o)
    0x08000564   0x08000564   0x000000ea   Code   RO         5719    .text               mf_w.l(dmul.o)
    0x0800064e   0x0800064e   0x000000de   Code   RO         5721    .text               mf_w.l(ddiv.o)
    0x0800072c   0x0800072c   0x00000030   Code   RO         5723    .text               mf_w.l(dfixul.o)
    0x0800075c   0x0800075c   0x00000030   Code   RO         5725    .text               mf_w.l(cdrcmple.o)
    0x0800078c   0x0800078c   0x00000024   Code   RO         5727    .text               mc_w.l(init.o)
    0x080007b0   0x080007b0   0x00000024   Code   RO         5730    .text               mc_w.l(llsshr.o)
    0x080007d4   0x080007d4   0x000000ba   Code   RO         5733    .text               mf_w.l(depilogue.o)
    0x0800088e   0x0800088e   0x00000004   Code   RO          451    i.BusFault_Handler  stm32l4xx_it.o
    0x08000892   0x08000892   0x00000002   Code   RO          452    i.DebugMon_Handler  stm32l4xx_it.o
    0x08000894   0x08000894   0x00000002   Code   RO          214    i.Error_Handler     main.o
    0x08000896   0x08000896   0x00000002   PAD
    0x08000898   0x08000898   0x00000204   Code   RO         3449    i.HAL_GPIO_Init     stm32l4xx_hal_gpio.o
    0x08000a9c   0x08000a9c   0x0000000a   Code   RO         3453    i.HAL_GPIO_WritePin  stm32l4xx_hal_gpio.o
    0x08000aa6   0x08000aa6   0x00000002   PAD
    0x08000aa8   0x08000aa8   0x0000000c   Code   RO         2254    i.HAL_GetTick       stm32l4xx_hal.o
    0x08000ab4   0x08000ab4   0x00000010   Code   RO         2258    i.HAL_IncTick       stm32l4xx_hal.o
    0x08000ac4   0x08000ac4   0x0000001e   Code   RO         2259    i.HAL_Init          stm32l4xx_hal.o
    0x08000ae2   0x08000ae2   0x00000002   PAD
    0x08000ae4   0x08000ae4   0x00000088   Code   RO          539    i.HAL_InitTick      stm32l4xx_hal_timebase_tim.o
    0x08000b6c   0x08000b6c   0x00000048   Code   RO          515    i.HAL_MspInit       stm32l4xx_hal_msp.o
    0x08000bb4   0x08000bb4   0x0000001a   Code   RO         3990    i.HAL_NVIC_EnableIRQ  stm32l4xx_hal_cortex.o
    0x08000bce   0x08000bce   0x00000082   Code   RO         3996    i.HAL_NVIC_SetPriority  stm32l4xx_hal_cortex.o
    0x08000c50   0x08000c50   0x00000028   Code   RO         3997    i.HAL_NVIC_SetPriorityGrouping  stm32l4xx_hal_cortex.o
    0x08000c78   0x08000c78   0x0000008c   Code   RO         3740    i.HAL_PWREx_ControlVoltageScaling  stm32l4xx_hal_pwr_ex.o
    0x08000d04   0x08000d04   0x00000010   Code   RO         3771    i.HAL_PWREx_GetVoltageRange  stm32l4xx_hal_pwr_ex.o
    0x08000d14   0x08000d14   0x000004d4   Code   RO         3086    i.HAL_RCCEx_PeriphCLKConfig  stm32l4xx_hal_rcc_ex.o
    0x080011e8   0x080011e8   0x00000178   Code   RO         2971    i.HAL_RCC_ClockConfig  stm32l4xx_hal_rcc.o
    0x08001360   0x08001360   0x00000044   Code   RO         2974    i.HAL_RCC_GetClockConfig  stm32l4xx_hal_rcc.o
    0x080013a4   0x080013a4   0x0000000c   Code   RO         2975    i.HAL_RCC_GetHCLKFreq  stm32l4xx_hal_rcc.o
    0x080013b0   0x080013b0   0x00000024   Code   RO         2977    i.HAL_RCC_GetPCLK1Freq  stm32l4xx_hal_rcc.o
    0x080013d4   0x080013d4   0x00000024   Code   RO         2978    i.HAL_RCC_GetPCLK2Freq  stm32l4xx_hal_rcc.o
    0x080013f8   0x080013f8   0x0000011c   Code   RO         2979    i.HAL_RCC_GetSysClockFreq  stm32l4xx_hal_rcc.o
    0x08001514   0x08001514   0x0000060c   Code   RO         2982    i.HAL_RCC_OscConfig  stm32l4xx_hal_rcc.o
    0x08001b20   0x08001b20   0x00000076   Code   RO          802    i.HAL_RNG_GenerateRandomNumber  stm32l4xx_hal_rng.o
    0x08001b96   0x08001b96   0x00000034   Code   RO          809    i.HAL_RNG_Init      stm32l4xx_hal_rng.o
    0x08001bca   0x08001bca   0x00000002   PAD
    0x08001bcc   0x08001bcc   0x00000030   Code   RO          355    i.HAL_RNG_MspInit   rng.o
    0x08001bfc   0x08001bfc   0x00000002   Code   RO         1554    i.HAL_TIMEx_Break2Callback  stm32l4xx_hal_tim_ex.o
    0x08001bfe   0x08001bfe   0x00000002   Code   RO         1555    i.HAL_TIMEx_BreakCallback  stm32l4xx_hal_tim_ex.o
    0x08001c00   0x08001c00   0x00000002   Code   RO         1556    i.HAL_TIMEx_CommutationCallback  stm32l4xx_hal_tim_ex.o
    0x08001c02   0x08001c02   0x00000034   Code   RO          904    i.HAL_TIM_Base_Init  stm32l4xx_hal_tim.o
    0x08001c36   0x08001c36   0x00000002   Code   RO          906    i.HAL_TIM_Base_MspInit  stm32l4xx_hal_tim.o
    0x08001c38   0x08001c38   0x00000044   Code   RO          909    i.HAL_TIM_Base_Start_IT  stm32l4xx_hal_tim.o
    0x08001c7c   0x08001c7c   0x00000002   Code   RO          933    i.HAL_TIM_IC_CaptureCallback  stm32l4xx_hal_tim.o
    0x08001c7e   0x08001c7e   0x000001b8   Code   RO          946    i.HAL_TIM_IRQHandler  stm32l4xx_hal_tim.o
    0x08001e36   0x08001e36   0x00000002   Code   RO          949    i.HAL_TIM_OC_DelayElapsedCallback  stm32l4xx_hal_tim.o
    0x08001e38   0x08001e38   0x00000002   Code   RO          976    i.HAL_TIM_PWM_PulseFinishedCallback  stm32l4xx_hal_tim.o
    0x08001e3a   0x08001e3a   0x00000002   PAD
    0x08001e3c   0x08001e3c   0x00000018   Code   RO          215    i.HAL_TIM_PeriodElapsedCallback  main.o
    0x08001e54   0x08001e54   0x00000002   Code   RO          987    i.HAL_TIM_TriggerCallback  stm32l4xx_hal_tim.o
    0x08001e56   0x08001e56   0x00000078   Code   RO         1837    i.HAL_UART_Init     stm32l4xx_hal_uart.o
    0x08001ece   0x08001ece   0x00000002   PAD
    0x08001ed0   0x08001ed0   0x00000078   Code   RO          397    i.HAL_UART_MspInit  usart.o
    0x08001f48   0x08001f48   0x000000c8   Code   RO         1845    i.HAL_UART_Transmit  stm32l4xx_hal_uart.o
    0x08002010   0x08002010   0x00000004   Code   RO          453    i.HardFault_Handler  stm32l4xx_it.o
    0x08002014   0x08002014   0x00000028   Code   RO          308    i.MX_FREERTOS_Init  freertos.o
    0x0800203c   0x0800203c   0x000000b4   Code   RO          284    i.MX_GPIO_Init      gpio.o
    0x080020f0   0x080020f0   0x00000020   Code   RO          356    i.MX_RNG_Init       rng.o
    0x08002110   0x08002110   0x00000040   Code   RO          398    i.MX_USART2_UART_Init  usart.o
    0x08002150   0x08002150   0x00000004   Code   RO          454    i.MemManage_Handler  stm32l4xx_it.o
    0x08002154   0x08002154   0x00000002   Code   RO          455    i.NMI_Handler       stm32l4xx_it.o
    0x08002156   0x08002156   0x00000002   PAD
    0x08002158   0x08002158   0x00000010   Code   RO         4003    i.NVIC_GetPriorityGrouping  stm32l4xx_hal_cortex.o
    0x08002168   0x08002168   0x00000028   Code   RO         4004    i.NVIC_SetPriority  stm32l4xx_hal_cortex.o
    0x08002190   0x08002190   0x0000018c   Code   RO         3090    i.RCCEx_PLLSAI1_Config  stm32l4xx_hal_rcc_ex.o
    0x0800231c   0x0800231c   0x00000164   Code   RO         3091    i.RCCEx_PLLSAI2_Config  stm32l4xx_hal_rcc_ex.o
    0x08002480   0x08002480   0x0000009c   Code   RO         2983    i.RCC_SetFlashLatencyFromMSIRange  stm32l4xx_hal_rcc.o
    0x0800251c   0x0800251c   0x0000000a   Code   RO          309    i.StartDefaultTask  freertos.o
    0x08002526   0x08002526   0x00000002   PAD
    0x08002528   0x08002528   0x00000034   Code   RO         5337    i.SysTick_Handler   port.o
    0x0800255c   0x0800255c   0x000000b8   Code   RO          216    i.SystemClock_Config  main.o
    0x08002614   0x08002614   0x00000050   Code   RO         4126    i.SystemInit        system_stm32l4xx.o
    0x08002664   0x08002664   0x00000010   Code   RO          456    i.TIM1_UP_TIM16_IRQHandler  stm32l4xx_it.o
    0x08002674   0x08002674   0x000000cc   Code   RO          988    i.TIM_Base_SetConfig  stm32l4xx_hal_tim.o
    0x08002740   0x08002740   0x000000f8   Code   RO         1850    i.UART_AdvFeatureConfig  stm32l4xx_hal_uart.o
    0x08002838   0x08002838   0x00000074   Code   RO         1851    i.UART_CheckIdleState  stm32l4xx_hal_uart.o
    0x080028ac   0x080028ac   0x00000492   Code   RO         1867    i.UART_SetConfig    stm32l4xx_hal_uart.o
    0x08002d3e   0x08002d3e   0x0000006c   Code   RO         1870    i.UART_WaitOnFlagUntilTimeout  stm32l4xx_hal_uart.o
    0x08002daa   0x08002daa   0x00000002   PAD
    0x08002dac   0x08002dac   0x0000003c   Code   RO          399    i.USART_Printf      usart.o
    0x08002de8   0x08002de8   0x00000004   Code   RO          457    i.UsageFault_Handler  stm32l4xx_it.o
    0x08002dec   0x08002dec   0x00000030   Code   RO         5664    i.__0snprintf       mc_w.l(printfa.o)
    0x08002e1c   0x08002e1c   0x0000002c   Code   RO         5668    i.__0vsnprintf      mc_w.l(printfa.o)
    0x08002e48   0x08002e48   0x0000000e   Code   RO         5737    i.__scatterload_copy  mc_w.l(handlers.o)
    0x08002e56   0x08002e56   0x00000002   Code   RO         5738    i.__scatterload_null  mc_w.l(handlers.o)
    0x08002e58   0x08002e58   0x0000000e   Code   RO         5739    i.__scatterload_zeroinit  mc_w.l(handlers.o)
    0x08002e66   0x08002e66   0x00000002   PAD
    0x08002e68   0x08002e68   0x0000018a   Code   RO         5670    i._fp_digits        mc_w.l(printfa.o)
    0x08002ff2   0x08002ff2   0x00000002   PAD
    0x08002ff4   0x08002ff4   0x000006e2   Code   RO         5671    i._printf_core      mc_w.l(printfa.o)
    0x080036d6   0x080036d6   0x00000024   Code   RO         5672    i._printf_post_padding  mc_w.l(printfa.o)
    0x080036fa   0x080036fa   0x0000002e   Code   RO         5673    i._printf_pre_padding  mc_w.l(printfa.o)
    0x08003728   0x08003728   0x00000016   Code   RO         5674    i._snputc           mc_w.l(printfa.o)
    0x0800373e   0x0800373e   0x00000002   PAD
    0x08003740   0x08003740   0x0000005c   Code   RO          708    i.avg_cust_wait_time  bank.o
    0x0800379c   0x0800379c   0x0000004c   Code   RO          709    i.avg_teller_wait   bank.o
    0x080037e8   0x080037e8   0x0000004c   Code   RO          710    i.avg_time_with_teller  bank.o
    0x08003834   0x08003834   0x00000260   Code   RO          711    i.bank_run_task     bank.o
    0x08003a94   0x08003a94   0x00000054   Code   RO          638    i.bank_teller_init  bank_teller.o
    0x08003ae8   0x08003ae8   0x00000110   Code   RO          639    i.bank_teller_task  bank_teller.o
    0x08003bf8   0x08003bf8   0x0000000c   Code   RO          712    i.close_bank        bank.o
    0x08003c04   0x08003c04   0x00000058   Code   RO          578    i.create_customer   customer_creation_manager.o
    0x08003c5c   0x08003c5c   0x00000218   Code   RO          713    i.display_stats     bank.o
    0x08003e74   0x08003e74   0x00000024   Code   RO          579    i.get_wait_time     customer_creation_manager.o
    0x08003e98   0x08003e98   0x00000150   Code   RO          714    i.init_bank         bank.o
    0x08003fe8   0x08003fe8   0x00000022   Code   RO          715    i.init_bank_stats   bank.o
    0x0800400a   0x0800400a   0x00000002   PAD
    0x0800400c   0x0800400c   0x0000006a   Code   RO          580    i.init_customer_creation_manager  customer_creation_manager.o
    0x08004076   0x08004076   0x00000002   PAD
    0x08004078   0x08004078   0x000000a8   Code   RO          217    i.main              main.o
    0x08004120   0x08004120   0x0000000e   Code   RO         4911    i.makeFreeRtosPriority  cmsis_os.o
    0x0800412e   0x0800412e   0x00000002   PAD
    0x08004130   0x08004130   0x00000034   Code   RO          716    i.max_cust_wiat_time  bank.o
    0x08004164   0x08004164   0x00000034   Code   RO          717    i.max_teller_wait_time  bank.o
    0x08004198   0x08004198   0x00000034   Code   RO          718    i.max_transaction_time  bank.o
    0x080041cc   0x080041cc   0x00000018   Code   RO         4913    i.osDelay           cmsis_os.o
    0x080041e4   0x080041e4   0x0000000a   Code   RO         4916    i.osKernelStart     cmsis_os.o
    0x080041ee   0x080041ee   0x00000030   Code   RO         4950    i.osThreadCreate    cmsis_os.o
    0x0800421e   0x0800421e   0x00000002   PAD
    0x08004220   0x08004220   0x00000098   Code   RO         4604    i.prvAddCurrentTaskToDelayedList  tasks.o
    0x080042b8   0x080042b8   0x000000b4   Code   RO         4605    i.prvAddNewTaskToReadyList  tasks.o
    0x0800436c   0x0800436c   0x00000048   Code   RO         4606    i.prvCheckTasksWaitingTermination  tasks.o
    0x080043b4   0x080043b4   0x0000002a   Code   RO         4297    i.prvCopyDataFromQueue  queue.o
    0x080043de   0x080043de   0x0000007c   Code   RO         4298    i.prvCopyDataToQueue  queue.o
    0x0800445a   0x0800445a   0x00000012   Code   RO         4607    i.prvDeleteTCB      tasks.o
    0x0800446c   0x0800446c   0x0000007c   Code   RO         5275    i.prvHeapInit       heap_4.o
    0x080044e8   0x080044e8   0x00000028   Code   RO         4608    i.prvIdleTask       tasks.o
    0x08004510   0x08004510   0x00000026   Code   RO         4301    i.prvInitialiseNewQueue  queue.o
    0x08004536   0x08004536   0x000000b0   Code   RO         4609    i.prvInitialiseNewTask  tasks.o
    0x080045e6   0x080045e6   0x00000002   PAD
    0x080045e8   0x080045e8   0x00000068   Code   RO         4610    i.prvInitialiseTaskLists  tasks.o
    0x08004650   0x08004650   0x00000068   Code   RO         5276    i.prvInsertBlockIntoFreeList  heap_4.o
    0x080046b8   0x080046b8   0x0000001a   Code   RO         4302    i.prvIsQueueEmpty   queue.o
    0x080046d2   0x080046d2   0x0000001e   Code   RO         4303    i.prvIsQueueFull    queue.o
    0x080046f0   0x080046f0   0x00000034   Code   RO         4611    i.prvResetNextTaskUnblockTime  tasks.o
    0x08004724   0x08004724   0x00000040   Code   RO         5338    i.prvTaskExitError  port.o
    0x08004764   0x08004764   0x0000007e   Code   RO         4304    i.prvUnlockQueue    queue.o
    0x080047e2   0x080047e2   0x00000002   PAD
    0x080047e4   0x080047e4   0x0000013c   Code   RO         5277    i.pvPortMalloc      heap_4.o
    0x08004920   0x08004920   0x0000002c   Code   RO         5339    i.pxPortInitialiseStack  port.o
    0x0800494c   0x0800494c   0x00000114   Code   RO          581    i.run_task          customer_creation_manager.o
    0x08004a60   0x08004a60   0x0000001e   Code   RO          640    i.set_customer_stats  bank_teller.o
    0x08004a7e   0x08004a7e   0x00000010   Code   RO          641    i.set_teller_transaction_stats  bank_teller.o
    0x08004a8e   0x08004a8e   0x00000026   Code   RO          642    i.set_time_waited   bank_teller.o
    0x08004ab4   0x08004ab4   0x00000010   Code   RO          643    i.start_waiting     bank_teller.o
    0x08004ac4   0x08004ac4   0x0000003c   Code   RO          644    i.teller_state_init  bank_teller.o
    0x08004b00   0x08004b00   0x00000028   Code   RO         4257    i.uxListRemove      list.o
    0x08004b28   0x08004b28   0x0000002a   Code   RO         4305    i.uxQueueMessagesWaiting  queue.o
    0x08004b52   0x08004b52   0x0000001a   Code   RO         4258    i.vListInitialise   list.o
    0x08004b6c   0x08004b6c   0x00000006   Code   RO         4259    i.vListInitialiseItem  list.o
    0x08004b72   0x08004b72   0x00000034   Code   RO         4260    i.vListInsert       list.o
    0x08004ba6   0x08004ba6   0x00000018   Code   RO         4261    i.vListInsertEnd    list.o
    0x08004bbe   0x08004bbe   0x00000002   PAD
    0x08004bc0   0x08004bc0   0x00000054   Code   RO         5341    i.vPortEnterCritical  port.o
    0x08004c14   0x08004c14   0x0000003c   Code   RO         5342    i.vPortExitCritical  port.o
    0x08004c50   0x08004c50   0x00000094   Code   RO         5278    i.vPortFree         heap_4.o
    0x08004ce4   0x08004ce4   0x00000028   Code   RO         5343    i.vPortSetupTimerInterrupt  port.o
    0x08004d0c   0x08004d0c   0x0000005c   Code   RO         4619    i.vTaskDelay        tasks.o
    0x08004d68   0x08004d68   0x000000f4   Code   RO         4620    i.vTaskDelete       tasks.o
    0x08004e5c   0x08004e5c   0x00000018   Code   RO         4622    i.vTaskInternalSetTimeOutState  tasks.o
    0x08004e74   0x08004e74   0x0000000c   Code   RO         4623    i.vTaskMissedYield  tasks.o
    0x08004e80   0x08004e80   0x00000038   Code   RO         4625    i.vTaskPlaceOnEventList  tasks.o
    0x08004eb8   0x08004eb8   0x00000088   Code   RO         4632    i.vTaskStartScheduler  tasks.o
    0x08004f40   0x08004f40   0x00000010   Code   RO         4634    i.vTaskSuspendAll   tasks.o
    0x08004f50   0x08004f50   0x0000008c   Code   RO         4635    i.vTaskSwitchContext  tasks.o
    0x08004fdc   0x08004fdc   0x00000168   Code   RO         5345    i.xPortStartScheduler  port.o
    0x08005144   0x08005144   0x00000058   Code   RO         4312    i.xQueueGenericCreate  queue.o
    0x0800519c   0x0800519c   0x00000098   Code   RO         4313    i.xQueueGenericReset  queue.o
    0x08005234   0x08005234   0x000001a8   Code   RO         4314    i.xQueueGenericSend  queue.o
    0x080053dc   0x080053dc   0x00000168   Code   RO         4321    i.xQueueReceive     queue.o
    0x08005544   0x08005544   0x0000008c   Code   RO         4636    i.xTaskCheckForTimeOut  tasks.o
    0x080055d0   0x080055d0   0x00000066   Code   RO         4637    i.xTaskCreate       tasks.o
    0x08005636   0x08005636   0x00000002   PAD
    0x08005638   0x08005638   0x00000020   Code   RO         4641    i.xTaskGetSchedulerState  tasks.o
    0x08005658   0x08005658   0x0000000c   Code   RO         4642    i.xTaskGetTickCount  tasks.o
    0x08005664   0x08005664   0x00000148   Code   RO         4644    i.xTaskIncrementTick  tasks.o
    0x080057ac   0x080057ac   0x000000c8   Code   RO         4647    i.xTaskPriorityDisinherit  tasks.o
    0x08005874   0x08005874   0x00000098   Code   RO         4649    i.xTaskRemoveFromEventList  tasks.o
    0x0800590c   0x0800590c   0x00000104   Code   RO         4650    i.xTaskResumeAll    tasks.o
    0x08005a10   0x08005a10   0x00000014   Data   RO          310    .constdata          freertos.o
    0x08005a24   0x08005a24   0x00000048   Data   RO         4127    .constdata          system_stm32l4xx.o
    0x08005a6c   0x08005a6c   0x0000000c   Data   RO          311    .conststring        freertos.o
    0x08005a78   0x08005a78   0x00000115   Data   RO          720    .conststring        bank.o
    0x08005b8d   0x08005b8d   0x00000003   PAD
    0x08005b90   0x08005b90   0x00000020   Data   RO         5735    Region$$Table       anon$$obj.o


    Execution Region RW_IRAM1 (Exec base: 0x20000000, Load base: 0x08005bb0, Size: 0x000087b8, Max: 0x00018000, ABSOLUTE)

    Exec Addr    Load Addr    Size         Type   Attr      Idx    E Section Name        Object

    0x20000000   0x08005bb0   0x00000004   Data   RW          312    .data               freertos.o
    0x20000004   0x08005bb4   0x00000004   Data   RW          583    .data               customer_creation_manager.o
    0x20000008   0x08005bb8   0x00000024   Data   RW          721    .data               bank.o
    0x2000002c   0x08005bdc   0x00000004   Data   RW         2275    .data               stm32l4xx_hal.o
    0x20000030   0x08005be0   0x00000004   Data   RW         4128    .data               system_stm32l4xx.o
    0x20000034   0x08005be4   0x0000003c   Data   RW         4653    .data               tasks.o
    0x20000070   0x08005c20   0x00000018   Data   RW         5283    .data               heap_4.o
    0x20000088   0x08005c38   0x0000000c   Data   RW         5346    .data               port.o
    0x20000094        -       0x00000010   Zero   RW          357    .bss                rng.o
    0x200000a4        -       0x00000078   Zero   RW          400    .bss                usart.o
    0x2000011c        -       0x00000040   Zero   RW          542    .bss                stm32l4xx_hal_timebase_tim.o
    0x2000015c        -       0x00000010   Zero   RW          582    .bss                customer_creation_manager.o
    0x2000016c        -       0x000000cc   Zero   RW          645    .bss                bank_teller.o
    0x20000238        -       0x00000090   Zero   RW          719    .bss                bank.o
    0x200002c8        -       0x000000f0   Zero   RW         4652    .bss                tasks.o
    0x200003b8        -       0x00008000   Zero   RW         5282    .bss                heap_4.o
    0x200083b8        -       0x00000400   Zero   RW            1    STACK               startup_stm32l476xx.o


==============================================================================

Image component sizes


      Code (inc. data)   RO Data    RW Data    ZI Data      Debug   Object Name

      1926        590        277         36        144       9374   bank.o
       516         74          0          0        204       6405   bank_teller.o
        96          0          0          0          0      12839   cmsis_os.o
       506        154          0          4         16       5817   customer_creation_manager.o
         0          0          0          0          0       9648   event_groups.o
        50         10         32          4          0       5386   freertos.o
       180         12          0          0          0       1019   gpio.o
       692         62          0         24      32768       7667   heap_4.o
         0          0          0          0          0     844964   led_task.o
       148          0          0          0          0       3862   list.o
       378         66          0          0          0       4061   main.o
       926         78          0         12          0      11688   port.o
      1452         14          0          0          0      12340   queue.o
        80         18          0          0         16       1647   rng.o
        36          8        392          0       1024        884   startup_stm32l476xx.o
        58         10          0          4          0       3128   stm32l4xx_hal.o
       252         22          0          0          0      30422   stm32l4xx_hal_cortex.o
       526         36          0          0          0       2468   stm32l4xx_hal_gpio.o
        72          4          0          0          0        926   stm32l4xx_hal_msp.o
       156         18          0          0          0       1454   stm32l4xx_hal_pwr_ex.o
      2516        108          0          0          0       8337   stm32l4xx_hal_rcc.o
      1988         48          0          0          0       4136   stm32l4xx_hal_rcc_ex.o
       170          0          0          0          0       2114   stm32l4xx_hal_rng.o
       774         40          0          0          0       6834   stm32l4xx_hal_tim.o
         6          0          0          0          0       2365   stm32l4xx_hal_tim_ex.o
       136         18          0          0         64       1591   stm32l4xx_hal_timebase_tim.o
      1962         50          0          0          0       6341   stm32l4xx_hal_uart.o
        36          6          0          0          0       3584   stm32l4xx_it.o
        80         12         72          4          0       1365   system_stm32l4xx.o
      2740        386          0         60        240      23914   tasks.o
       244         26          0          0        120       3169   usart.o

    ----------------------------------------------------------------------
     18738       1870        808        148      34596    1039749   Object Totals
         0          0         32          0          0          0   (incl. Generated)
        36          0          3          0          0          0   (incl. Padding)

    ----------------------------------------------------------------------

      Code (inc. data)   RO Data    RW Data    ZI Data      Debug   Library Member Name

         0          0          0          0          0          0   entry.o
         0          0          0          0          0          0   entry10a.o
         0          0          0          0          0          0   entry11a.o
         8          4          0          0          0          0   entry2.o
         4          0          0          0          0          0   entry5.o
         0          0          0          0          0          0   entry7b.o
         0          0          0          0          0          0   entry8b.o
         8          4          0          0          0          0   entry9a.o
        30          0          0          0          0          0   handlers.o
        36          8          0          0          0         68   init.o
         0          0          0          0          0          0   iusefp.o
        30          0          0          0          0         68   llshl.o
        36          0          0          0          0         68   llsshr.o
        32          0          0          0          0         68   llushr.o
        36          0          0          0          0         68   memcpya.o
        36          0          0          0          0        108   memseta.o
      2352         88          0          0          0        600   printfa.o
        14          0          0          0          0         68   strlen.o
        24          0          0          0          0         76   strncpy.o
        44          0          0          0          0         80   uidiv.o
       104          0          0          0          0         92   uldiv.o
        48          0          0          0          0         68   cdrcmple.o
       350          0          0          0          0        148   dadd.o
       222          0          0          0          0        100   ddiv.o
       186          0          0          0          0        176   depilogue.o
        48          0          0          0          0         68   dfixul.o
       234          0          0          0          0         96   dmul.o
        38          0          0          0          0         68   f2d.o

    ----------------------------------------------------------------------
      3926        104          0          0          0       2088   Library Totals
         6          0          0          0          0          0   (incl. Padding)

    ----------------------------------------------------------------------

      Code (inc. data)   RO Data    RW Data    ZI Data      Debug   Library Name

      2794        104          0          0          0       1364   mc_w.l
      1126          0          0          0          0        724   mf_w.l

    ----------------------------------------------------------------------
      3926        104          0          0          0       2088   Library Totals

    ----------------------------------------------------------------------

==============================================================================


      Code (inc. data)   RO Data    RW Data    ZI Data      Debug   

     22664       1974        808        148      34596    1027449   Grand Totals
     22664       1974        808        148      34596    1027449   ELF Image Totals
     22664       1974        808        148          0          0   ROM Totals

==============================================================================

    Total RO  Size (Code + RO Data)                23472 (  22.92kB)
    Total RW  Size (RW Data + ZI Data)             34744 (  33.93kB)
    Total ROM Size (Code + RO Data + RW Data)      23620 (  23.07kB)

==============================================================================

