Component: ARM Compiler 5.06 update 6 (build 750) Tool: armlink [4d35ed]

==============================================================================

Section Cross References

    startup_stm32l476xx.o(RESET) refers to startup_stm32l476xx.o(STACK) for __initial_sp
    startup_stm32l476xx.o(RESET) refers to startup_stm32l476xx.o(.text) for Reset_Handler
    startup_stm32l476xx.o(RESET) refers to stm32l4xx_it.o(i.NMI_Handler) for NMI_Handler
    startup_stm32l476xx.o(RESET) refers to stm32l4xx_it.o(i.HardFault_Handler) for HardFault_Handler
    startup_stm32l476xx.o(RESET) refers to stm32l4xx_it.o(i.MemManage_Handler) for MemManage_Handler
    startup_stm32l476xx.o(RESET) refers to stm32l4xx_it.o(i.BusFault_Handler) for BusFault_Handler
    startup_stm32l476xx.o(RESET) refers to stm32l4xx_it.o(i.UsageFault_Handler) for UsageFault_Handler
    startup_stm32l476xx.o(RESET) refers to port.o(.emb_text) for SVC_Handler
    startup_stm32l476xx.o(RESET) refers to stm32l4xx_it.o(i.DebugMon_Handler) for DebugMon_Handler
    startup_stm32l476xx.o(RESET) refers to port.o(i.SysTick_Handler) for SysTick_Handler
    startup_stm32l476xx.o(RESET) refers to stm32l4xx_it.o(i.TIM1_UP_TIM16_IRQHandler) for TIM1_UP_TIM16_IRQHandler
    startup_stm32l476xx.o(.text) refers to system_stm32l4xx.o(i.SystemInit) for SystemInit
    startup_stm32l476xx.o(.text) refers to entry.o(.ARM.Collect$$$$00000000) for __main
    led_task.o(i.led_task) refers to led_task.o(i.led_toggle) for led_toggle
    led_task.o(i.led_task) refers to stm32l4xx_hal_rng.o(i.HAL_RNG_GenerateRandomNumber) for HAL_RNG_GenerateRandomNumber
    led_task.o(i.led_task) refers to usart.o(i.USART_Printf) for USART_Printf
    led_task.o(i.led_task) refers to tasks.o(i.vTaskDelay) for vTaskDelay
    led_task.o(i.led_task) refers to rng.o(.bss) for hrng
    led_task.o(i.led_task_init) refers to strncpy.o(.text) for strncpy
    led_task.o(i.led_task_init) refers to tasks.o(i.xTaskCreate) for xTaskCreate
    led_task.o(i.led_task_init) refers to led_task.o(.bss) for led_parpams
    led_task.o(i.led_task_init) refers to led_task.o(i.led_task) for led_task
    led_task.o(i.led_toggle) refers to stm32l4xx_hal_gpio.o(i.HAL_GPIO_TogglePin) for HAL_GPIO_TogglePin
    main.o(i.HAL_TIM_PeriodElapsedCallback) refers to stm32l4xx_hal.o(i.HAL_IncTick) for HAL_IncTick
    main.o(i.SystemClock_Config) refers to memseta.o(.text) for __aeabi_memclr4
    main.o(i.SystemClock_Config) refers to stm32l4xx_hal_rcc.o(i.HAL_RCC_OscConfig) for HAL_RCC_OscConfig
    main.o(i.SystemClock_Config) refers to main.o(i.Error_Handler) for Error_Handler
    main.o(i.SystemClock_Config) refers to stm32l4xx_hal_rcc.o(i.HAL_RCC_ClockConfig) for HAL_RCC_ClockConfig
    main.o(i.SystemClock_Config) refers to stm32l4xx_hal_rcc_ex.o(i.HAL_RCCEx_PeriphCLKConfig) for HAL_RCCEx_PeriphCLKConfig
    main.o(i.SystemClock_Config) refers to stm32l4xx_hal_pwr_ex.o(i.HAL_PWREx_ControlVoltageScaling) for HAL_PWREx_ControlVoltageScaling
    main.o(i.main) refers to stm32l4xx_hal.o(i.HAL_Init) for HAL_Init
    main.o(i.main) refers to sysclock.o(i.System_Clock_Init) for System_Clock_Init
    main.o(i.main) refers to led.o(i.LED_Init) for LED_Init
    main.o(i.main) refers to timetracker.o(i.init_timer_clock) for init_timer_clock
    main.o(i.main) refers to main.o(i.SystemClock_Config) for SystemClock_Config
    main.o(i.main) refers to gpio.o(i.MX_GPIO_Init) for MX_GPIO_Init
    main.o(i.main) refers to rng.o(i.MX_RNG_Init) for MX_RNG_Init
    main.o(i.main) refers to usart.o(i.MX_USART2_UART_Init) for MX_USART2_UART_Init
    main.o(i.main) refers to usart.o(i.USART_Printf) for USART_Printf
    main.o(i.main) refers to pwm.o(i.init_PWM) for init_PWM
    main.o(i.main) refers to pwm.o(i.add_output_channel) for add_output_channel
    main.o(i.main) refers to memcpya.o(.text) for __aeabi_memcpy4
    main.o(i.main) refers to recipehandler.o(i.init_recipe) for init_recipe
    main.o(i.main) refers to servo_task.o(i.init_servo_task) for init_servo_task
    main.o(i.main) refers to freertos.o(i.MX_FREERTOS_Init) for MX_FREERTOS_Init
    main.o(i.main) refers to cmsis_os.o(i.osKernelStart) for osKernelStart
    main.o(i.main) refers to main.o(.constdata) for .constdata
    gpio.o(i.MX_GPIO_Init) refers to memseta.o(.text) for __aeabi_memclr4
    gpio.o(i.MX_GPIO_Init) refers to stm32l4xx_hal_gpio.o(i.HAL_GPIO_WritePin) for HAL_GPIO_WritePin
    gpio.o(i.MX_GPIO_Init) refers to stm32l4xx_hal_gpio.o(i.HAL_GPIO_Init) for HAL_GPIO_Init
    freertos.o(i.MX_FREERTOS_Init) refers to memcpya.o(.text) for __aeabi_memcpy4
    freertos.o(i.MX_FREERTOS_Init) refers to cmsis_os.o(i.osThreadCreate) for osThreadCreate
    freertos.o(i.MX_FREERTOS_Init) refers to freertos.o(.constdata) for .constdata
    freertos.o(i.MX_FREERTOS_Init) refers to freertos.o(.data) for defaultTaskHandle
    freertos.o(i.StartDefaultTask) refers to cmsis_os.o(i.osDelay) for osDelay
    freertos.o(.constdata) refers to freertos.o(.conststring) for .conststring
[...]
    ../clib/microlib/init/entry.s            0x00000000   Number         0  entry9b.o ABSOLUTE
    ../clib/microlib/init/entry.s            0x00000000   Number         0  entry5.o ABSOLUTE
    ../clib/microlib/init/entry.s            0x00000000   Number         0  entry11a.o ABSOLUTE
    ../clib/microlib/init/entry.s            0x00000000   Number         0  entry11b.o ABSOLUTE
    ../clib/microlib/longlong.c              0x00000000   Number         0  llsshr.o ABSOLUTE
    ../clib/microlib/longlong.c              0x00000000   Number         0  llushr.o ABSOLUTE
    ../clib/microlib/longlong.c              0x00000000   Number         0  llshl.o ABSOLUTE
    ../clib/microlib/printf/printf.c         0x00000000   Number         0  printfa.o ABSOLUTE
    ../clib/microlib/stdio/fputc.c           0x00000000   Number         0  fputc.o ABSOLUTE
    ../clib/microlib/stdio/semi.s            0x00000000   Number         0  semi.o ABSOLUTE
    ../clib/microlib/stdio/streams.c         0x00000000   Number         0  stdout.o ABSOLUTE
    ../clib/microlib/string/memcpy.c         0x00000000   Number         0  memcpya.o ABSOLUTE
    ../clib/microlib/string/memcpy.c         0x00000000   Number         0  memcpyb.o ABSOLUTE
    ../clib/microlib/string/memset.c         0x00000000   Number         0  memset.o ABSOLUTE
    ../clib/microlib/string/memset.c         0x00000000   Number         0  memseta.o ABSOLUTE
    ../clib/microlib/string/strlen.c         0x00000000   Number         0  strlen.o ABSOLUTE
    ../clib/microlib/string/strncpy.c        0x00000000   Number         0  strncpy.o ABSOLUTE
    ../clib/microlib/stubs.s                 0x00000000   Number         0  iusefp.o ABSOLUTE
    ../clib/microlib/stubs.s                 0x00000000   Number         0  iusesemip.o ABSOLUTE
    ../fplib/microlib/fpadd.c                0x00000000   Number         0  dadd.o ABSOLUTE
    ../fplib/microlib/fpdiv.c                0x00000000   Number         0  ddiv.o ABSOLUTE
    ../fplib/microlib/fpepilogue.c           0x00000000   Number         0  depilogue.o ABSOLUTE
    ../fplib/microlib/fpfix.c                0x00000000   Number         0  dfixul.o ABSOLUTE
    ../fplib/microlib/fpfix.c                0x00000000   Number         0  dfixi.o ABSOLUTE
    ../fplib/microlib/fpflt.c                0x00000000   Number         0  dflti.o ABSOLUTE
    ../fplib/microlib/fpmul.c                0x00000000   Number         0  dmul.o ABSOLUTE
    ..\Drivers\STM32L4xx_HAL_Driver\Src\stm32l4xx_hal.c 0x00000000   Number         0  stm32l4xx_hal.o ABSOLUTE
    ..\Drivers\STM32L4xx_HAL_Driver\Src\stm32l4xx_hal_cortex.c 0x00000000   Number         0  stm32l4xx_hal_cortex.o ABSOLUTE
    ..\Drivers\STM32L4xx_HAL_Driver\Src\stm32l4xx_hal_dma.c 0x00000000   Number         0  stm32l4xx_hal_dma.o ABSOLUTE
    ..\Drivers\STM32L4xx_HAL_Driver\Src\stm32l4xx_hal_dma_ex.c 0x00000000   Number         0  stm32l4xx_hal_dma_ex.o ABSOLUTE
    ..\Drivers\STM32L4xx_HAL_Driver\Src\stm32l4xx_hal_flash.c 0x00000000   Number         0  stm32l4xx_hal_flash.o ABSOLUTE
    ..\Drivers\STM32L4xx_HAL_Driver\Src\stm32l4xx_hal_flash_ex.c 0x00000000   Number         0  stm32l4xx_hal_flash_ex.o ABSOLUTE
    ..\Drivers\STM32L4xx_HAL_Driver\Src\stm32l4xx_hal_flash_ramfunc.c 0x00000000   Number         0  stm32l4xx_hal_flash_ramfunc.o ABSOLUTE
    ..\Drivers\STM32L4xx_HAL_Driver\Src\stm32l4xx_hal_gpio.c 0x00000000   Number         0  stm32l4xx_hal_gpio.o ABSOLUTE
    ..\Drivers\STM32L4xx_HAL_Driver\Src\stm32l4xx_hal_i2c.c 0x00000000   Number         0  stm32l4xx_hal_i2c.o ABSOLUTE
    ..\Drivers\STM32L4xx_HAL_Driver\Src\stm32l4xx_hal_i2c_ex.c 0x00000000   Number         0  stm32l4xx_hal_i2c_ex.o ABSOLUTE
    ..\Drivers\STM32L4xx_HAL_Driver\Src\stm32l4xx_hal_pwr.c 0x00000000   Number         0  stm32l4xx_hal_pwr.o ABSOLUTE
    ..\Drivers\STM32L4xx_HAL_Driver\Src\stm32l4xx_hal_pwr_ex.c 0x00000000   Number         0  stm32l4xx_hal_pwr_ex.o ABSOLUTE
    ..\Drivers\STM32L4xx_HAL_Driver\Src\stm32l4xx_hal_rcc.c 0x00000000   Number         0  stm32l4xx_hal_rcc.o ABSOLUTE
    ..\Drivers\STM32L4xx_HAL_Driver\Src\stm32l4xx_hal_rcc_ex.c 0x00000000   Number         0  stm32l4xx_hal_rcc_ex.o ABSOLUTE
    ..\Drivers\STM32L4xx_HAL_Driver\Src\stm32l4xx_hal_rng.c 0x00000000   Number         0  stm32l4xx_hal_rng.o ABSOLUTE
    ..\Drivers\STM32L4xx_HAL_Driver\Src\stm32l4xx_hal_tim.c 0x00000000   Number         0  stm32l4xx_hal_tim.o ABSOLUTE
    ..\Drivers\STM32L4xx_HAL_Driver\Src\stm32l4xx_hal_tim_ex.c 0x00000000   Number         0  stm32l4xx_hal_tim_ex.o ABSOLUTE
    ..\Drivers\STM32L4xx_HAL_Driver\Src\stm32l4xx_hal_uart.c 0x00000000   Number         0  stm32l4xx_hal_uart.o ABSOLUTE
    ..\Drivers\STM32L4xx_HAL_Driver\Src\stm32l4xx_hal_uart_ex.c 0x00000000   Number         0  stm32l4xx_hal_uart_ex.o ABSOLUTE
    ..\Middlewares\Third_Party\FreeRTOS\Source\CMSIS_RTOS\cmsis_os.c 0x00000000   Number         0  cmsis_os.o ABSOLUTE
    ..\Middlewares\Third_Party\FreeRTOS\Source\portable\RVDS\ARM_CM4F\port.c 0x00000000   Number         0  port.o ABSOLUTE
    ..\Src\LED.c                             0x00000000   Number         0  led.o ABSOLUTE
    ..\Src\PWM.c                             0x00000000   Number         0  pwm.o ABSOLUTE
    ..\Src\PinSetup.c                        0x00000000   Number         0  pinsetup.o ABSOLUTE
    ..\Src\RecipeHandler.c                   0x00000000   Number         0  recipehandler.o ABSOLUTE
    ..\Src\ServoConrol.c                     0x00000000   Number         0  servoconrol.o ABSOLUTE
    ..\Src\Servo_Task.c                      0x00000000   Number         0  servo_task.o ABSOLUTE
    ..\Src\SysClock.c                        0x00000000   Number         0  sysclock.o ABSOLUTE
    ..\Src\TimeTracker.c                     0x00000000   Number         0  timetracker.o ABSOLUTE
    ..\Src\UI_Task.c                         0x00000000   Number         0  ui_task.o ABSOLUTE
    ..\Src\freertos.c                        0x00000000   Number         0  freertos.o ABSOLUTE
    ..\Src\gpio.c                            0x00000000   Number         0  gpio.o ABSOLUTE
    ..\Src\led_task.c                        0x00000000   Number         0  led_task.o ABSOLUTE
    ..\Src\main.c                            0x00000000   Number         0  main.o ABSOLUTE
    ..\Src\rng.c                             0x00000000   Number         0  rng.o ABSOLUTE
    ..\Src\stm32l4xx_hal_msp.c               0x00000000   Number         0  stm32l4xx_hal_msp.o ABSOLUTE
    ..\Src\stm32l4xx_hal_timebase_tim.c      0x00000000   Number         0  stm32l4xx_hal_timebase_tim.o ABSOLUTE
    ..\Src\stm32l4xx_it.c                    0x00000000   Number         0  stm32l4xx_it.o ABSOLUTE
    ..\Src\system_stm32l4xx.c                0x00000000   Number         0  system_stm32l4xx.o ABSOLUTE
    ..\Src\usart.c                           0x00000000   Number         0  usart.o ABSOLUTE
    ..\\Src\\LED.c                           0x00000000   Number         0  led.o ABSOLUTE
    ..\\Src\\PWM.c                           0x00000000   Number         0  pwm.o ABSOLUTE
    ..\\Src\\PinSetup.c                      0x00000000   Number         0  pinsetup.o ABSOLUTE
    ..\\Src\\RecipeHandler.c                 0x00000000   Number         0  recipehandler.o ABSOLUTE
    ..\\Src\\ServoConrol.c                   0x00000000   Number         0  servoconrol.o ABSOLUTE
    ..\\Src\\Servo_Task.c                    0x00000000   Number         0  servo_task.o ABSOLUTE
    ..\\Src\\SysClock.c                      0x00000000   Number         0  sysclock.o ABSOLUTE
    ..\\Src\\TimeTracker.c                   0x00000000   Number         0  timetracker.o ABSOLUTE
    ..\\Src\\led_task.c                      0x00000000   Number         0  led_task.o ABSOLUTE
    cdrcmple.s                               0x00000000   Number         0  cdrcmple.o ABSOLUTE
    dc.s                                     0x00000000   Number         0  dc.o ABSOLUTE
    handlers.s                               0x00000000   Number         0  handlers.o ABSOLUTE
    init.s                                   0x00000000   Number         0  init.o ABSOLUTE
    startup_stm32l476xx.s                    0x00000000   Number         0  startup_stm32l476xx.o ABSOLUTE
    RESET                                    0x08000000   Section      392  startup_stm32l476xx.o(RESET)
    .ARM.Collect$$$$00000000                 0x08000188   Section        0  entry.o(.ARM.Collect$$$$00000000)
    .ARM.Collect$$$$00000001                 0x08000188   Section        4  entry2.o(.ARM.Collect$$$$00000001)
    .ARM.Collect$$$$00000004                 0x0800018c   Section        4  entry5.o(.ARM.Collect$$$$00000004)
    .ARM.Collect$$$$00000008                 0x08000190   Section        0  entry7b.o(.ARM.Collect$$$$00000008)
    .ARM.Collect$$$$0000000A                 0x08000190   Section        0  entry8b.o(.ARM.Collect$$$$0000000A)
    .ARM.Collect$$$$0000000B                 0x08000190   Section        8  entry9a.o(.ARM.Collect$$$$0000000B)
    .ARM.Collect$$$$0000000D                 0x08000198   Section        0  entry10a.o(.ARM.Collect$$$$0000000D)
    .ARM.Collect$$$$0000000F                 0x08000198   Section        0  entry11a.o(.ARM.Collect$$$$0000000F)
    .ARM.Collect$$$$00002712                 0x08000198   Section        4  entry2.o(.ARM.Collect$$$$00002712)
    __lit__00000000                          0x08000198   Data           4  entry2.o(.ARM.Collect$$$$00002712)
    .emb_text                                0x0800019c   Section      190  port.o(.emb_text)
    $v0                                      0x0800019c   Number         0  port.o(.emb_text)
    .text                                    0x0800027c   Section       36  startup_stm32l476xx.o(.text)
    $v0                                      0x0800027c   Number         0  startup_stm32l476xx.o(.text)
    .text                                    0x080002a0   Section        0  uldiv.o(.text)
    .text                                    0x08000308   Section        0  memcpya.o(.text)
    .text                                    0x0800032c   Section        0  memseta.o(.text)
    .text                                    0x08000350   Section        0  strncpy.o(.text)
    .text                                    0x08000368   Section        0  strlen.o(.text)
    .text                                    0x08000376   Section        0  dadd.o(.text)
    .text                                    0x080004d4   Section        0  dmul.o(.text)
    .text                                    0x080005be   Section        0  ddiv.o(.text)
    .text                                    0x0800069c   Section        0  dflti.o(.text)
    .text                                    0x080006be   Section        0  dfixi.o(.text)
    .text                                    0x080006fc   Section        0  uidiv.o(.text)
    .text                                    0x08000728   Section        0  llshl.o(.text)
    .text                                    0x08000746   Section        0  llushr.o(.text)
    .text                                    0x08000766   Section        0  llsshr.o(.text)
    .text                                    0x0800078a   Section        0  iusefp.o(.text)
    .text                                    0x0800078a   Section        0  depilogue.o(.text)
    .text                                    0x08000844   Section        0  dfixul.o(.text)
    .text                                    0x08000874   Section       48  cdrcmple.o(.text)
    .text                                    0x080008a4   Section       36  init.o(.text)
    i.BusFault_Handler                       0x080008c8   Section        0  stm32l4xx_it.o(i.BusFault_Handler)
    i.DebugMon_Handler                       0x080008cc   Section        0  stm32l4xx_it.o(i.DebugMon_Handler)
    i.Error_Handler                          0x080008ce   Section        0  main.o(i.Error_Handler)
    i.Green_LED_Off                          0x080008d0   Section        0  led.o(i.Green_LED_Off)
    i.Green_LED_On                           0x080008e4   Section        0  led.o(i.Green_LED_On)
    i.HAL_GPIO_Init                          0x080008f8   Section        0  stm32l4xx_hal_gpio.o(i.HAL_GPIO_Init)
    i.HAL_GPIO_WritePin                      0x08000afc   Section        0  stm32l4xx_hal_gpio.o(i.HAL_GPIO_WritePin)
    i.HAL_GetTick                            0x08000b08   Section        0  stm32l4xx_hal.o(i.HAL_GetTick)
    i.HAL_IncTick                            0x08000b14   Section        0  stm32l4xx_hal.o(i.HAL_IncTick)
    i.HAL_Init                               0x08000b24   Section        0  stm32l4xx_hal.o(i.HAL_Init)
    i.HAL_InitTick                           0x08000b44   Section        0  stm32l4xx_hal_timebase_tim.o(i.HAL_InitTick)
    i.HAL_MspInit                            0x08000bcc   Section        0  stm32l4xx_hal_msp.o(i.HAL_MspInit)
    i.HAL_NVIC_EnableIRQ                     0x08000c14   Section        0  stm32l4xx_hal_cortex.o(i.HAL_NVIC_EnableIRQ)
    i.HAL_NVIC_SetPriority                   0x08000c2e   Section        0  stm32l4xx_hal_cortex.o(i.HAL_NVIC_SetPriority)
    i.HAL_NVIC_SetPriorityGrouping           0x08000cb0   Section        0  stm32l4xx_hal_cortex.o(i.HAL_NVIC_SetPriorityGrouping)
    i.HAL_PWREx_ControlVoltageScaling        0x08000cd8   Section        0  stm32l4xx_hal_pwr_ex.o(i.HAL_PWREx_ControlVoltageScaling)
    i.HAL_PWREx_GetVoltageRange              0x08000d64   Section        0  stm32l4xx_hal_pwr_ex.o(i.HAL_PWREx_GetVoltageRange)
    i.HAL_RCCEx_PeriphCLKConfig              0x08000d74   Section        0  stm32l4xx_hal_rcc_ex.o(i.HAL_RCCEx_PeriphCLKConfig)
    i.HAL_RCC_ClockConfig                    0x08001248   Section        0  stm32l4xx_hal_rcc.o(i.HAL_RCC_ClockConfig)
    i.HAL_RCC_GetClockConfig                 0x080013c0   Section        0  stm32l4xx_hal_rcc.o(i.HAL_RCC_GetClockConfig)
    i.HAL_RCC_GetHCLKFreq                    0x08001404   Section        0  stm32l4xx_hal_rcc.o(i.HAL_RCC_GetHCLKFreq)
    i.HAL_RCC_GetPCLK1Freq                   0x08001410   Section        0  stm32l4xx_hal_rcc.o(i.HAL_RCC_GetPCLK1Freq)
    i.HAL_RCC_GetPCLK2Freq                   0x08001434   Section        0  stm32l4xx_hal_rcc.o(i.HAL_RCC_GetPCLK2Freq)
    i.HAL_RCC_GetSysClockFreq                0x08001458   Section        0  stm32l4xx_hal_rcc.o(i.HAL_RCC_GetSysClockFreq)
    i.HAL_RCC_OscConfig                      0x08001574   Section        0  stm32l4xx_hal_rcc.o(i.HAL_RCC_OscConfig)
    i.HAL_RNG_Init                           0x08001b80   Section        0  stm32l4xx_hal_rng.o(i.HAL_RNG_Init)
    i.HAL_RNG_MspInit                        0x08001bb4   Section        0  rng.o(i.HAL_RNG_MspInit)
    i.HAL_TIMEx_Break2Callback               0x08001be4   Section        0  stm32l4xx_hal_tim_ex.o(i.HAL_TIMEx_Break2Callback)
    i.HAL_TIMEx_BreakCallback                0x08001be6   Section        0  stm32l4xx_hal_tim_ex.o(i.HAL_TIMEx_BreakCallback)
    i.HAL_TIMEx_CommutationCallback          0x08001be8   Section        0  stm32l4xx_hal_tim_ex.o(i.HAL_TIMEx_CommutationCallback)
    i.HAL_TIM_Base_Init                      0x08001bea   Section        0  stm32l4xx_hal_tim.o(i.HAL_TIM_Base_Init)
    i.HAL_TIM_Base_MspInit                   0x08001c1e   Section        0  stm32l4xx_hal_tim.o(i.HAL_TIM_Base_MspInit)
    i.HAL_TIM_Base_Start_IT                  0x08001c20   Section        0  stm32l4xx_hal_tim.o(i.HAL_TIM_Base_Start_IT)
    i.HAL_TIM_IC_CaptureCallback             0x08001c64   Section        0  stm32l4xx_hal_tim.o(i.HAL_TIM_IC_CaptureCallback)
    i.HAL_TIM_IRQHandler                     0x08001c66   Section        0  stm32l4xx_hal_tim.o(i.HAL_TIM_IRQHandler)
    i.HAL_TIM_OC_DelayElapsedCallback        0x08001e1e   Section        0  stm32l4xx_hal_tim.o(i.HAL_TIM_OC_DelayElapsedCallback)
    i.HAL_TIM_PWM_PulseFinishedCallback      0x08001e20   Section        0  stm32l4xx_hal_tim.o(i.HAL_TIM_PWM_PulseFinishedCallback)
    i.HAL_TIM_PeriodElapsedCallback          0x08001e24   Section        0  main.o(i.HAL_TIM_PeriodElapsedCallback)
    i.HAL_TIM_TriggerCallback                0x08001e3c   Section        0  stm32l4xx_hal_tim.o(i.HAL_TIM_TriggerCallback)
    i.HAL_UART_Init                          0x08001e3e   Section        0  stm32l4xx_hal_uart.o(i.HAL_UART_Init)
    i.HAL_UART_MspInit                       0x08001eb8   Section        0  usart.o(i.HAL_UART_MspInit)
    i.HAL_UART_Transmit                      0x08001f30   Section        0  stm32l4xx_hal_uart.o(i.HAL_UART_Transmit)
    i.HardFault_Handler                      0x08001ff8   Section        0  stm32l4xx_it.o(i.HardFault_Handler)
    i.LED_Init                               0x08001ffc   Section        0  led.o(i.LED_Init)
    i.MX_FREERTOS_Init                       0x08002098   Section        0  freertos.o(i.MX_FREERTOS_Init)
    i.MX_GPIO_Init                           0x080020c0   Section        0  gpio.o(i.MX_GPIO_Init)
    i.MX_RNG_Init                            0x08002174   Section        0  rng.o(i.MX_RNG_Init)
    i.MX_USART2_UART_Init                    0x08002194   Section        0  usart.o(i.MX_USART2_UART_Init)
    i.MemManage_Handler                      0x080021d4   Section        0  stm32l4xx_it.o(i.MemManage_Handler)
    i.NMI_Handler                            0x080021d8   Section        0  stm32l4xx_it.o(i.NMI_Handler)
    i.NVIC_GetPriorityGrouping               0x080021dc   Section        0  stm32l4xx_hal_cortex.o(i.NVIC_GetPriorityGrouping)
    NVIC_GetPriorityGrouping                 0x080021dd   Thumb Code    10  stm32l4xx_hal_cortex.o(i.NVIC_GetPriorityGrouping)
    i.NVIC_SetPriority                       0x080021ec   Section        0  stm32l4xx_hal_cortex.o(i.NVIC_SetPriority)
    NVIC_SetPriority                         0x080021ed   Thumb Code    32  stm32l4xx_hal_cortex.o(i.NVIC_SetPriority)
    i.RCCEx_PLLSAI1_Config                   0x08002214   Section        0  stm32l4xx_hal_rcc_ex.o(i.RCCEx_PLLSAI1_Config)
    RCCEx_PLLSAI1_Config                     0x08002215   Thumb Code   378  stm32l4xx_hal_rcc_ex.o(i.RCCEx_PLLSAI1_Config)
    i.RCCEx_PLLSAI2_Config                   0x080023a0   Section        0  stm32l4xx_hal_rcc_ex.o(i.RCCEx_PLLSAI2_Config)
    RCCEx_PLLSAI2_Config                     0x080023a1   Thumb Code   342  stm32l4xx_hal_rcc_ex.o(i.RCCEx_PLLSAI2_Config)
    i.RCC_SetFlashLatencyFromMSIRange        0x08002504   Section        0  stm32l4xx_hal_rcc.o(i.RCC_SetFlashLatencyFromMSIRange)
    RCC_SetFlashLatencyFromMSIRange          0x08002505   Thumb Code   148  stm32l4xx_hal_rcc.o(i.RCC_SetFlashLatencyFromMSIRange)
    i.Red_LED_Off                            0x080025a0   Section        0  led.o(i.Red_LED_Off)
    i.Red_LED_On                             0x080025b4   Section        0  led.o(i.Red_LED_On)
    i.StartDefaultTask                       0x080025c8   Section        0  freertos.o(i.StartDefaultTask)
    i.SysTick_Handler                        0x080025d4   Section        0  port.o(i.SysTick_Handler)
    i.SystemClock_Config                     0x08002608   Section        0  main.o(i.SystemClock_Config)
    i.SystemInit                             0x080026c0   Section        0  system_stm32l4xx.o(i.SystemInit)
    i.System_Clock_Init                      0x08002710   Section        0  sysclock.o(i.System_Clock_Init)
    i.TIM1_UP_TIM16_IRQHandler               0x08002894   Section        0  stm32l4xx_it.o(i.TIM1_UP_TIM16_IRQHandler)
    i.TIM_Base_SetConfig                     0x080028a4   Section        0  stm32l4xx_hal_tim.o(i.TIM_Base_SetConfig)
    i.UART_AdvFeatureConfig                  0x08002970   Section        0  stm32l4xx_hal_uart.o(i.UART_AdvFeatureConfig)
    i.UART_CheckIdleState                    0x08002a68   Section        0  stm32l4xx_hal_uart.o(i.UART_CheckIdleState)
    i.UART_SetConfig                         0x08002adc   Section        0  stm32l4xx_hal_uart.o(i.UART_SetConfig)
    i.UART_WaitOnFlagUntilTimeout            0x08002f6e   Section        0  stm32l4xx_hal_uart.o(i.UART_WaitOnFlagUntilTimeout)
    i.USART_Printf                           0x08002fdc   Section        0  usart.o(i.USART_Printf)
    i.UsageFault_Handler                     0x08003018   Section        0  stm32l4xx_it.o(i.UsageFault_Handler)
    i.__0vsnprintf                           0x0800301c   Section        0  printfa.o(i.__0vsnprintf)
    i.__scatterload_copy                     0x08003048   Section       14  handlers.o(i.__scatterload_copy)
    i.__scatterload_null                     0x08003056   Section        2  handlers.o(i.__scatterload_null)
    i.__scatterload_zeroinit                 0x08003058   Section       14  handlers.o(i.__scatterload_zeroinit)
    i._fp_digits                             0x08003068   Section        0  printfa.o(i._fp_digits)
    _fp_digits                               0x08003069   Thumb Code   366  printfa.o(i._fp_digits)
    i._printf_core                           0x080031f4   Section        0  printfa.o(i._printf_core)
    _printf_core                             0x080031f5   Thumb Code  1744  printfa.o(i._printf_core)
    i._printf_post_padding                   0x080038d6   Section        0  printfa.o(i._printf_post_padding)
    _printf_post_padding                     0x080038d7   Thumb Code    36  printfa.o(i._printf_post_padding)
    i._printf_pre_padding                    0x080038fa   Section        0  printfa.o(i._printf_pre_padding)
    _printf_pre_padding                      0x080038fb   Thumb Code    46  printfa.o(i._printf_pre_padding)
    i._snputc                                0x08003928   Section        0  printfa.o(i._snputc)
    _snputc                                  0x08003929   Thumb Code    22  printfa.o(i._snputc)
    i.add_output_channel                     0x0800393e   Section        0  pwm.o(i.add_output_channel)
    i.build_command                          0x0800395c   Section        0  recipehandler.o(i.build_command)
    i.calibrate_servo                        0x08003996   Section        0  servoconrol.o(i.calibrate_servo)
    i.enable_channel                         0x080039a0   Section        0  pwm.o(i.enable_channel)
    i.enable_clock                           0x080039bc   Section        0  pinsetup.o(i.enable_clock)
    i.execute_CMD                            0x08003a44   Section        0  servoconrol.o(i.execute_CMD)
    i.getDutyCycle                           0x08003a54   Section        0  servoconrol.o(i.getDutyCycle)
    i.get_AF_base_mask                       0x08003adc   Section        0  pinsetup.o(i.get_AF_base_mask)
    i.get_GPIOx                              0x08003b40   Section        0  pinsetup.o(i.get_GPIOx)
    i.get_current_pos_value                  0x08003b94   Section        0  servoconrol.o(i.get_current_pos_value)
    i.get_difference                         0x08003bc0   Section        0  servoconrol.o(i.get_difference)
    i.get_next_command                       0x08003bce   Section        0  recipehandler.o(i.get_next_command)
    i.get_position                           0x08003c4c   Section        0  servoconrol.o(i.get_position)
    i.get_puls_width                         0x08003c78   Section        0  servoconrol.o(i.get_puls_width)
    i.init_PWM                               0x08003cc8   Section        0  pwm.o(i.init_PWM)
    i.init_clock                             0x08003cdc   Section        0  pwm.o(i.init_clock)
    i.init_pinX                              0x08003d04   Section        0  pinsetup.o(i.init_pinX)
    i.init_recipe                            0x08003d3e   Section        0  recipehandler.o(i.init_recipe)
    i.init_servo                             0x08003d4e   Section        0  servoconrol.o(i.init_servo)
    i.init_servo_task                        0x08003d68   Section        0  servo_task.o(i.init_servo_task)
    i.init_timer                             0x08003e24   Section        0  timetracker.o(i.init_timer)
    i.init_timer_clock                       0x08003e38   Section        0  timetracker.o(i.init_timer_clock)
    i.led_off                                0x08003e40   Section        0  servo_task.o(i.led_off)
    i.led_on                                 0x08003e56   Section        0  servo_task.o(i.led_on)
    i.main                                   0x08003e6c   Section        0  main.o(i.main)
    i.makeFreeRtosPriority                   0x08004014   Section        0  cmsis_os.o(i.makeFreeRtosPriority)
    makeFreeRtosPriority                     0x08004015   Thumb Code    14  cmsis_os.o(i.makeFreeRtosPriority)
    i.mode_bit_config                        0x08004022   Section        0  pinsetup.o(i.mode_bit_config)
    i.mode_mask                              0x08004048   Section        0  pinsetup.o(i.mode_mask)
    i.osDelay                                0x0800407e   Section        0  cmsis_os.o(i.osDelay)
    i.osKernelStart                          0x08004096   Section        0  cmsis_os.o(i.osKernelStart)
    i.osThreadCreate                         0x080040a0   Section        0  cmsis_os.o(i.osThreadCreate)
    i.prvAddCurrentTaskToDelayedList         0x080040d0   Section        0  tasks.o(i.prvAddCurrentTaskToDelayedList)
    prvAddCurrentTaskToDelayedList           0x080040d1   Thumb Code   124  tasks.o(i.prvAddCurrentTaskToDelayedList)
    i.prvAddNewTaskToReadyList               0x08004168   Section        0  tasks.o(i.prvAddNewTaskToReadyList)
    prvAddNewTaskToReadyList                 0x08004169   Thumb Code   150  tasks.o(i.prvAddNewTaskToReadyList)
    i.prvCheckTasksWaitingTermination        0x0800421c   Section        0  tasks.o(i.prvCheckTasksWaitingTermination)
    prvCheckTasksWaitingTermination          0x0800421d   Thumb Code    60  tasks.o(i.prvCheckTasksWaitingTermination)
    i.prvDeleteTCB                           0x08004264   Section        0  tasks.o(i.prvDeleteTCB)
    prvDeleteTCB                             0x08004265   Thumb Code    18  tasks.o(i.prvDeleteTCB)
    i.prvHeapInit                            0x08004278   Section        0  heap_4.o(i.prvHeapInit)
    prvHeapInit                              0x08004279   Thumb Code    98  heap_4.o(i.prvHeapInit)
    i.prvIdleTask                            0x080042f4   Section        0  tasks.o(i.prvIdleTask)
    prvIdleTask                              0x080042f5   Thumb Code    32  tasks.o(i.prvIdleTask)
    i.prvInitialiseNewTask                   0x0800431c   Section        0  tasks.o(i.prvInitialiseNewTask)
    prvInitialiseNewTask                     0x0800431d   Thumb Code   170  tasks.o(i.prvInitialiseNewTask)
    i.prvInitialiseTaskLists                 0x080043cc   Section        0  tasks.o(i.prvInitialiseTaskLists)
    prvInitialiseTaskLists                   0x080043cd   Thumb Code    70  tasks.o(i.prvInitialiseTaskLists)
    i.prvInsertBlockIntoFreeList             0x08004434   Section        0  heap_4.o(i.prvInsertBlockIntoFreeList)
    prvInsertBlockIntoFreeList               0x08004435   Thumb Code    96  heap_4.o(i.prvInsertBlockIntoFreeList)
    i.prvResetNextTaskUnblockTime            0x0800449c   Section        0  tasks.o(i.prvResetNextTaskUnblockTime)
    prvResetNextTaskUnblockTime              0x0800449d   Thumb Code    42  tasks.o(i.prvResetNextTaskUnblockTime)
    i.prvTaskExitError                       0x080044d0   Section        0  port.o(i.prvTaskExitError)
    prvTaskExitError                         0x080044d1   Thumb Code    60  port.o(i.prvTaskExitError)
    i.pvPortMalloc                           0x08004510   Section        0  heap_4.o(i.pvPortMalloc)
    i.pxPortInitialiseStack                  0x0800464c   Section        0  port.o(i.pxPortInitialiseStack)
    i.servo_task                             0x08004678   Section        0  servo_task.o(i.servo_task)
    i.set_ALT_function                       0x080046b4   Section        0  pinsetup.o(i.set_ALT_function)
    i.set_PSC_and_count                      0x0800470a   Section        0  pwm.o(i.set_PSC_and_count)
    i.set_PWM_mode                           0x08004718   Section        0  pwm.o(i.set_PWM_mode)
    i.set_PWM_output_enable                  0x080047b4   Section        0  pwm.o(i.set_PWM_output_enable)
    i.set_PWM_preload_enable                 0x08004810   Section        0  pwm.o(i.set_PWM_preload_enable)
    i.set_output_pin                         0x0800486c   Section        0  pwm.o(i.set_output_pin)
    i.set_puls_width                         0x08004880   Section        0  pwm.o(i.set_puls_width)
    i.set_servo_position                     0x080048b4   Section        0  servoconrol.o(i.set_servo_position)
    i.start_clock                            0x08004918   Section        0  timetracker.o(i.start_clock)
    i.uxListRemove                           0x0800495c   Section        0  list.o(i.uxListRemove)
    i.vListInitialise                        0x08004984   Section        0  list.o(i.vListInitialise)
    i.vListInitialiseItem                    0x0800499e   Section        0  list.o(i.vListInitialiseItem)
    i.vListInsert                            0x080049a4   Section        0  list.o(i.vListInsert)
    i.vListInsertEnd                         0x080049d8   Section        0  list.o(i.vListInsertEnd)
    i.vPortEnterCritical                     0x080049f0   Section        0  port.o(i.vPortEnterCritical)
    i.vPortExitCritical                      0x08004a44   Section        0  port.o(i.vPortExitCritical)
    i.vPortFree                              0x08004a80   Section        0  heap_4.o(i.vPortFree)
    i.vPortSetupTimerInterrupt               0x08004b14   Section        0  port.o(i.vPortSetupTimerInterrupt)
    i.vTaskDelay                             0x08004b3c   Section        0  tasks.o(i.vTaskDelay)
    i.vTaskStartScheduler                    0x08004b98   Section        0  tasks.o(i.vTaskStartScheduler)
    i.vTaskSuspendAll                        0x08004c20   Section        0  tasks.o(i.vTaskSuspendAll)
    i.vTaskSwitchContext                     0x08004c30   Section        0  tasks.o(i.vTaskSwitchContext)
    i.validat_opcode                         0x08004cbc   Section        0  recipehandler.o(i.validat_opcode)
    i.xPortStartScheduler                    0x08004cf0   Section        0  port.o(i.xPortStartScheduler)
    i.xTaskCreate                            0x08004e58   Section        0  tasks.o(i.xTaskCreate)
    i.xTaskIncrementTick                     0x08004ec0   Section        0  tasks.o(i.xTaskIncrementTick)
    i.xTaskResumeAll                         0x08005008   Section        0  tasks.o(i.xTaskResumeAll)
    .constdata                               0x0800510c   Section       24  main.o(.constdata)
    .constdata                               0x08005124   Section       20  freertos.o(.constdata)
    .constdata                               0x08005138   Section       72  system_stm32l4xx.o(.constdata)
    .conststring                             0x08005180   Section       12  freertos.o(.conststring)
    .data                                    0x20000000   Section        4  freertos.o(.data)
    .data                                    0x20000004   Section        4  stm32l4xx_hal.o(.data)
    .data                                    0x20000008   Section        4  system_stm32l4xx.o(.data)
    .data                                    0x2000000c   Section       60  tasks.o(.data)
    pxDelayedTaskList                        0x20000010   Data           4  tasks.o(.data)
    pxOverflowDelayedTaskList                0x20000014   Data           4  tasks.o(.data)
    uxDeletedTasksWaitingCleanUp             0x20000018   Data           4  tasks.o(.data)
    uxCurrentNumberOfTasks                   0x2000001c   Data           4  tasks.o(.data)
    xTickCount                               0x20000020   Data           4  tasks.o(.data)
    uxTopReadyPriority                       0x20000024   Data           4  tasks.o(.data)
    xSchedulerRunning                        0x20000028   Data           4  tasks.o(.data)
    uxPendedTicks                            0x2000002c   Data           4  tasks.o(.data)
    xYieldPending                            0x20000030   Data           4  tasks.o(.data)
    xNumOfOverflows                          0x20000034   Data           4  tasks.o(.data)
    uxTaskNumber                             0x20000038   Data           4  tasks.o(.data)
    xNextTaskUnblockTime                     0x2000003c   Data           4  tasks.o(.data)
    xIdleTaskHandle                          0x20000040   Data           4  tasks.o(.data)
    uxSchedulerSuspended                     0x20000044   Data           4  tasks.o(.data)
    .data                                    0x20000048   Section       24  heap_4.o(.data)
    xStart                                   0x20000048   Data           8  heap_4.o(.data)
    pxEnd                                    0x20000050   Data           4  heap_4.o(.data)
    xFreeBytesRemaining                      0x20000054   Data           4  heap_4.o(.data)
    xMinimumEverFreeBytesRemaining           0x20000058   Data           4  heap_4.o(.data)
    xBlockAllocatedBit                       0x2000005c   Data           4  heap_4.o(.data)
    .data                                    0x20000060   Section       12  port.o(.data)
    uxCriticalNesting                        0x20000060   Data           4  port.o(.data)
    ucMaxSysCallPriority                     0x20000064   Data           1  port.o(.data)
    ulMaxPRIGROUPValue                       0x20000068   Data           4  port.o(.data)
    .bss                                     0x2000006c   Section       16  rng.o(.bss)
    .bss                                     0x2000007c   Section      120  usart.o(.bss)
    .bss                                     0x200000f4   Section       64  stm32l4xx_hal_timebase_tim.o(.bss)
    .bss                                     0x20000138   Section      176  servo_task.o(.bss)
    .bss                                     0x200001e8   Section      240  tasks.o(.bss)
    pxReadyTasksLists                        0x200001e8   Data         140  tasks.o(.bss)
    xDelayedTaskList1                        0x20000274   Data          20  tasks.o(.bss)
    xDelayedTaskList2                        0x20000288   Data          20  tasks.o(.bss)
    xPendingReadyList                        0x2000029c   Data          20  tasks.o(.bss)
    xTasksWaitingTermination                 0x200002b0   Data          20  tasks.o(.bss)
    xSuspendedTaskList                       0x200002c4   Data          20  tasks.o(.bss)
    .bss                                     0x200002d8   Section    65536  heap_4.o(.bss)
    ucHeap                                   0x200002d8   Data       65536  heap_4.o(.bss)
    STACK                                    0x200102d8   Section     1024  startup_stm32l476xx.o(STACK)

    Global Symbols

    Symbol Name                              Value     Ov Type        Size  Object(Section)

    BuildAttributes$$THM_ISAv4$E$P$D$K$B$S$7EM$VFPi3$EXTD16$VFPS$VFMA$PE$A:L22UL41UL21$X:L11$S22US41US21$IEEE1$IW$USESV6$~STKCKD$USESV7$~SHL$OSPACE$ROPI$EBA8$MICROLIB$REQ8$PRES8$EABIv2 0x00000000   Number         0  anon$$obj.o ABSOLUTE
    __ARM_use_no_argv                        0x00000000   Number         0  main.o ABSOLUTE
    __cpp_initialize__aeabi_                  - Undefined Weak Reference
    __cxa_finalize                            - Undefined Weak Reference
    __decompress                              - Undefined Weak Reference
    _clock_init                               - Undefined Weak Reference
    _microlib_exit                            - Undefined Weak Reference
    __Vectors_Size                           0x00000188   Number         0  startup_stm32l476xx.o ABSOLUTE
    __Vectors                                0x08000000   Data           4  startup_stm32l476xx.o(RESET)
    __Vectors_End                            0x08000188   Data           0  startup_stm32l476xx.o(RESET)
    __main                                   0x08000189   Thumb Code     0  entry.o(.ARM.Collect$$$$00000000)
    _main_stk                                0x08000189   Thumb Code     0  entry2.o(.ARM.Collect$$$$00000001)
    _main_scatterload                        0x0800018d   Thumb Code     0  entry5.o(.ARM.Collect$$$$00000004)
    __main_after_scatterload                 0x08000191   Thumb Code     0  entry5.o(.ARM.Collect$$$$00000004)
    _main_clock                              0x08000191   Thumb Code     0  entry7b.o(.ARM.Collect$$$$00000008)
    _main_cpp_init                           0x08000191   Thumb Code     0  entry8b.o(.ARM.Collect$$$$0000000A)
    _main_init                               0x08000191   Thumb Code     0  entry9a.o(.ARM.Collect$$$$0000000B)
    __rt_final_cpp                           0x08000199   Thumb Code     0  entry10a.o(.ARM.Collect$$$$0000000D)
    __rt_final_exit                          0x08000199   Thumb Code     0  entry11a.o(.ARM.Collect$$$$0000000F)
    SVC_Handler                              0x0800019d   Thumb Code    28  port.o(.emb_text)
    __asm___6_port_c_39a90d8d__prvStartFirstTask 0x080001bd   Thumb Code    36  port.o(.emb_text)
    __asm___6_port_c_39a90d8d__prvEnableVFP  0x080001e5   Thumb Code    16  port.o(.emb_text)
    PendSV_Handler                           0x080001f9   Thumb Code    88  port.o(.emb_text)
    vPortGetIPSR                             0x08000255   Thumb Code     6  port.o(.emb_text)
    Reset_Handler                            0x0800027d   Thumb Code     8  startup_stm32l476xx.o(.text)
    ADC1_2_IRQHandler                        0x08000297   Thumb Code     0  startup_stm32l476xx.o(.text)
    ADC3_IRQHandler                          0x08000297   Thumb Code     0  startup_stm32l476xx.o(.text)
    CAN1_RX0_IRQHandler                      0x08000297   Thumb Code     0  startup_stm32l476xx.o(.text)
    CAN1_RX1_IRQHandler                      0x08000297   Thumb Code     0  startup_stm32l476xx.o(.text)
    CAN1_SCE_IRQHandler                      0x08000297   Thumb Code     0  startup_stm32l476xx.o(.text)
    CAN1_TX_IRQHandler                       0x08000297   Thumb Code     0  startup_stm32l476xx.o(.text)
    COMP_IRQHandler                          0x08000297   Thumb Code     0  startup_stm32l476xx.o(.text)
    DFSDM1_FLT0_IRQHandler                   0x08000297   Thumb Code     0  startup_stm32l476xx.o(.text)
    DFSDM1_FLT1_IRQHandler                   0x08000297   Thumb Code     0  startup_stm32l476xx.o(.text)
    DFSDM1_FLT2_IRQHandler                   0x08000297   Thumb Code     0  startup_stm32l476xx.o(.text)
    DFSDM1_FLT3_IRQHandler                   0x08000297   Thumb Code     0  startup_stm32l476xx.o(.text)
    DMA1_Channel1_IRQHandler                 0x08000297   Thumb Code     0  startup_stm32l476xx.o(.text)
    DMA1_Channel2_IRQHandler                 0x08000297   Thumb Code     0  startup_stm32l476xx.o(.text)
    DMA1_Channel3_IRQHandler                 0x08000297   Thumb Code     0  startup_stm32l476xx.o(.text)
    DMA1_Channel4_IRQHandler                 0x08000297   Thumb Code     0  startup_stm32l476xx.o(.text)
    DMA1_Channel5_IRQHandler                 0x08000297   Thumb Code     0  startup_stm32l476xx.o(.text)
    DMA1_Channel6_IRQHandler                 0x08000297   Thumb Code     0  startup_stm32l476xx.o(.text)
    DMA1_Channel7_IRQHandler                 0x08000297   Thumb Code     0  startup_stm32l476xx.o(.text)
    DMA2_Channel1_IRQHandler                 0x08000297   Thumb Code     0  startup_stm32l476xx.o(.text)
    DMA2_Channel2_IRQHandler                 0x08000297   Thumb Code     0  startup_stm32l476xx.o(.text)
    DMA2_Channel3_IRQHandler                 0x08000297   Thumb Code     0  startup_stm32l476xx.o(.text)
    DMA2_Channel4_IRQHandler                 0x08000297   Thumb Code     0  startup_stm32l476xx.o(.text)
    DMA2_Channel5_IRQHandler                 0x08000297   Thumb Code     0  startup_stm32l476xx.o(.text)
    DMA2_Channel6_IRQHandler                 0x08000297   Thumb Code     0  startup_stm32l476xx.o(.text)
    DMA2_Channel7_IRQHandler                 0x08000297   Thumb Code     0  startup_stm32l476xx.o(.text)
    EXTI0_IRQHandler                         0x08000297   Thumb Code     0  startup_stm32l476xx.o(.text)
    EXTI15_10_IRQHandler                     0x08000297   Thumb Code     0  startup_stm32l476xx.o(.text)
    EXTI1_IRQHandler                         0x08000297   Thumb Code     0  startup_stm32l476xx.o(.text)
    EXTI2_IRQHandler                         0x08000297   Thumb Code     0  startup_stm32l476xx.o(.text)
    EXTI3_IRQHandler                         0x08000297   Thumb Code     0  startup_stm32l476xx.o(.text)
    EXTI4_IRQHandler                         0x08000297   Thumb Code     0  startup_stm32l476xx.o(.text)
    EXTI9_5_IRQHandler                       0x08000297   Thumb Code     0  startup_stm32l476xx.o(.text)
    FLASH_IRQHandler                         0x08000297   Thumb Code     0  startup_stm32l476xx.o(.text)
    FMC_IRQHandler                           0x08000297   Thumb Code     0  startup_stm32l476xx.o(.text)
    FPU_IRQHandler                           0x08000297   Thumb Code     0  startup_stm32l476xx.o(.text)
    I2C1_ER_IRQHandler                       0x08000297   Thumb Code     0  startup_stm32l476xx.o(.text)
    I2C1_EV_IRQHandler                       0x08000297   Thumb Code     0  startup_stm32l476xx.o(.text)
    I2C2_ER_IRQHandler                       0x08000297   Thumb Code     0  startup_stm32l476xx.o(.text)
    I2C2_EV_IRQHandler                       0x08000297   Thumb Code     0  startup_stm32l476xx.o(.text)
    I2C3_ER_IRQHandler                       0x08000297   Thumb Code     0  startup_stm32l476xx.o(.text)
    I2C3_EV_IRQHandler                       0x08000297   Thumb Code     0  startup_stm32l476xx.o(.text)
    LCD_IRQHandler                           0x08000297   Thumb Code     0  startup_stm32l476xx.o(.text)
    LPTIM1_IRQHandler                        0x08000297   Thumb Code     0  startup_stm32l476xx.o(.text)
    LPTIM2_IRQHandler                        0x08000297   Thumb Code     0  startup_stm32l476xx.o(.text)
    LPUART1_IRQHandler                       0x08000297   Thumb Code     0  startup_stm32l476xx.o(.text)
    OTG_FS_IRQHandler                        0x08000297   Thumb Code     0  startup_stm32l476xx.o(.text)
    PVD_PVM_IRQHandler                       0x08000297   Thumb Code     0  startup_stm32l476xx.o(.text)
    QUADSPI_IRQHandler                       0x08000297   Thumb Code     0  startup_stm32l476xx.o(.text)
    RCC_IRQHandler                           0x08000297   Thumb Code     0  startup_stm32l476xx.o(.text)
    RNG_IRQHandler                           0x08000297   Thumb Code     0  startup_stm32l476xx.o(.text)
    RTC_Alarm_IRQHandler                     0x08000297   Thumb Code     0  startup_stm32l476xx.o(.text)
    RTC_WKUP_IRQHandler                      0x08000297   Thumb Code     0  startup_stm32l476xx.o(.text)
    SAI1_IRQHandler                          0x08000297   Thumb Code     0  startup_stm32l476xx.o(.text)
    SAI2_IRQHandler                          0x08000297   Thumb Code     0  startup_stm32l476xx.o(.text)
    SDMMC1_IRQHandler                        0x08000297   Thumb Code     0  startup_stm32l476xx.o(.text)
    SPI1_IRQHandler                          0x08000297   Thumb Code     0  startup_stm32l476xx.o(.text)
    SPI2_IRQHandler                          0x08000297   Thumb Code     0  startup_stm32l476xx.o(.text)
    SPI3_IRQHandler                          0x08000297   Thumb Code     0  startup_stm32l476xx.o(.text)
    SWPMI1_IRQHandler                        0x08000297   Thumb Code     0  startup_stm32l476xx.o(.text)
    TAMP_STAMP_IRQHandler                    0x08000297   Thumb Code     0  startup_stm32l476xx.o(.text)
    TIM1_BRK_TIM15_IRQHandler                0x08000297   Thumb Code     0  startup_stm32l476xx.o(.text)
    TIM1_CC_IRQHandler                       0x08000297   Thumb Code     0  startup_stm32l476xx.o(.text)
    TIM1_TRG_COM_TIM17_IRQHandler            0x08000297   Thumb Code     0  startup_stm32l476xx.o(.text)
    TIM2_IRQHandler                          0x08000297   Thumb Code     0  startup_stm32l476xx.o(.text)
    TIM3_IRQHandler                          0x08000297   Thumb Code     0  startup_stm32l476xx.o(.text)
    TIM4_IRQHandler                          0x08000297   Thumb Code     0  startup_stm32l476xx.o(.text)
    TIM5_IRQHandler                          0x08000297   Thumb Code     0  startup_stm32l476xx.o(.text)
    TIM6_DAC_IRQHandler                      0x08000297   Thumb Code     0  startup_stm32l476xx.o(.text)
    TIM7_IRQHandler                          0x08000297   Thumb Code     0  startup_stm32l476xx.o(.text)
    TIM8_BRK_IRQHandler                      0x08000297   Thumb Code     0  startup_stm32l476xx.o(.text)
    TIM8_CC_IRQHandler                       0x08000297   Thumb Code     0  startup_stm32l476xx.o(.text)
    TIM8_TRG_COM_IRQHandler                  0x08000297   Thumb Code     0  startup_stm32l476xx.o(.text)
    TIM8_UP_IRQHandler                       0x08000297   Thumb Code     0  startup_stm32l476xx.o(.text)
    TSC_IRQHandler                           0x08000297   Thumb Code     0  startup_stm32l476xx.o(.text)
    UART4_IRQHandler                         0x08000297   Thumb Code     0  startup_stm32l476xx.o(.text)
    UART5_IRQHandler                         0x08000297   Thumb Code     0  startup_stm32l476xx.o(.text)
    USART1_IRQHandler                        0x08000297   Thumb Code     0  startup_stm32l476xx.o(.text)
    USART2_IRQHandler                        0x08000297   Thumb Code     0  startup_stm32l476xx.o(.text)
    USART3_IRQHandler                        0x08000297   Thumb Code     0  startup_stm32l476xx.o(.text)
    WWDG_IRQHandler                          0x08000297   Thumb Code     0  startup_stm32l476xx.o(.text)
    __aeabi_uldivmod                         0x080002a1   Thumb Code    98  uldiv.o(.text)
    __aeabi_memcpy                           0x08000309   Thumb Code    36  memcpya.o(.text)
    __aeabi_memcpy4                          0x08000309   Thumb Code     0  memcpya.o(.text)
    __aeabi_memcpy8                          0x08000309   Thumb Code     0  memcpya.o(.text)
    __aeabi_memset                           0x0800032d   Thumb Code    14  memseta.o(.text)
    __aeabi_memset4                          0x0800032d   Thumb Code     0  memseta.o(.text)
    __aeabi_memset8                          0x0800032d   Thumb Code     0  memseta.o(.text)
    __aeabi_memclr                           0x0800033b   Thumb Code     4  memseta.o(.text)
    __aeabi_memclr4                          0x0800033b   Thumb Code     0  memseta.o(.text)
    __aeabi_memclr8                          0x0800033b   Thumb Code     0  memseta.o(.text)
    memset                                   0x0800033f   Thumb Code    18  memseta.o(.text)
    strncpy                                  0x08000351   Thumb Code    24  strncpy.o(.text)
    strlen                                   0x08000369   Thumb Code    14  strlen.o(.text)
    __aeabi_dadd                             0x08000377   Thumb Code   322  dadd.o(.text)
    __aeabi_dsub                             0x080004b9   Thumb Code     6  dadd.o(.text)
    __aeabi_drsub                            0x080004bf   Thumb Code     6  dadd.o(.text)
    __aeabi_dmul                             0x080004d5   Thumb Code   228  dmul.o(.text)
    __aeabi_ddiv                             0x080005bf   Thumb Code   222  ddiv.o(.text)
    __aeabi_i2d                              0x0800069d   Thumb Code    34  dflti.o(.text)
    __aeabi_d2iz                             0x080006bf   Thumb Code    62  dfixi.o(.text)
    __aeabi_uidiv                            0x080006fd   Thumb Code     0  uidiv.o(.text)
    __aeabi_uidivmod                         0x080006fd   Thumb Code    44  uidiv.o(.text)
    __aeabi_llsl                             0x08000729   Thumb Code    30  llshl.o(.text)
    _ll_shift_l                              0x08000729   Thumb Code     0  llshl.o(.text)
    __aeabi_llsr                             0x08000747   Thumb Code    32  llushr.o(.text)
    _ll_ushift_r                             0x08000747   Thumb Code     0  llushr.o(.text)
    __aeabi_lasr                             0x08000767   Thumb Code    36  llsshr.o(.text)
    _ll_sshift_r                             0x08000767   Thumb Code     0  llsshr.o(.text)
    __I$use$fp                               0x0800078b   Thumb Code     0  iusefp.o(.text)
    _double_round                            0x0800078b   Thumb Code    30  depilogue.o(.text)
    _double_epilogue                         0x080007a9   Thumb Code   156  depilogue.o(.text)
    __aeabi_d2ulz                            0x08000845   Thumb Code    48  dfixul.o(.text)
    __aeabi_cdrcmple                         0x08000875   Thumb Code    48  cdrcmple.o(.text)
    __scatterload                            0x080008a5   Thumb Code    28  init.o(.text)
    __scatterload_rt2                        0x080008a5   Thumb Code     0  init.o(.text)
    BusFault_Handler                         0x080008c9   Thumb Code     4  stm32l4xx_it.o(i.BusFault_Handler)
    DebugMon_Handler                         0x080008cd   Thumb Code     2  stm32l4xx_it.o(i.DebugMon_Handler)
    Error_Handler                            0x080008cf   Thumb Code     2  main.o(i.Error_Handler)
    Green_LED_Off                            0x080008d1   Thumb Code    14  led.o(i.Green_LED_Off)
    Green_LED_On                             0x080008e5   Thumb Code    14  led.o(i.Green_LED_On)
    HAL_GPIO_Init                            0x080008f9   Thumb Code   480  stm32l4xx_hal_gpio.o(i.HAL_GPIO_Init)
    HAL_GPIO_WritePin                        0x08000afd   Thumb Code    10  stm32l4xx_hal_gpio.o(i.HAL_GPIO_WritePin)
    HAL_GetTick                              0x08000b09   Thumb Code     6  stm32l4xx_hal.o(i.HAL_GetTick)
    HAL_IncTick                              0x08000b15   Thumb Code    12  stm32l4xx_hal.o(i.HAL_IncTick)
    HAL_Init                                 0x08000b25   Thumb Code    30  stm32l4xx_hal.o(i.HAL_Init)
    HAL_InitTick                             0x08000b45   Thumb Code   118  stm32l4xx_hal_timebase_tim.o(i.HAL_InitTick)
    HAL_MspInit                              0x08000bcd   Thumb Code    68  stm32l4xx_hal_msp.o(i.HAL_MspInit)
    HAL_NVIC_EnableIRQ                       0x08000c15   Thumb Code    26  stm32l4xx_hal_cortex.o(i.HAL_NVIC_EnableIRQ)
    HAL_NVIC_SetPriority                     0x08000c2f   Thumb Code   124  stm32l4xx_hal_cortex.o(i.HAL_NVIC_SetPriority)
    HAL_NVIC_SetPriorityGrouping             0x08000cb1   Thumb Code    32  stm32l4xx_hal_cortex.o(i.HAL_NVIC_SetPriorityGrouping)
    HAL_PWREx_ControlVoltageScaling          0x08000cd9   Thumb Code   128  stm32l4xx_hal_pwr_ex.o(i.HAL_PWREx_ControlVoltageScaling)
    HAL_PWREx_GetVoltageRange                0x08000d65   Thumb Code    10  stm32l4xx_hal_pwr_ex.o(i.HAL_PWREx_GetVoltageRange)
    HAL_RCCEx_PeriphCLKConfig                0x08000d75   Thumb Code  1230  stm32l4xx_hal_rcc_ex.o(i.HAL_RCCEx_PeriphCLKConfig)
    HAL_RCC_ClockConfig                      0x08001249   Thumb Code   358  stm32l4xx_hal_rcc.o(i.HAL_RCC_ClockConfig)
    HAL_RCC_GetClockConfig                   0x080013c1   Thumb Code    58  stm32l4xx_hal_rcc.o(i.HAL_RCC_GetClockConfig)
    HAL_RCC_GetHCLKFreq                      0x08001405   Thumb Code     6  stm32l4xx_hal_rcc.o(i.HAL_RCC_GetHCLKFreq)
    HAL_RCC_GetPCLK1Freq                     0x08001411   Thumb Code    26  stm32l4xx_hal_rcc.o(i.HAL_RCC_GetPCLK1Freq)
    HAL_RCC_GetPCLK2Freq                     0x08001435   Thumb Code    26  stm32l4xx_hal_rcc.o(i.HAL_RCC_GetPCLK2Freq)
    HAL_RCC_GetSysClockFreq                  0x08001459   Thumb Code   266  stm32l4xx_hal_rcc.o(i.HAL_RCC_GetSysClockFreq)
    HAL_RCC_OscConfig                        0x08001575   Thumb Code  1536  stm32l4xx_hal_rcc.o(i.HAL_RCC_OscConfig)
    HAL_RNG_Init                             0x08001b81   Thumb Code    52  stm32l4xx_hal_rng.o(i.HAL_RNG_Init)
    HAL_RNG_MspInit                          0x08001bb5   Thumb Code    40  rng.o(i.HAL_RNG_MspInit)
    HAL_TIMEx_Break2Callback                 0x08001be5   Thumb Code     2  stm32l4xx_hal_tim_ex.o(i.HAL_TIMEx_Break2Callback)
    HAL_TIMEx_BreakCallback                  0x08001be7   Thumb Code     2  stm32l4xx_hal_tim_ex.o(i.HAL_TIMEx_BreakCallback)
    HAL_TIMEx_CommutationCallback            0x08001be9   Thumb Code     2  stm32l4xx_hal_tim_ex.o(i.HAL_TIMEx_CommutationCallback)
    HAL_TIM_Base_Init                        0x08001beb   Thumb Code    52  stm32l4xx_hal_tim.o(i.HAL_TIM_Base_Init)
    HAL_TIM_Base_MspInit                     0x08001c1f   Thumb Code     2  stm32l4xx_hal_tim.o(i.HAL_TIM_Base_MspInit)
    HAL_TIM_Base_Start_IT                    0x08001c21   Thumb Code    62  stm32l4xx_hal_tim.o(i.HAL_TIM_Base_Start_IT)
    HAL_TIM_IC_CaptureCallback               0x08001c65   Thumb Code     2  stm32l4xx_hal_tim.o(i.HAL_TIM_IC_CaptureCallback)
    HAL_TIM_IRQHandler                       0x08001c67   Thumb Code   440  stm32l4xx_hal_tim.o(i.HAL_TIM_IRQHandler)
    HAL_TIM_OC_DelayElapsedCallback          0x08001e1f   Thumb Code     2  stm32l4xx_hal_tim.o(i.HAL_TIM_OC_DelayElapsedCallback)
    HAL_TIM_PWM_PulseFinishedCallback        0x08001e21   Thumb Code     2  stm32l4xx_hal_tim.o(i.HAL_TIM_PWM_PulseFinishedCallback)
    HAL_TIM_PeriodElapsedCallback            0x08001e25   Thumb Code    18  main.o(i.HAL_TIM_PeriodElapsedCallback)
    HAL_TIM_TriggerCallback                  0x08001e3d   Thumb Code     2  stm32l4xx_hal_tim.o(i.HAL_TIM_TriggerCallback)
    HAL_UART_Init                            0x08001e3f   Thumb Code   120  stm32l4xx_hal_uart.o(i.HAL_UART_Init)
    HAL_UART_MspInit                         0x08001eb9   Thumb Code   108  usart.o(i.HAL_UART_MspInit)
    HAL_UART_Transmit                        0x08001f31   Thumb Code   200  stm32l4xx_hal_uart.o(i.HAL_UART_Transmit)
    HardFault_Handler                        0x08001ff9   Thumb Code     4  stm32l4xx_it.o(i.HardFault_Handler)
    LED_Init                                 0x08001ffd   Thumb Code   144  led.o(i.LED_Init)
    MX_FREERTOS_Init                         0x08002099   Thumb Code    30  freertos.o(i.MX_FREERTOS_Init)
    MX_GPIO_Init                             0x080020c1   Thumb Code   168  gpio.o(i.MX_GPIO_Init)
    MX_RNG_Init                              0x08002175   Thumb Code    22  rng.o(i.MX_RNG_Init)
    MX_USART2_UART_Init                      0x08002195   Thumb Code    56  usart.o(i.MX_USART2_UART_Init)
    MemManage_Handler                        0x080021d5   Thumb Code     4  stm32l4xx_it.o(i.MemManage_Handler)
    NMI_Handler                              0x080021d9   Thumb Code     2  stm32l4xx_it.o(i.NMI_Handler)
    Red_LED_Off                              0x080025a1   Thumb Code    14  led.o(i.Red_LED_Off)
    Red_LED_On                               0x080025b5   Thumb Code    14  led.o(i.Red_LED_On)
    StartDefaultTask                         0x080025c9   Thumb Code    10  freertos.o(i.StartDefaultTask)
    SysTick_Handler                          0x080025d5   Thumb Code    46  port.o(i.SysTick_Handler)
    SystemClock_Config                       0x08002609   Thumb Code   180  main.o(i.SystemClock_Config)
    SystemInit                               0x080026c1   Thumb Code    68  system_stm32l4xx.o(i.SystemInit)
    System_Clock_Init                        0x08002711   Thumb Code   380  sysclock.o(i.System_Clock_Init)
    TIM1_UP_TIM16_IRQHandler                 0x08002895   Thumb Code    10  stm32l4xx_it.o(i.TIM1_UP_TIM16_IRQHandler)
    TIM_Base_SetConfig                       0x080028a5   Thumb Code   170  stm32l4xx_hal_tim.o(i.TIM_Base_SetConfig)
    UART_AdvFeatureConfig                    0x08002971   Thumb Code   248  stm32l4xx_hal_uart.o(i.UART_AdvFeatureConfig)
    UART_CheckIdleState                      0x08002a69   Thumb Code   116  stm32l4xx_hal_uart.o(i.UART_CheckIdleState)
    UART_SetConfig                           0x08002add   Thumb Code  1158  stm32l4xx_hal_uart.o(i.UART_SetConfig)
    UART_WaitOnFlagUntilTimeout              0x08002f6f   Thumb Code   108  stm32l4xx_hal_uart.o(i.UART_WaitOnFlagUntilTimeout)
    USART_Printf                             0x08002fdd   Thumb Code    54  usart.o(i.USART_Printf)
    UsageFault_Handler                       0x08003019   Thumb Code     4  stm32l4xx_it.o(i.UsageFault_Handler)
    __0vsnprintf                             0x0800301d   Thumb Code    40  printfa.o(i.__0vsnprintf)
    __1vsnprintf                             0x0800301d   Thumb Code     0  printfa.o(i.__0vsnprintf)
    __2vsnprintf                             0x0800301d   Thumb Code     0  printfa.o(i.__0vsnprintf)
    __c89vsnprintf                           0x0800301d   Thumb Code     0  printfa.o(i.__0vsnprintf)
    vsnprintf                                0x0800301d   Thumb Code     0  printfa.o(i.__0vsnprintf)
    __scatterload_copy                       0x08003049   Thumb Code    14  handlers.o(i.__scatterload_copy)
    __scatterload_null                       0x08003057   Thumb Code     2  handlers.o(i.__scatterload_null)
    __scatterload_zeroinit                   0x08003059   Thumb Code    14  handlers.o(i.__scatterload_zeroinit)
    add_output_channel                       0x0800393f   Thumb Code    30  pwm.o(i.add_output_channel)
    build_command                            0x0800395d   Thumb Code    58  recipehandler.o(i.build_command)
    calibrate_servo                          0x08003997   Thumb Code    10  servoconrol.o(i.calibrate_servo)
    enable_channel                           0x080039a1   Thumb Code    28  pwm.o(i.enable_channel)
    enable_clock                             0x080039bd   Thumb Code   132  pinsetup.o(i.enable_clock)
    execute_CMD                              0x08003a45   Thumb Code    16  servoconrol.o(i.execute_CMD)
    getDutyCycle                             0x08003a55   Thumb Code   114  servoconrol.o(i.getDutyCycle)
    get_AF_base_mask                         0x08003add   Thumb Code    98  pinsetup.o(i.get_AF_base_mask)
    get_GPIOx                                0x08003b41   Thumb Code    56  pinsetup.o(i.get_GPIOx)
    get_current_pos_value                    0x08003b95   Thumb Code    44  servoconrol.o(i.get_current_pos_value)
    get_difference                           0x08003bc1   Thumb Code    14  servoconrol.o(i.get_difference)
    get_next_command                         0x08003bcf   Thumb Code   126  recipehandler.o(i.get_next_command)
    get_position                             0x08003c4d   Thumb Code    44  servoconrol.o(i.get_position)
    get_puls_width                           0x08003c79   Thumb Code    70  servoconrol.o(i.get_puls_width)
    init_PWM                                 0x08003cc9   Thumb Code    20  pwm.o(i.init_PWM)
    init_clock                               0x08003cdd   Thumb Code    36  pwm.o(i.init_clock)
    init_pinX                                0x08003d05   Thumb Code    58  pinsetup.o(i.init_pinX)
    init_recipe                              0x08003d3f   Thumb Code    16  recipehandler.o(i.init_recipe)
    init_servo                               0x08003d4f   Thumb Code    26  servoconrol.o(i.init_servo)
    init_servo_task                          0x08003d69   Thumb Code   148  servo_task.o(i.init_servo_task)
    init_timer                               0x08003e25   Thumb Code    14  timetracker.o(i.init_timer)
    init_timer_clock                         0x08003e39   Thumb Code     8  timetracker.o(i.init_timer_clock)
    led_off                                  0x08003e41   Thumb Code    22  servo_task.o(i.led_off)
    led_on                                   0x08003e57   Thumb Code    22  servo_task.o(i.led_on)
    main                                     0x08003e6d   Thumb Code   240  main.o(i.main)
    mode_bit_config                          0x08004023   Thumb Code    38  pinsetup.o(i.mode_bit_config)
    mode_mask                                0x08004049   Thumb Code    54  pinsetup.o(i.mode_mask)
    osDelay                                  0x0800407f   Thumb Code    24  cmsis_os.o(i.osDelay)
    osKernelStart                            0x08004097   Thumb Code    10  cmsis_os.o(i.osKernelStart)
    osThreadCreate                           0x080040a1   Thumb Code    48  cmsis_os.o(i.osThreadCreate)
    pvPortMalloc                             0x08004511   Thumb Code   296  heap_4.o(i.pvPortMalloc)
    pxPortInitialiseStack                    0x0800464d   Thumb Code    38  port.o(i.pxPortInitialiseStack)
    servo_task                               0x08004679   Thumb Code    60  servo_task.o(i.servo_task)
    set_ALT_function                         0x080046b5   Thumb Code    86  pinsetup.o(i.set_ALT_function)
    set_PSC_and_count                        0x0800470b   Thumb Code    14  pwm.o(i.set_PSC_and_count)
    set_PWM_mode                             0x08004719   Thumb Code   148  pwm.o(i.set_PWM_mode)
    set_PWM_output_enable                    0x080047b5   Thumb Code    92  pwm.o(i.set_PWM_output_enable)
    set_PWM_preload_enable                   0x08004811   Thumb Code    92  pwm.o(i.set_PWM_preload_enable)
    set_output_pin                           0x0800486d   Thumb Code    20  pwm.o(i.set_output_pin)
    set_puls_width                           0x08004881   Thumb Code    52  pwm.o(i.set_puls_width)
    set_servo_position                       0x080048b5   Thumb Code    98  servoconrol.o(i.set_servo_position)
    start_clock                              0x08004919   Thumb Code    54  timetracker.o(i.start_clock)
    uxListRemove                             0x0800495d   Thumb Code    40  list.o(i.uxListRemove)
    vListInitialise                          0x08004985   Thumb Code    26  list.o(i.vListInitialise)
    vListInitialiseItem                      0x0800499f   Thumb Code     6  list.o(i.vListInitialiseItem)
    vListInsert                              0x080049a5   Thumb Code    52  list.o(i.vListInsert)
    vListInsertEnd                           0x080049d9   Thumb Code    24  list.o(i.vListInsertEnd)
    vPortEnterCritical                       0x080049f1   Thumb Code    76  port.o(i.vPortEnterCritical)
    vPortExitCritical                        0x08004a45   Thumb Code    56  port.o(i.vPortExitCritical)
    vPortFree                                0x08004a81   Thumb Code   140  heap_4.o(i.vPortFree)
    vPortSetupTimerInterrupt                 0x08004b15   Thumb Code    36  port.o(i.vPortSetupTimerInterrupt)
    vTaskDelay                               0x08004b3d   Thumb Code    82  tasks.o(i.vTaskDelay)
    vTaskStartScheduler                      0x08004b99   Thumb Code   108  tasks.o(i.vTaskStartScheduler)
    vTaskSuspendAll                          0x08004c21   Thumb Code    12  tasks.o(i.vTaskSuspendAll)
    vTaskSwitchContext                       0x08004c31   Thumb Code   118  tasks.o(i.vTaskSwitchContext)
    validat_opcode                           0x08004cbd   Thumb Code    50  recipehandler.o(i.validat_opcode)
    xPortStartScheduler                      0x08004cf1   Thumb Code   330  port.o(i.xPortStartScheduler)
    xTaskCreate                              0x08004e59   Thumb Code    96  tasks.o(i.xTaskCreate)
    xTaskIncrementTick                       0x08004ec1   Thumb Code   282  tasks.o(i.xTaskIncrementTick)
    xTaskResumeAll                           0x08005009   Thumb Code   224  tasks.o(i.xTaskResumeAll)
    AHBPrescTable                            0x08005138   Data          16  system_stm32l4xx.o(.constdata)
    APBPrescTable                            0x08005148   Data           8  system_stm32l4xx.o(.constdata)
    MSIRangeTable                            0x08005150   Data          48  system_stm32l4xx.o(.constdata)
    Region$$Table$$Base                      0x0800518c   Number         0  anon$$obj.o(Region$$Table)
    Region$$Table$$Limit                     0x080051ac   Number         0  anon$$obj.o(Region$$Table)
    defaultTaskHandle                        0x20000000   Data           4  freertos.o(.data)
    uwTick                                   0x20000004   Data           4  stm32l4xx_hal.o(.data)
    SystemCoreClock                          0x20000008   Data           4  system_stm32l4xx.o(.data)
    pxCurrentTCB                             0x2000000c   Data           4  tasks.o(.data)
    hrng                                     0x2000006c   Data          16  rng.o(.bss)
    huart2                                   0x2000007c   Data         120  usart.o(.bss)
    htim1                                    0x200000f4   Data          64  stm32l4xx_hal_timebase_tim.o(.bss)
    servo_params                             0x20000138   Data         176  servo_task.o(.bss)
    __initial_sp                             0x200106d8   Data           0  startup_stm32l476xx.o(STACK)



==============================================================================

Memory Map of the image

  Image Entry point : 0x08000189

  Load Region LR_IROM1 (Base: 0x08000000, Size: 0x00005218, Max: 0x00100000, ABSOLUTE)

    Execution Region ER_IROM1 (Exec base: 0x08000000, Load base: 0x08000000, Size: 0x000051ac, Max: 0x00100000, ABSOLUTE)

    Exec Addr    Load Addr    Size         Type   Attr      Idx    E Section Name        Object

    0x08000000   0x08000000   0x00000188   Data   RO            3    RESET               startup_stm32l476xx.o
    0x08000188   0x08000188   0x00000000   Code   RO         5725  * .ARM.Collect$$$$00000000  mc_w.l(entry.o)
    0x08000188   0x08000188   0x00000004   Code   RO         5780    .ARM.Collect$$$$00000001  mc_w.l(entry2.o)
    0x0800018c   0x0800018c   0x00000004   Code   RO         5783    .ARM.Collect$$$$00000004  mc_w.l(entry5.o)
    0x08000190   0x08000190   0x00000000   Code   RO         5785    .ARM.Collect$$$$00000008  mc_w.l(entry7b.o)
    0x08000190   0x08000190   0x00000000   Code   RO         5787    .ARM.Collect$$$$0000000A  mc_w.l(entry8b.o)
    0x08000190   0x08000190   0x00000008   Code   RO         5788    .ARM.Collect$$$$0000000B  mc_w.l(entry9a.o)
    0x08000198   0x08000198   0x00000000   Code   RO         5790    .ARM.Collect$$$$0000000D  mc_w.l(entry10a.o)
    0x08000198   0x08000198   0x00000000   Code   RO         5792    .ARM.Collect$$$$0000000F  mc_w.l(entry11a.o)
    0x08000198   0x08000198   0x00000004   Code   RO         5781    .ARM.Collect$$$$00002712  mc_w.l(entry2.o)
    0x0800019c   0x0800019c   0x000000de   Code   RO         5648    .emb_text           port.o
    0x0800027a   0x0800027a   0x00000002   PAD
    0x0800027c   0x0800027c   0x00000024   Code   RO            4    .text               startup_stm32l476xx.o
    0x080002a0   0x080002a0   0x00000068   Code   RO         5728    .text               mc_w.l(uldiv.o)
    0x08000308   0x08000308   0x00000024   Code   RO         5730    .text               mc_w.l(memcpya.o)
    0x0800032c   0x0800032c   0x00000024   Code   RO         5734    .text               mc_w.l(memseta.o)
    0x08000350   0x08000350   0x00000018   Code   RO         5736    .text               mc_w.l(strncpy.o)
    0x08000368   0x08000368   0x0000000e   Code   RO         5738    .text               mc_w.l(strlen.o)
    0x08000376   0x08000376   0x0000015e   Code   RO         5770    .text               mf_w.l(dadd.o)
    0x080004d4   0x080004d4   0x000000ea   Code   RO         5772    .text               mf_w.l(dmul.o)
    0x080005be   0x080005be   0x000000de   Code   RO         5774    .text               mf_w.l(ddiv.o)
    0x0800069c   0x0800069c   0x00000022   Code   RO         5776    .text               mf_w.l(dflti.o)
    0x080006be   0x080006be   0x0000003e   Code   RO         5778    .text               mf_w.l(dfixi.o)
    0x080006fc   0x080006fc   0x0000002c   Code   RO         5797    .text               mc_w.l(uidiv.o)
    0x08000728   0x08000728   0x0000001e   Code   RO         5799    .text               mc_w.l(llshl.o)
    0x08000746   0x08000746   0x00000020   Code   RO         5801    .text               mc_w.l(llushr.o)
    0x08000766   0x08000766   0x00000024   Code   RO         5803    .text               mc_w.l(llsshr.o)
    0x0800078a   0x0800078a   0x00000000   Code   RO         5805    .text               mc_w.l(iusefp.o)
    0x0800078a   0x0800078a   0x000000ba   Code   RO         5806    .text               mf_w.l(depilogue.o)
    0x08000844   0x08000844   0x00000030   Code   RO         5808    .text               mf_w.l(dfixul.o)
    0x08000874   0x08000874   0x00000030   Code   RO         5810    .text               mf_w.l(cdrcmple.o)
    0x080008a4   0x080008a4   0x00000024   Code   RO         5812    .text               mc_w.l(init.o)
    0x080008c8   0x080008c8   0x00000004   Code   RO          465    i.BusFault_Handler  stm32l4xx_it.o
    0x080008cc   0x080008cc   0x00000002   Code   RO          466    i.DebugMon_Handler  stm32l4xx_it.o
    0x080008ce   0x080008ce   0x00000002   Code   RO          214    i.Error_Handler     main.o
    0x080008d0   0x080008d0   0x00000014   Code   RO          983    i.Green_LED_Off     led.o
    0x080008e4   0x080008e4   0x00000014   Code   RO          984    i.Green_LED_On      led.o
    0x080008f8   0x080008f8   0x00000204   Code   RO         3761    i.HAL_GPIO_Init     stm32l4xx_hal_gpio.o
    0x08000afc   0x08000afc   0x0000000a   Code   RO         3765    i.HAL_GPIO_WritePin  stm32l4xx_hal_gpio.o
    0x08000b06   0x08000b06   0x00000002   PAD
    0x08000b08   0x08000b08   0x0000000c   Code   RO         2566    i.HAL_GetTick       stm32l4xx_hal.o
    0x08000b14   0x08000b14   0x00000010   Code   RO         2570    i.HAL_IncTick       stm32l4xx_hal.o
    0x08000b24   0x08000b24   0x0000001e   Code   RO         2571    i.HAL_Init          stm32l4xx_hal.o
    0x08000b42   0x08000b42   0x00000002   PAD
    0x08000b44   0x08000b44   0x00000088   Code   RO          553    i.HAL_InitTick      stm32l4xx_hal_timebase_tim.o
    0x08000bcc   0x08000bcc   0x00000048   Code   RO          529    i.HAL_MspInit       stm32l4xx_hal_msp.o
    0x08000c14   0x08000c14   0x0000001a   Code   RO         4302    i.HAL_NVIC_EnableIRQ  stm32l4xx_hal_cortex.o
    0x08000c2e   0x08000c2e   0x00000082   Code   RO         4308    i.HAL_NVIC_SetPriority  stm32l4xx_hal_cortex.o
    0x08000cb0   0x08000cb0   0x00000028   Code   RO         4309    i.HAL_NVIC_SetPriorityGrouping  stm32l4xx_hal_cortex.o
    0x08000cd8   0x08000cd8   0x0000008c   Code   RO         4052    i.HAL_PWREx_ControlVoltageScaling  stm32l4xx_hal_pwr_ex.o
    0x08000d64   0x08000d64   0x00000010   Code   RO         4083    i.HAL_PWREx_GetVoltageRange  stm32l4xx_hal_pwr_ex.o
    0x08000d74   0x08000d74   0x000004d4   Code   RO         3398    i.HAL_RCCEx_PeriphCLKConfig  stm32l4xx_hal_rcc_ex.o
    0x08001248   0x08001248   0x00000178   Code   RO         3283    i.HAL_RCC_ClockConfig  stm32l4xx_hal_rcc.o
    0x080013c0   0x080013c0   0x00000044   Code   RO         3286    i.HAL_RCC_GetClockConfig  stm32l4xx_hal_rcc.o
    0x08001404   0x08001404   0x0000000c   Code   RO         3287    i.HAL_RCC_GetHCLKFreq  stm32l4xx_hal_rcc.o
    0x08001410   0x08001410   0x00000024   Code   RO         3289    i.HAL_RCC_GetPCLK1Freq  stm32l4xx_hal_rcc.o
    0x08001434   0x08001434   0x00000024   Code   RO         3290    i.HAL_RCC_GetPCLK2Freq  stm32l4xx_hal_rcc.o
    0x08001458   0x08001458   0x0000011c   Code   RO         3291    i.HAL_RCC_GetSysClockFreq  stm32l4xx_hal_rcc.o
    0x08001574   0x08001574   0x0000060c   Code   RO         3294    i.HAL_RCC_OscConfig  stm32l4xx_hal_rcc.o
    0x08001b80   0x08001b80   0x00000034   Code   RO         1121    i.HAL_RNG_Init      stm32l4xx_hal_rng.o
    0x08001bb4   0x08001bb4   0x00000030   Code   RO          369    i.HAL_RNG_MspInit   rng.o
    0x08001be4   0x08001be4   0x00000002   Code   RO         1866    i.HAL_TIMEx_Break2Callback  stm32l4xx_hal_tim_ex.o
    0x08001be6   0x08001be6   0x00000002   Code   RO         1867    i.HAL_TIMEx_BreakCallback  stm32l4xx_hal_tim_ex.o
    0x08001be8   0x08001be8   0x00000002   Code   RO         1868    i.HAL_TIMEx_CommutationCallback  stm32l4xx_hal_tim_ex.o
    0x08001bea   0x08001bea   0x00000034   Code   RO         1216    i.HAL_TIM_Base_Init  stm32l4xx_hal_tim.o
    0x08001c1e   0x08001c1e   0x00000002   Code   RO         1218    i.HAL_TIM_Base_MspInit  stm32l4xx_hal_tim.o
    0x08001c20   0x08001c20   0x00000044   Code   RO         1221    i.HAL_TIM_Base_Start_IT  stm32l4xx_hal_tim.o
    0x08001c64   0x08001c64   0x00000002   Code   RO         1245    i.HAL_TIM_IC_CaptureCallback  stm32l4xx_hal_tim.o
    0x08001c66   0x08001c66   0x000001b8   Code   RO         1258    i.HAL_TIM_IRQHandler  stm32l4xx_hal_tim.o
    0x08001e1e   0x08001e1e   0x00000002   Code   RO         1261    i.HAL_TIM_OC_DelayElapsedCallback  stm32l4xx_hal_tim.o
    0x08001e20   0x08001e20   0x00000002   Code   RO         1288    i.HAL_TIM_PWM_PulseFinishedCallback  stm32l4xx_hal_tim.o
    0x08001e22   0x08001e22   0x00000002   PAD
    0x08001e24   0x08001e24   0x00000018   Code   RO          215    i.HAL_TIM_PeriodElapsedCallback  main.o
    0x08001e3c   0x08001e3c   0x00000002   Code   RO         1299    i.HAL_TIM_TriggerCallback  stm32l4xx_hal_tim.o
    0x08001e3e   0x08001e3e   0x00000078   Code   RO         2149    i.HAL_UART_Init     stm32l4xx_hal_uart.o
    0x08001eb6   0x08001eb6   0x00000002   PAD
    0x08001eb8   0x08001eb8   0x00000078   Code   RO          411    i.HAL_UART_MspInit  usart.o
    0x08001f30   0x08001f30   0x000000c8   Code   RO         2157    i.HAL_UART_Transmit  stm32l4xx_hal_uart.o
    0x08001ff8   0x08001ff8   0x00000004   Code   RO          467    i.HardFault_Handler  stm32l4xx_it.o
    0x08001ffc   0x08001ffc   0x0000009c   Code   RO          986    i.LED_Init          led.o
    0x08002098   0x08002098   0x00000028   Code   RO          322    i.MX_FREERTOS_Init  freertos.o
    0x080020c0   0x080020c0   0x000000b4   Code   RO          298    i.MX_GPIO_Init      gpio.o
    0x08002174   0x08002174   0x00000020   Code   RO          370    i.MX_RNG_Init       rng.o
    0x08002194   0x08002194   0x00000040   Code   RO          412    i.MX_USART2_UART_Init  usart.o
    0x080021d4   0x080021d4   0x00000004   Code   RO          468    i.MemManage_Handler  stm32l4xx_it.o
    0x080021d8   0x080021d8   0x00000002   Code   RO          469    i.NMI_Handler       stm32l4xx_it.o
    0x080021da   0x080021da   0x00000002   PAD
    0x080021dc   0x080021dc   0x00000010   Code   RO         4315    i.NVIC_GetPriorityGrouping  stm32l4xx_hal_cortex.o
    0x080021ec   0x080021ec   0x00000028   Code   RO         4316    i.NVIC_SetPriority  stm32l4xx_hal_cortex.o
    0x08002214   0x08002214   0x0000018c   Code   RO         3402    i.RCCEx_PLLSAI1_Config  stm32l4xx_hal_rcc_ex.o
    0x080023a0   0x080023a0   0x00000164   Code   RO         3403    i.RCCEx_PLLSAI2_Config  stm32l4xx_hal_rcc_ex.o
    0x08002504   0x08002504   0x0000009c   Code   RO         3295    i.RCC_SetFlashLatencyFromMSIRange  stm32l4xx_hal_rcc.o
    0x080025a0   0x080025a0   0x00000014   Code   RO          987    i.Red_LED_Off       led.o
    0x080025b4   0x080025b4   0x00000014   Code   RO          988    i.Red_LED_On        led.o
    0x080025c8   0x080025c8   0x0000000a   Code   RO          323    i.StartDefaultTask  freertos.o
    0x080025d2   0x080025d2   0x00000002   PAD
    0x080025d4   0x080025d4   0x00000034   Code   RO         5649    i.SysTick_Handler   port.o
    0x08002608   0x08002608   0x000000b8   Code   RO          216    i.SystemClock_Config  main.o
    0x080026c0   0x080026c0   0x00000050   Code   RO         4438    i.SystemInit        system_stm32l4xx.o
    0x08002710   0x08002710   0x00000184   Code   RO         1085    i.System_Clock_Init  sysclock.o
    0x08002894   0x08002894   0x00000010   Code   RO          470    i.TIM1_UP_TIM16_IRQHandler  stm32l4xx_it.o
    0x080028a4   0x080028a4   0x000000cc   Code   RO         1300    i.TIM_Base_SetConfig  stm32l4xx_hal_tim.o
    0x08002970   0x08002970   0x000000f8   Code   RO         2162    i.UART_AdvFeatureConfig  stm32l4xx_hal_uart.o
    0x08002a68   0x08002a68   0x00000074   Code   RO         2163    i.UART_CheckIdleState  stm32l4xx_hal_uart.o
    0x08002adc   0x08002adc   0x00000492   Code   RO         2179    i.UART_SetConfig    stm32l4xx_hal_uart.o
    0x08002f6e   0x08002f6e   0x0000006c   Code   RO         2182    i.UART_WaitOnFlagUntilTimeout  stm32l4xx_hal_uart.o
    0x08002fda   0x08002fda   0x00000002   PAD
    0x08002fdc   0x08002fdc   0x0000003c   Code   RO          413    i.USART_Printf      usart.o
    0x08003018   0x08003018   0x00000004   Code   RO          471    i.UsageFault_Handler  stm32l4xx_it.o
    0x0800301c   0x0800301c   0x0000002c   Code   RO         5748    i.__0vsnprintf      mc_w.l(printfa.o)
    0x08003048   0x08003048   0x0000000e   Code   RO         5818    i.__scatterload_copy  mc_w.l(handlers.o)
    0x08003056   0x08003056   0x00000002   Code   RO         5819    i.__scatterload_null  mc_w.l(handlers.o)
    0x08003058   0x08003058   0x0000000e   Code   RO         5820    i.__scatterload_zeroinit  mc_w.l(handlers.o)
    0x08003066   0x08003066   0x00000002   PAD
    0x08003068   0x08003068   0x0000018a   Code   RO         5750    i._fp_digits        mc_w.l(printfa.o)
    0x080031f2   0x080031f2   0x00000002   PAD
    0x080031f4   0x080031f4   0x000006e2   Code   RO         5751    i._printf_core      mc_w.l(printfa.o)
    0x080038d6   0x080038d6   0x00000024   Code   RO         5752    i._printf_post_padding  mc_w.l(printfa.o)
    0x080038fa   0x080038fa   0x0000002e   Code   RO         5753    i._printf_pre_padding  mc_w.l(printfa.o)
    0x08003928   0x08003928   0x00000016   Code   RO         5754    i._snputc           mc_w.l(printfa.o)
    0x0800393e   0x0800393e   0x0000001e   Code   RO          683    i.add_output_channel  pwm.o
    0x0800395c   0x0800395c   0x0000003a   Code   RO          857    i.build_command     recipehandler.o
    0x08003996   0x08003996   0x0000000a   Code   RO          899    i.calibrate_servo   servoconrol.o
    0x080039a0   0x080039a0   0x0000001c   Code   RO          684    i.enable_channel    pwm.o
    0x080039bc   0x080039bc   0x00000088   Code   RO          762    i.enable_clock      pinsetup.o
    0x08003a44   0x08003a44   0x00000010   Code   RO          901    i.execute_CMD       servoconrol.o
    0x08003a54   0x08003a54   0x00000088   Code   RO          902    i.getDutyCycle      servoconrol.o
    0x08003adc   0x08003adc   0x00000062   Code   RO          763    i.get_AF_base_mask  pinsetup.o
    0x08003b3e   0x08003b3e   0x00000002   PAD
    0x08003b40   0x08003b40   0x00000054   Code   RO          764    i.get_GPIOx         pinsetup.o
    0x08003b94   0x08003b94   0x0000002c   Code   RO          903    i.get_current_pos_value  servoconrol.o
    0x08003bc0   0x08003bc0   0x0000000e   Code   RO          904    i.get_difference    servoconrol.o
    0x08003bce   0x08003bce   0x0000007e   Code   RO          858    i.get_next_command  recipehandler.o
    0x08003c4c   0x08003c4c   0x0000002c   Code   RO          905    i.get_position      servoconrol.o
    0x08003c78   0x08003c78   0x00000050   Code   RO          906    i.get_puls_width    servoconrol.o
    0x08003cc8   0x08003cc8   0x00000014   Code   RO          685    i.init_PWM          pwm.o
    0x08003cdc   0x08003cdc   0x00000028   Code   RO          686    i.init_clock        pwm.o
    0x08003d04   0x08003d04   0x0000003a   Code   RO          765    i.init_pinX         pinsetup.o
    0x08003d3e   0x08003d3e   0x00000010   Code   RO          859    i.init_recipe       recipehandler.o
    0x08003d4e   0x08003d4e   0x0000001a   Code   RO          907    i.init_servo        servoconrol.o
    0x08003d68   0x08003d68   0x000000bc   Code   RO          595    i.init_servo_task   servo_task.o
    0x08003e24   0x08003e24   0x00000014   Code   RO         1044    i.init_timer        timetracker.o
    0x08003e38   0x08003e38   0x00000008   Code   RO         1045    i.init_timer_clock  timetracker.o
    0x08003e40   0x08003e40   0x00000016   Code   RO          596    i.led_off           servo_task.o
    0x08003e56   0x08003e56   0x00000016   Code   RO          597    i.led_on            servo_task.o
    0x08003e6c   0x08003e6c   0x000001a8   Code   RO          217    i.main              main.o
    0x08004014   0x08004014   0x0000000e   Code   RO         5223    i.makeFreeRtosPriority  cmsis_os.o
    0x08004022   0x08004022   0x00000026   Code   RO          766    i.mode_bit_config   pinsetup.o
    0x08004048   0x08004048   0x00000036   Code   RO          767    i.mode_mask         pinsetup.o
    0x0800407e   0x0800407e   0x00000018   Code   RO         5225    i.osDelay           cmsis_os.o
    0x08004096   0x08004096   0x0000000a   Code   RO         5228    i.osKernelStart     cmsis_os.o
    0x080040a0   0x080040a0   0x00000030   Code   RO         5262    i.osThreadCreate    cmsis_os.o
    0x080040d0   0x080040d0   0x00000098   Code   RO         4916    i.prvAddCurrentTaskToDelayedList  tasks.o
    0x08004168   0x08004168   0x000000b4   Code   RO         4917    i.prvAddNewTaskToReadyList  tasks.o
    0x0800421c   0x0800421c   0x00000048   Code   RO         4918    i.prvCheckTasksWaitingTermination  tasks.o
    0x08004264   0x08004264   0x00000012   Code   RO         4919    i.prvDeleteTCB      tasks.o
    0x08004276   0x08004276   0x00000002   PAD
    0x08004278   0x08004278   0x0000007c   Code   RO         5587    i.prvHeapInit       heap_4.o
    0x080042f4   0x080042f4   0x00000028   Code   RO         4920    i.prvIdleTask       tasks.o
    0x0800431c   0x0800431c   0x000000b0   Code   RO         4921    i.prvInitialiseNewTask  tasks.o
    0x080043cc   0x080043cc   0x00000068   Code   RO         4922    i.prvInitialiseTaskLists  tasks.o
    0x08004434   0x08004434   0x00000068   Code   RO         5588    i.prvInsertBlockIntoFreeList  heap_4.o
    0x0800449c   0x0800449c   0x00000034   Code   RO         4923    i.prvResetNextTaskUnblockTime  tasks.o
    0x080044d0   0x080044d0   0x00000040   Code   RO         5650    i.prvTaskExitError  port.o
    0x08004510   0x08004510   0x0000013c   Code   RO         5589    i.pvPortMalloc      heap_4.o
    0x0800464c   0x0800464c   0x0000002c   Code   RO         5651    i.pxPortInitialiseStack  port.o
    0x08004678   0x08004678   0x0000003c   Code   RO          598    i.servo_task        servo_task.o
    0x080046b4   0x080046b4   0x00000056   Code   RO          772    i.set_ALT_function  pinsetup.o
    0x0800470a   0x0800470a   0x0000000e   Code   RO          687    i.set_PSC_and_count  pwm.o
    0x08004718   0x08004718   0x0000009c   Code   RO          688    i.set_PWM_mode      pwm.o
    0x080047b4   0x080047b4   0x0000005c   Code   RO          689    i.set_PWM_output_enable  pwm.o
    0x08004810   0x08004810   0x0000005c   Code   RO          690    i.set_PWM_preload_enable  pwm.o
    0x0800486c   0x0800486c   0x00000014   Code   RO          691    i.set_output_pin    pwm.o
    0x08004880   0x08004880   0x00000034   Code   RO          692    i.set_puls_width    pwm.o
    0x080048b4   0x080048b4   0x00000062   Code   RO          908    i.set_servo_position  servoconrol.o
    0x08004916   0x08004916   0x00000002   PAD
    0x08004918   0x08004918   0x00000044   Code   RO         1046    i.start_clock       timetracker.o
    0x0800495c   0x0800495c   0x00000028   Code   RO         4569    i.uxListRemove      list.o
    0x08004984   0x08004984   0x0000001a   Code   RO         4570    i.vListInitialise   list.o
    0x0800499e   0x0800499e   0x00000006   Code   RO         4571    i.vListInitialiseItem  list.o
    0x080049a4   0x080049a4   0x00000034   Code   RO         4572    i.vListInsert       list.o
    0x080049d8   0x080049d8   0x00000018   Code   RO         4573    i.vListInsertEnd    list.o
    0x080049f0   0x080049f0   0x00000054   Code   RO         5653    i.vPortEnterCritical  port.o
    0x08004a44   0x08004a44   0x0000003c   Code   RO         5654    i.vPortExitCritical  port.o
    0x08004a80   0x08004a80   0x00000094   Code   RO         5590    i.vPortFree         heap_4.o
    0x08004b14   0x08004b14   0x00000028   Code   RO         5655    i.vPortSetupTimerInterrupt  port.o
    0x08004b3c   0x08004b3c   0x0000005c   Code   RO         4931    i.vTaskDelay        tasks.o
    0x08004b98   0x08004b98   0x00000088   Code   RO         4944    i.vTaskStartScheduler  tasks.o
    0x08004c20   0x08004c20   0x00000010   Code   RO         4946    i.vTaskSuspendAll   tasks.o
    0x08004c30   0x08004c30   0x0000008c   Code   RO         4947    i.vTaskSwitchContext  tasks.o
    0x08004cbc   0x08004cbc   0x00000032   Code   RO          860    i.validat_opcode    recipehandler.o
    0x08004cee   0x08004cee   0x00000002   PAD
    0x08004cf0   0x08004cf0   0x00000168   Code   RO         5657    i.xPortStartScheduler  port.o
    0x08004e58   0x08004e58   0x00000066   Code   RO         4949    i.xTaskCreate       tasks.o
    0x08004ebe   0x08004ebe   0x00000002   PAD
    0x08004ec0   0x08004ec0   0x00000148   Code   RO         4956    i.xTaskIncrementTick  tasks.o
    0x08005008   0x08005008   0x00000104   Code   RO         4962    i.xTaskResumeAll    tasks.o
    0x0800510c   0x0800510c   0x00000018   Data   RO          218    .constdata          main.o
    0x08005124   0x08005124   0x00000014   Data   RO          324    .constdata          freertos.o
    0x08005138   0x08005138   0x00000048   Data   RO         4439    .constdata          system_stm32l4xx.o
    0x08005180   0x08005180   0x0000000c   Data   RO          325    .conststring        freertos.o
    0x0800518c   0x0800518c   0x00000020   Data   RO         5816    Region$$Table       anon$$obj.o


    Execution Region RW_IRAM1 (Exec base: 0x20000000, Load base: 0x080051ac, Size: 0x000106d8, Max: 0x00018000, ABSOLUTE)

    Exec Addr    Load Addr    Size         Type   Attr      Idx    E Section Name        Object

    0x20000000   0x080051ac   0x00000004   Data   RW          326    .data               freertos.o
    0x20000004   0x080051b0   0x00000004   Data   RW         2587    .data               stm32l4xx_hal.o
    0x20000008   0x080051b4   0x00000004   Data   RW         4440    .data               system_stm32l4xx.o
    0x2000000c   0x080051b8   0x0000003c   Data   RW         4965    .data               tasks.o
    0x20000048   0x080051f4   0x00000018   Data   RW         5595    .data               heap_4.o
    0x20000060   0x0800520c   0x0000000c   Data   RW         5658    .data               port.o
    0x2000006c        -       0x00000010   Zero   RW          371    .bss                rng.o
    0x2000007c        -       0x00000078   Zero   RW          414    .bss                usart.o
    0x200000f4        -       0x00000040   Zero   RW          556    .bss                stm32l4xx_hal_timebase_tim.o
    0x20000134   0x08005218   0x00000004   PAD
    0x20000138        -       0x000000b0   Zero   RW          599    .bss                servo_task.o
    0x200001e8        -       0x000000f0   Zero   RW         4964    .bss                tasks.o
    0x200002d8        -       0x00010000   Zero   RW         5594    .bss                heap_4.o
    0x200102d8        -       0x00000400   Zero   RW            1    STACK               startup_stm32l476xx.o


==============================================================================

Image component sizes


      Code (inc. data)   RO Data    RW Data    ZI Data      Debug   Object Name

        96          0          0          0          0      12715   cmsis_os.o
         0          0          0          0          0       9604   event_groups.o
        50         10         32          4          0       5314   freertos.o
       180         12          0          0          0        987   gpio.o
       692         62          0         24      65536       7563   heap_4.o
       236         36          0          0          0       2389   led.o
         0          0          0          0          0     844692   led_task.o
       148          0          0          0          0       3770   list.o
       634        194         24          0          0       4844   main.o
       554         64          0          0          0       4683   pinsetup.o
       926         78          0         12          0      11528   port.o
       544         12          0          0          0       5756   pwm.o
       250          0          0          0          0       3078   recipehandler.o
        80         18          0          0         16       1583   rng.o
       292         40          0          0        176       6741   servo_task.o
       468         32          0          0          0       6266   servoconrol.o
        36          8        392          0       1024        884   startup_stm32l476xx.o
        58         10          0          4          0       3056   stm32l4xx_hal.o
       252         22          0          0          0      30330   stm32l4xx_hal_cortex.o
       526         36          0          0          0       2424   stm32l4xx_hal_gpio.o
        72          4          0          0          0        894   stm32l4xx_hal_msp.o
       156         18          0          0          0       1426   stm32l4xx_hal_pwr_ex.o
      2516        108          0          0          0       8205   stm32l4xx_hal_rcc.o
      1988         48          0          0          0       4072   stm32l4xx_hal_rcc_ex.o
        52          0          0          0          0       1143   stm32l4xx_hal_rng.o
       774         40          0          0          0       6682   stm32l4xx_hal_tim.o
         6          0          0          0          0       2301   stm32l4xx_hal_tim_ex.o
       136         18          0          0         64       1547   stm32l4xx_hal_timebase_tim.o
      1962         50          0          0          0       6229   stm32l4xx_hal_uart.o
        36          6          0          0          0       3480   stm32l4xx_it.o
       388          8          0          0          0        668   sysclock.o
        80         12         72          4          0       1321   system_stm32l4xx.o
      1868        268          0         60        240      16273   tasks.o
        96         20          0          0          0       1942   timetracker.o
       244         26          0          0        120       3093   usart.o

    ----------------------------------------------------------------------
     16422       1260        552        108      67180    1027483   Object Totals
         0          0         32          0          0          0   (incl. Generated)
        26          0          0          0          4          0   (incl. Padding)

    ----------------------------------------------------------------------

      Code (inc. data)   RO Data    RW Data    ZI Data      Debug   Library Member Name

         0          0          0          0          0          0   entry.o
         0          0          0          0          0          0   entry10a.o
         0          0          0          0          0          0   entry11a.o
         8          4          0          0          0          0   entry2.o
         4          0          0          0          0          0   entry5.o
         0          0          0          0          0          0   entry7b.o
         0          0          0          0          0          0   entry8b.o
         8          4          0          0          0          0   entry9a.o
        30          0          0          0          0          0   handlers.o
        36          8          0          0          0         68   init.o
         0          0          0          0          0          0   iusefp.o
        30          0          0          0          0         68   llshl.o
        36          0          0          0          0         68   llsshr.o
        32          0          0          0          0         68   llushr.o
        36          0          0          0          0         68   memcpya.o
        36          0          0          0          0        108   memseta.o
      2304         84          0          0          0        516   printfa.o
        14          0          0          0          0         68   strlen.o
        24          0          0          0          0         76   strncpy.o
        44          0          0          0          0         80   uidiv.o
       104          0          0          0          0         92   uldiv.o
        48          0          0          0          0         68   cdrcmple.o
       350          0          0          0          0        148   dadd.o
       222          0          0          0          0        100   ddiv.o
       186          0          0          0          0        176   depilogue.o
        62          0          0          0          0         80   dfixi.o
        48          0          0          0          0         68   dfixul.o
        34          0          0          0          0         76   dflti.o
       234          0          0          0          0         96   dmul.o

    ----------------------------------------------------------------------
      3934        100          0          0          0       2092   Library Totals
         4          0          0          0          0          0   (incl. Padding)

    ----------------------------------------------------------------------

      Code (inc. data)   RO Data    RW Data    ZI Data      Debug   Library Name

      2746        100          0          0          0       1280   mc_w.l
      1184          0          0          0          0        812   mf_w.l

    ----------------------------------------------------------------------
      3934        100          0          0          0       2092   Library Totals

    ----------------------------------------------------------------------

==============================================================================


      Code (inc. data)   RO Data    RW Data    ZI Data      Debug   

     20356       1360        552        108      67180    1015087   Grand Totals
     20356       1360        552        108      67180    1015087   ELF Image Totals
     20356       1360        552        108          0          0   ROM Totals

==============================================================================

    Total RO  Size (Code + RO Data)                20908 (  20.42kB)
    Total RW  Size (RW Data + ZI Data)             67288 (  65.71kB)
    Total ROM Size (Code + RO Data + RW Data)      21016 (  20.52kB)

==============================================================================

